[2026-06-16T11:43:36.573+0000] {local_task_job_runner.py:120} INFO - ::group::Pre task execution logs
[2026-06-16T11:43:36.619+0000] {taskinstance.py:2076} INFO - Dependencies all met for dep_context=non-requeueable deps ti=<TaskInstance: 05_postgres_taxi_scheduled.load_to_staging scheduled__2019-01-01T09:00:00+00:00 [queued]>
[2026-06-16T11:43:36.631+0000] {taskinstance.py:2076} INFO - Dependencies all met for dep_context=requeueable deps ti=<TaskInstance: 05_postgres_taxi_scheduled.load_to_staging scheduled__2019-01-01T09:00:00+00:00 [queued]>
[2026-06-16T11:43:36.631+0000] {taskinstance.py:2306} INFO - Starting attempt 1 of 1
[2026-06-16T11:43:36.650+0000] {taskinstance.py:2330} INFO - Executing <Task(_PythonDecoratedOperator): load_to_staging> on 2019-01-01 09:00:00+00:00
[2026-06-16T11:43:36.659+0000] {standard_task_runner.py:90} INFO - Running: ['***', 'tasks', 'run', '05_postgres_taxi_scheduled', 'load_to_staging', 'scheduled__2019-01-01T09:00:00+00:00', '--job-id', '4', '--raw', '--subdir', 'DAGS_FOLDER/dag_05_postgres_taxi_scheduled.py', '--cfg-path', '/tmp/tmplc4rtqa9']
[2026-06-16T11:43:36.662+0000] {standard_task_runner.py:91} INFO - Job 4: Subtask load_to_staging
[2026-06-16T11:43:36.663+0000] {logging_mixin.py:188} WARNING - /home/***/.local/lib/python3.12/site-packages/***/task/task_runner/standard_task_runner.py:62 DeprecationWarning: This process (pid=262) is multi-threaded, use of fork() may lead to deadlocks in the child.
[2026-06-16T11:43:36.664+0000] {standard_task_runner.py:64} INFO - Started process 263 to run task
[2026-06-16T11:43:36.747+0000] {task_command.py:426} INFO - Running <TaskInstance: 05_postgres_taxi_scheduled.load_to_staging scheduled__2019-01-01T09:00:00+00:00 [running]> on host 23870fda014b
[2026-06-16T11:43:36.890+0000] {taskinstance.py:2648} INFO - Exporting env vars: AIRFLOW_CTX_DAG_OWNER='***' AIRFLOW_CTX_DAG_ID='05_postgres_taxi_scheduled' AIRFLOW_CTX_TASK_ID='load_to_staging' AIRFLOW_CTX_EXECUTION_DATE='2019-01-01T09:00:00+00:00' AIRFLOW_CTX_TRY_NUMBER='1' AIRFLOW_CTX_DAG_RUN_ID='scheduled__2019-01-01T09:00:00+00:00'
[2026-06-16T11:43:36.892+0000] {taskinstance.py:430} INFO - ::endgroup::
[2026-06-16T11:43:36.894+0000] {crypto.py:82} WARNING - empty cryptography key - values will not be stored encrypted.
[2026-06-16T11:43:36.895+0000] {base.py:84} INFO - Using connection ID 'postgres_zoomcamp' for task execution.
[2026-06-16T11:43:53.335+0000] {logging_mixin.py:188} INFO - Loaded 7,667,792 rows into staging
[2026-06-16T11:45:15.770+0000] {python.py:237} INFO - Done. Returned value was: None
[2026-06-16T11:45:15.771+0000] {taskinstance.py:441} INFO - ::group::Post task execution logs
[2026-06-16T11:45:15.792+0000] {taskinstance.py:1206} INFO - Marking task as SUCCESS. dag_id=05_postgres_taxi_scheduled, task_id=load_to_staging, run_id=scheduled__2019-01-01T09:00:00+00:00, execution_date=20190101T090000, start_date=20260616T114336, end_date=20260616T114515
[2026-06-16T11:45:15.871+0000] {local_task_job_runner.py:243} INFO - Task exited with return code 0
[2026-06-16T11:45:15.949+0000] {taskinstance.py:3503} INFO - 1 downstream tasks scheduled from follow-on schedule check
[2026-06-16T11:45:15.958+0000] {local_task_job_runner.py:222} INFO - ::endgroup::
