[2026-06-15T14:30:41.575+0000] {local_task_job_runner.py:120} INFO - ::group::Pre task execution logs
[2026-06-15T14:30:41.635+0000] {taskinstance.py:2076} INFO - Dependencies all met for dep_context=non-requeueable deps ti=<TaskInstance: 04_postgres_taxi.load_to_staging manual__2026-06-15T14:30:38+00:00 [queued]>
[2026-06-15T14:30:41.651+0000] {taskinstance.py:2076} INFO - Dependencies all met for dep_context=requeueable deps ti=<TaskInstance: 04_postgres_taxi.load_to_staging manual__2026-06-15T14:30:38+00:00 [queued]>
[2026-06-15T14:30:41.652+0000] {taskinstance.py:2306} INFO - Starting attempt 1 of 1
[2026-06-15T14:30:41.667+0000] {taskinstance.py:2330} INFO - Executing <Task(_PythonDecoratedOperator): load_to_staging> on 2026-06-15 14:30:38+00:00
[2026-06-15T14:30:41.678+0000] {standard_task_runner.py:90} INFO - Running: ['***', 'tasks', 'run', '04_postgres_taxi', 'load_to_staging', 'manual__2026-06-15T14:30:38+00:00', '--job-id', '26', '--raw', '--subdir', 'DAGS_FOLDER/dag_04_postgres_taxi.py', '--cfg-path', '/tmp/tmp4wt3h1nr']
[2026-06-15T14:30:41.682+0000] {standard_task_runner.py:91} INFO - Job 26: Subtask load_to_staging
[2026-06-15T14:30:41.683+0000] {logging_mixin.py:188} WARNING - /home/***/.local/lib/python3.12/site-packages/***/task/task_runner/standard_task_runner.py:62 DeprecationWarning: This process (pid=1754) is multi-threaded, use of fork() may lead to deadlocks in the child.
[2026-06-15T14:30:41.684+0000] {standard_task_runner.py:64} INFO - Started process 1755 to run task
[2026-06-15T14:30:41.771+0000] {task_command.py:426} INFO - Running <TaskInstance: 04_postgres_taxi.load_to_staging manual__2026-06-15T14:30:38+00:00 [running]> on host b107edefa4b1
[2026-06-15T14:30:41.947+0000] {taskinstance.py:2648} INFO - Exporting env vars: AIRFLOW_CTX_DAG_OWNER='***' AIRFLOW_CTX_DAG_ID='04_postgres_taxi' AIRFLOW_CTX_TASK_ID='load_to_staging' AIRFLOW_CTX_EXECUTION_DATE='2026-06-15T14:30:38+00:00' AIRFLOW_CTX_TRY_NUMBER='1' AIRFLOW_CTX_DAG_RUN_ID='manual__2026-06-15T14:30:38+00:00'
[2026-06-15T14:30:41.949+0000] {taskinstance.py:430} INFO - ::endgroup::
[2026-06-15T14:30:41.952+0000] {crypto.py:82} WARNING - empty cryptography key - values will not be stored encrypted.
[2026-06-15T14:30:41.953+0000] {base.py:84} INFO - Using connection ID 'postgres_zoomcamp' for task execution.
[2026-06-15T14:30:41.969+0000] {taskinstance.py:441} INFO - ::group::Post task execution logs
[2026-06-15T14:30:41.970+0000] {taskinstance.py:2905} ERROR - Task failed with exception
Traceback (most recent call last):
  File "/home/airflow/.local/lib/python3.12/site-packages/airflow/models/taskinstance.py", line 465, in _execute_task
    result = _execute_callable(context=context, **execute_callable_kwargs)
             ^^^^^^^^^^^^^^^^^^^^^^^^^^^^^^^^^^^^^^^^^^^^^^^^^^^^^^^^^^^^^
  File "/home/airflow/.local/lib/python3.12/site-packages/airflow/models/taskinstance.py", line 432, in _execute_callable
    return execute_callable(context=context, **execute_callable_kwargs)
           ^^^^^^^^^^^^^^^^^^^^^^^^^^^^^^^^^^^^^^^^^^^^^^^^^^^^^^^^^^^^
  File "/home/airflow/.local/lib/python3.12/site-packages/airflow/models/baseoperator.py", line 401, in wrapper
    return func(self, *args, **kwargs)
           ^^^^^^^^^^^^^^^^^^^^^^^^^^^
  File "/home/airflow/.local/lib/python3.12/site-packages/airflow/decorators/base.py", line 265, in execute
    return_value = super().execute(context)
                   ^^^^^^^^^^^^^^^^^^^^^^^^
  File "/home/airflow/.local/lib/python3.12/site-packages/airflow/models/baseoperator.py", line 401, in wrapper
    return func(self, *args, **kwargs)
           ^^^^^^^^^^^^^^^^^^^^^^^^^^^
  File "/home/airflow/.local/lib/python3.12/site-packages/airflow/operators/python.py", line 235, in execute
    return_value = self.execute_callable()
                   ^^^^^^^^^^^^^^^^^^^^^^^
  File "/home/airflow/.local/lib/python3.12/site-packages/airflow/operators/python.py", line 252, in execute_callable
    return self.python_callable(*self.op_args, **self.op_kwargs)
           ^^^^^^^^^^^^^^^^^^^^^^^^^^^^^^^^^^^^^^^^^^^^^^^^^^^^^
  File "/opt/airflow/dags/dag_04_postgres_taxi.py", line 152, in load_to_staging
    cur.copy_expert(copy_sql, f)
psycopg2.errors.UndefinedColumn: column "ehail_fee" of relation "green_tripdata_staging" does not exist

[2026-06-15T14:30:41.988+0000] {taskinstance.py:1206} INFO - Marking task as FAILED. dag_id=04_postgres_taxi, task_id=load_to_staging, run_id=manual__2026-06-15T14:30:38+00:00, execution_date=20260615T143038, start_date=20260615T143041, end_date=20260615T143041
[2026-06-15T14:30:42.002+0000] {standard_task_runner.py:110} ERROR - Failed to execute job 26 for task load_to_staging (column "ehail_fee" of relation "green_tripdata_staging" does not exist
; 1755)
[2026-06-15T14:30:42.021+0000] {local_task_job_runner.py:243} INFO - Task exited with return code 1
[2026-06-15T14:30:42.058+0000] {taskinstance.py:3503} INFO - 0 downstream tasks scheduled from follow-on schedule check
[2026-06-15T14:30:42.065+0000] {local_task_job_runner.py:222} INFO - ::endgroup::
