[2026-06-16T12:39:07.439+0000] {local_task_job_runner.py:120} INFO - ::group::Pre task execution logs
[2026-06-16T12:39:07.505+0000] {taskinstance.py:2076} INFO - Dependencies all met for dep_context=non-requeueable deps ti=<TaskInstance: 09_gcp_taxi_scheduled.create_bq_table scheduled__2019-02-01T09:00:00+00:00 [queued]>
[2026-06-16T12:39:07.515+0000] {taskinstance.py:2076} INFO - Dependencies all met for dep_context=requeueable deps ti=<TaskInstance: 09_gcp_taxi_scheduled.create_bq_table scheduled__2019-02-01T09:00:00+00:00 [queued]>
[2026-06-16T12:39:07.515+0000] {taskinstance.py:2306} INFO - Starting attempt 1 of 1
[2026-06-16T12:39:07.532+0000] {taskinstance.py:2330} INFO - Executing <Task(_PythonDecoratedOperator): create_bq_table> on 2019-02-01 09:00:00+00:00
[2026-06-16T12:39:07.542+0000] {standard_task_runner.py:90} INFO - Running: ['***', 'tasks', 'run', '09_gcp_taxi_scheduled', 'create_bq_table', 'scheduled__2019-02-01T09:00:00+00:00', '--job-id', '21', '--raw', '--subdir', 'DAGS_FOLDER/dag_09_gcp_taxi_scheduled.py', '--cfg-path', '/tmp/tmpasnj3_tn']
[2026-06-16T12:39:07.546+0000] {standard_task_runner.py:91} INFO - Job 21: Subtask create_bq_table
[2026-06-16T12:39:07.547+0000] {logging_mixin.py:188} WARNING - /home/***/.local/lib/python3.12/site-packages/***/task/task_runner/standard_task_runner.py:62 DeprecationWarning: This process (pid=1802) is multi-threaded, use of fork() may lead to deadlocks in the child.
[2026-06-16T12:39:07.548+0000] {standard_task_runner.py:64} INFO - Started process 1803 to run task
[2026-06-16T12:39:07.637+0000] {task_command.py:426} INFO - Running <TaskInstance: 09_gcp_taxi_scheduled.create_bq_table scheduled__2019-02-01T09:00:00+00:00 [running]> on host d737cea85a57
[2026-06-16T12:39:07.794+0000] {taskinstance.py:2648} INFO - Exporting env vars: AIRFLOW_CTX_DAG_OWNER='***' AIRFLOW_CTX_DAG_ID='09_gcp_taxi_scheduled' AIRFLOW_CTX_TASK_ID='create_bq_table' AIRFLOW_CTX_EXECUTION_DATE='2019-02-01T09:00:00+00:00' AIRFLOW_CTX_TRY_NUMBER='1' AIRFLOW_CTX_DAG_RUN_ID='scheduled__2019-02-01T09:00:00+00:00'
[2026-06-16T12:39:07.796+0000] {taskinstance.py:430} INFO - ::endgroup::
[2026-06-16T12:39:09.169+0000] {crypto.py:82} WARNING - empty cryptography key - values will not be stored encrypted.
[2026-06-16T12:39:09.169+0000] {connection.py:274} WARNING - Connection schemes (type: google_cloud_platform) shall not contain '_' according to RFC3986.
[2026-06-16T12:39:09.170+0000] {base.py:84} INFO - Using connection ID 'google_cloud_default' for task execution.
[2026-06-16T12:39:09.630+0000] {logging_mixin.py:188} INFO - BigQuery table verified/created: dtc-de-course-497317.trips_data_all.yellow_tripdata_2019_02
[2026-06-16T12:39:09.631+0000] {python.py:237} INFO - Done. Returned value was: None
[2026-06-16T12:39:09.632+0000] {taskinstance.py:441} INFO - ::group::Post task execution logs
[2026-06-16T12:39:09.654+0000] {taskinstance.py:1206} INFO - Marking task as SUCCESS. dag_id=09_gcp_taxi_scheduled, task_id=create_bq_table, run_id=scheduled__2019-02-01T09:00:00+00:00, execution_date=20190201T090000, start_date=20260616T123907, end_date=20260616T123909
[2026-06-16T12:39:09.699+0000] {local_task_job_runner.py:243} INFO - Task exited with return code 0
[2026-06-16T12:39:09.744+0000] {taskinstance.py:3503} INFO - 0 downstream tasks scheduled from follow-on schedule check
[2026-06-16T12:39:09.747+0000] {local_task_job_runner.py:222} INFO - ::endgroup::
[2026-06-21T17:02:23.609+0000] {local_task_job_runner.py:120} INFO - ::group::Pre task execution logs
[2026-06-21T17:02:23.655+0000] {taskinstance.py:2076} INFO - Dependencies all met for dep_context=non-requeueable deps ti=<TaskInstance: 09_gcp_taxi_scheduled.create_bq_table scheduled__2019-02-01T09:00:00+00:00 [queued]>
[2026-06-21T17:02:23.665+0000] {taskinstance.py:2076} INFO - Dependencies all met for dep_context=requeueable deps ti=<TaskInstance: 09_gcp_taxi_scheduled.create_bq_table scheduled__2019-02-01T09:00:00+00:00 [queued]>
[2026-06-21T17:02:23.666+0000] {taskinstance.py:2306} INFO - Starting attempt 1 of 1
[2026-06-21T17:02:23.687+0000] {taskinstance.py:2330} INFO - Executing <Task(_PythonDecoratedOperator): create_bq_table> on 2019-02-01 09:00:00+00:00
[2026-06-21T17:02:23.701+0000] {standard_task_runner.py:90} INFO - Running: ['***', 'tasks', 'run', '09_gcp_taxi_scheduled', 'create_bq_table', 'scheduled__2019-02-01T09:00:00+00:00', '--job-id', '8', '--raw', '--subdir', 'DAGS_FOLDER/dag_09_gcp_taxi_scheduled.py', '--cfg-path', '/tmp/tmpau78q7ku']
[2026-06-21T17:02:23.706+0000] {standard_task_runner.py:91} INFO - Job 8: Subtask create_bq_table
[2026-06-21T17:02:23.706+0000] {logging_mixin.py:188} WARNING - /home/***/.local/lib/python3.12/site-packages/***/task/task_runner/standard_task_runner.py:62 DeprecationWarning: This process (pid=795) is multi-threaded, use of fork() may lead to deadlocks in the child.
[2026-06-21T17:02:23.708+0000] {standard_task_runner.py:64} INFO - Started process 798 to run task
[2026-06-21T17:02:23.811+0000] {task_command.py:426} INFO - Running <TaskInstance: 09_gcp_taxi_scheduled.create_bq_table scheduled__2019-02-01T09:00:00+00:00 [running]> on host 70102c0d5da9
[2026-06-21T17:02:23.959+0000] {taskinstance.py:2648} INFO - Exporting env vars: AIRFLOW_CTX_DAG_OWNER='***' AIRFLOW_CTX_DAG_ID='09_gcp_taxi_scheduled' AIRFLOW_CTX_TASK_ID='create_bq_table' AIRFLOW_CTX_EXECUTION_DATE='2019-02-01T09:00:00+00:00' AIRFLOW_CTX_TRY_NUMBER='1' AIRFLOW_CTX_DAG_RUN_ID='scheduled__2019-02-01T09:00:00+00:00'
[2026-06-21T17:02:23.960+0000] {taskinstance.py:430} INFO - ::endgroup::
[2026-06-21T17:02:25.182+0000] {crypto.py:82} WARNING - empty cryptography key - values will not be stored encrypted.
[2026-06-21T17:02:25.182+0000] {connection.py:274} WARNING - Connection schemes (type: google_cloud_platform) shall not contain '_' according to RFC3986.
[2026-06-21T17:02:25.184+0000] {base.py:84} INFO - Using connection ID 'google_cloud_default' for task execution.
[2026-06-21T17:02:25.748+0000] {logging_mixin.py:188} INFO - BigQuery table verified/created: dtc-de-course-497317.trips_data_all.yellow_tripdata_2019_02
[2026-06-21T17:02:25.748+0000] {python.py:237} INFO - Done. Returned value was: None
[2026-06-21T17:02:25.749+0000] {taskinstance.py:441} INFO - ::group::Post task execution logs
[2026-06-21T17:02:25.765+0000] {taskinstance.py:1206} INFO - Marking task as SUCCESS. dag_id=09_gcp_taxi_scheduled, task_id=create_bq_table, run_id=scheduled__2019-02-01T09:00:00+00:00, execution_date=20190201T090000, start_date=20260621T170223, end_date=20260621T170225
[2026-06-21T17:02:25.817+0000] {local_task_job_runner.py:243} INFO - Task exited with return code 0
[2026-06-21T17:02:25.863+0000] {taskinstance.py:3503} INFO - 0 downstream tasks scheduled from follow-on schedule check
[2026-06-21T17:02:25.867+0000] {local_task_job_runner.py:222} INFO - ::endgroup::
