[2026-06-15T14:29:42.743+0000] {local_task_job_runner.py:120} INFO - ::group::Pre task execution logs
[2026-06-15T14:29:42.818+0000] {taskinstance.py:2076} INFO - Dependencies all met for dep_context=non-requeueable deps ti=<TaskInstance: 04_postgres_taxi.create_tables manual__2026-06-15T14:29:41+00:00 [queued]>
[2026-06-15T14:29:42.831+0000] {taskinstance.py:2076} INFO - Dependencies all met for dep_context=requeueable deps ti=<TaskInstance: 04_postgres_taxi.create_tables manual__2026-06-15T14:29:41+00:00 [queued]>
[2026-06-15T14:29:42.831+0000] {taskinstance.py:2306} INFO - Starting attempt 1 of 1
[2026-06-15T14:29:42.854+0000] {taskinstance.py:2330} INFO - Executing <Task(_PythonDecoratedOperator): create_tables> on 2026-06-15 14:29:41+00:00
[2026-06-15T14:29:42.869+0000] {standard_task_runner.py:90} INFO - Running: ['***', 'tasks', 'run', '04_postgres_taxi', 'create_tables', 'manual__2026-06-15T14:29:41+00:00', '--job-id', '22', '--raw', '--subdir', 'DAGS_FOLDER/dag_04_postgres_taxi.py', '--cfg-path', '/tmp/tmp5wt9n0aa']
[2026-06-15T14:29:42.875+0000] {standard_task_runner.py:91} INFO - Job 22: Subtask create_tables
[2026-06-15T14:29:42.879+0000] {logging_mixin.py:188} WARNING - /home/***/.local/lib/python3.12/site-packages/***/task/task_runner/standard_task_runner.py:62 DeprecationWarning: This process (pid=1691) is multi-threaded, use of fork() may lead to deadlocks in the child.
[2026-06-15T14:29:42.880+0000] {standard_task_runner.py:64} INFO - Started process 1692 to run task
[2026-06-15T14:29:42.979+0000] {task_command.py:426} INFO - Running <TaskInstance: 04_postgres_taxi.create_tables manual__2026-06-15T14:29:41+00:00 [running]> on host b107edefa4b1
[2026-06-15T14:29:43.228+0000] {taskinstance.py:2648} INFO - Exporting env vars: AIRFLOW_CTX_DAG_OWNER='***' AIRFLOW_CTX_DAG_ID='04_postgres_taxi' AIRFLOW_CTX_TASK_ID='create_tables' AIRFLOW_CTX_EXECUTION_DATE='2026-06-15T14:29:41+00:00' AIRFLOW_CTX_TRY_NUMBER='1' AIRFLOW_CTX_DAG_RUN_ID='manual__2026-06-15T14:29:41+00:00'
[2026-06-15T14:29:43.231+0000] {taskinstance.py:430} INFO - ::endgroup::
[2026-06-15T14:29:43.235+0000] {crypto.py:82} WARNING - empty cryptography key - values will not be stored encrypted.
[2026-06-15T14:29:43.236+0000] {base.py:84} INFO - Using connection ID 'postgres_zoomcamp' for task execution.
[2026-06-15T14:29:43.252+0000] {sql.py:495} INFO - Running statement: 
            CREATE TABLE IF NOT EXISTS public.green_tripdata_staging (
                "unique_row_id" TEXT,
    "filename" TEXT,
                "VendorID" TEXT,
    "lpep_pickup_datetime" TEXT,
    "lpep_dropoff_datetime" TEXT,
    "store_and_fwd_flag" TEXT,
    "RatecodeID" TEXT,
    "PULocationID" TEXT,
    "DOLocationID" TEXT,
    "passenger_count" TEXT,
    "trip_distance" TEXT,
    "fare_amount" TEXT,
    "extra" TEXT,
    "mta_tax" TEXT,
    "tip_amount" TEXT,
    "tolls_amount" TEXT,
    "improvement_surcharge" TEXT,
    "total_amount" TEXT,
    "payment_type" TEXT,
    "trip_type" TEXT,
    "congestion_surcharge" TEXT
            );
        , parameters: None
[2026-06-15T14:29:43.262+0000] {base.py:84} INFO - Using connection ID 'postgres_zoomcamp' for task execution.
[2026-06-15T14:29:43.282+0000] {sql.py:495} INFO - Running statement: 
            CREATE TABLE IF NOT EXISTS public.green_tripdata (
                "unique_row_id" TEXT,
    "filename" TEXT,
                "VendorID" TEXT,
    "lpep_pickup_datetime" TEXT,
    "lpep_dropoff_datetime" TEXT,
    "store_and_fwd_flag" TEXT,
    "RatecodeID" TEXT,
    "PULocationID" TEXT,
    "DOLocationID" TEXT,
    "passenger_count" TEXT,
    "trip_distance" TEXT,
    "fare_amount" TEXT,
    "extra" TEXT,
    "mta_tax" TEXT,
    "tip_amount" TEXT,
    "tolls_amount" TEXT,
    "improvement_surcharge" TEXT,
    "total_amount" TEXT,
    "payment_type" TEXT,
    "trip_type" TEXT,
    "congestion_surcharge" TEXT
            );
        , parameters: None
[2026-06-15T14:29:43.309+0000] {logging_mixin.py:188} INFO - Tables ready: green_tripdata_staging, green_tripdata
[2026-06-15T14:29:43.310+0000] {python.py:237} INFO - Done. Returned value was: None
[2026-06-15T14:29:43.310+0000] {taskinstance.py:441} INFO - ::group::Post task execution logs
[2026-06-15T14:29:43.342+0000] {taskinstance.py:1206} INFO - Marking task as SUCCESS. dag_id=04_postgres_taxi, task_id=create_tables, run_id=manual__2026-06-15T14:29:41+00:00, execution_date=20260615T142941, start_date=20260615T142942, end_date=20260615T142943
[2026-06-15T14:29:43.380+0000] {local_task_job_runner.py:243} INFO - Task exited with return code 0
[2026-06-15T14:29:43.418+0000] {taskinstance.py:3503} INFO - 0 downstream tasks scheduled from follow-on schedule check
[2026-06-15T14:29:43.424+0000] {local_task_job_runner.py:222} INFO - ::endgroup::
