[2026-06-16T11:46:22.970+0000] {local_task_job_runner.py:120} INFO - ::group::Pre task execution logs
[2026-06-16T11:46:23.028+0000] {taskinstance.py:2076} INFO - Dependencies all met for dep_context=non-requeueable deps ti=<TaskInstance: 05_postgres_taxi_scheduled.create_tables scheduled__2019-02-01T09:00:00+00:00 [queued]>
[2026-06-16T11:46:23.041+0000] {taskinstance.py:2076} INFO - Dependencies all met for dep_context=requeueable deps ti=<TaskInstance: 05_postgres_taxi_scheduled.create_tables scheduled__2019-02-01T09:00:00+00:00 [queued]>
[2026-06-16T11:46:23.041+0000] {taskinstance.py:2306} INFO - Starting attempt 1 of 1
[2026-06-16T11:46:23.062+0000] {taskinstance.py:2330} INFO - Executing <Task(_PythonDecoratedOperator): create_tables> on 2019-02-01 09:00:00+00:00
[2026-06-16T11:46:23.073+0000] {standard_task_runner.py:90} INFO - Running: ['***', 'tasks', 'run', '05_postgres_taxi_scheduled', 'create_tables', 'scheduled__2019-02-01T09:00:00+00:00', '--job-id', '10', '--raw', '--subdir', 'DAGS_FOLDER/dag_05_postgres_taxi_scheduled.py', '--cfg-path', '/tmp/tmp8oaaj5ze']
[2026-06-16T11:46:23.081+0000] {standard_task_runner.py:91} INFO - Job 10: Subtask create_tables
[2026-06-16T11:46:23.082+0000] {logging_mixin.py:188} WARNING - /home/***/.local/lib/python3.12/site-packages/***/task/task_runner/standard_task_runner.py:62 DeprecationWarning: This process (pid=413) is multi-threaded, use of fork() may lead to deadlocks in the child.
[2026-06-16T11:46:23.083+0000] {standard_task_runner.py:64} INFO - Started process 415 to run task
[2026-06-16T11:46:23.173+0000] {task_command.py:426} INFO - Running <TaskInstance: 05_postgres_taxi_scheduled.create_tables scheduled__2019-02-01T09:00:00+00:00 [running]> on host 23870fda014b
[2026-06-16T11:46:23.321+0000] {taskinstance.py:2648} INFO - Exporting env vars: AIRFLOW_CTX_DAG_OWNER='***' AIRFLOW_CTX_DAG_ID='05_postgres_taxi_scheduled' AIRFLOW_CTX_TASK_ID='create_tables' AIRFLOW_CTX_EXECUTION_DATE='2019-02-01T09:00:00+00:00' AIRFLOW_CTX_TRY_NUMBER='1' AIRFLOW_CTX_DAG_RUN_ID='scheduled__2019-02-01T09:00:00+00:00'
[2026-06-16T11:46:23.322+0000] {taskinstance.py:430} INFO - ::endgroup::
[2026-06-16T11:46:23.325+0000] {crypto.py:82} WARNING - empty cryptography key - values will not be stored encrypted.
[2026-06-16T11:46:23.326+0000] {base.py:84} INFO - Using connection ID 'postgres_zoomcamp' for task execution.
[2026-06-16T11:46:23.339+0000] {sql.py:495} INFO - Running statement: DROP TABLE IF EXISTS public.yellow_tripdata_staging;, parameters: None
[2026-06-16T11:46:23.345+0000] {base.py:84} INFO - Using connection ID 'postgres_zoomcamp' for task execution.
[2026-06-16T11:46:23.355+0000] {sql.py:495} INFO - Running statement: 
            CREATE TABLE public.yellow_tripdata_staging (
                "unique_row_id" TEXT,
    "filename" TEXT,
                "VendorID" TEXT,
    "tpep_pickup_datetime" TEXT,
    "tpep_dropoff_datetime" TEXT,
    "passenger_count" TEXT,
    "trip_distance" TEXT,
    "RatecodeID" TEXT,
    "store_and_fwd_flag" TEXT,
    "PULocationID" TEXT,
    "DOLocationID" TEXT,
    "payment_type" TEXT,
    "fare_amount" TEXT,
    "extra" TEXT,
    "mta_tax" TEXT,
    "tip_amount" TEXT,
    "tolls_amount" TEXT,
    "improvement_surcharge" TEXT,
    "total_amount" TEXT,
    "congestion_surcharge" TEXT
            );
        , parameters: None
[2026-06-16T11:46:23.362+0000] {base.py:84} INFO - Using connection ID 'postgres_zoomcamp' for task execution.
[2026-06-16T11:46:23.372+0000] {sql.py:495} INFO - Running statement: DROP TABLE IF EXISTS public.yellow_tripdata;, parameters: None
[2026-06-16T11:46:23.377+0000] {base.py:84} INFO - Using connection ID 'postgres_zoomcamp' for task execution.
[2026-06-16T11:46:23.387+0000] {sql.py:495} INFO - Running statement: 
            CREATE TABLE public.yellow_tripdata (
                "unique_row_id" TEXT,
    "filename" TEXT,
                "VendorID" TEXT,
    "tpep_pickup_datetime" TEXT,
    "tpep_dropoff_datetime" TEXT,
    "passenger_count" TEXT,
    "trip_distance" TEXT,
    "RatecodeID" TEXT,
    "store_and_fwd_flag" TEXT,
    "PULocationID" TEXT,
    "DOLocationID" TEXT,
    "payment_type" TEXT,
    "fare_amount" TEXT,
    "extra" TEXT,
    "mta_tax" TEXT,
    "tip_amount" TEXT,
    "tolls_amount" TEXT,
    "improvement_surcharge" TEXT,
    "total_amount" TEXT,
    "congestion_surcharge" TEXT
            );
        , parameters: None
[2026-06-16T11:46:23.393+0000] {logging_mixin.py:188} INFO - Tables ready: yellow_tripdata_staging, yellow_tripdata
[2026-06-16T11:46:23.393+0000] {python.py:237} INFO - Done. Returned value was: None
[2026-06-16T11:46:23.394+0000] {taskinstance.py:441} INFO - ::group::Post task execution logs
[2026-06-16T11:46:23.411+0000] {taskinstance.py:1206} INFO - Marking task as SUCCESS. dag_id=05_postgres_taxi_scheduled, task_id=create_tables, run_id=scheduled__2019-02-01T09:00:00+00:00, execution_date=20190201T090000, start_date=20260616T114623, end_date=20260616T114623
[2026-06-16T11:46:23.459+0000] {local_task_job_runner.py:243} INFO - Task exited with return code 0
[2026-06-16T11:46:23.491+0000] {taskinstance.py:3503} INFO - 0 downstream tasks scheduled from follow-on schedule check
[2026-06-16T11:46:23.494+0000] {local_task_job_runner.py:222} INFO - ::endgroup::
