[2026-06-15T14:26:38.096+0000] {local_task_job_runner.py:120} INFO - ::group::Pre task execution logs
[2026-06-15T14:26:38.173+0000] {taskinstance.py:2076} INFO - Dependencies all met for dep_context=non-requeueable deps ti=<TaskInstance: 04_postgres_taxi.create_tables manual__2026-06-15T14:26:36+00:00 [queued]>
[2026-06-15T14:26:38.196+0000] {taskinstance.py:2076} INFO - Dependencies all met for dep_context=requeueable deps ti=<TaskInstance: 04_postgres_taxi.create_tables manual__2026-06-15T14:26:36+00:00 [queued]>
[2026-06-15T14:26:38.197+0000] {taskinstance.py:2306} INFO - Starting attempt 1 of 1
[2026-06-15T14:26:38.237+0000] {taskinstance.py:2330} INFO - Executing <Task(_PythonDecoratedOperator): create_tables> on 2026-06-15 14:26:36+00:00
[2026-06-15T14:26:38.265+0000] {standard_task_runner.py:90} INFO - Running: ['***', 'tasks', 'run', '04_postgres_taxi', 'create_tables', 'manual__2026-06-15T14:26:36+00:00', '--job-id', '16', '--raw', '--subdir', 'DAGS_FOLDER/dag_04_postgres_taxi.py', '--cfg-path', '/tmp/tmpie9oj2zn']
[2026-06-15T14:26:38.272+0000] {standard_task_runner.py:91} INFO - Job 16: Subtask create_tables
[2026-06-15T14:26:38.278+0000] {logging_mixin.py:188} WARNING - /home/***/.local/lib/python3.12/site-packages/***/task/task_runner/standard_task_runner.py:62 DeprecationWarning: This process (pid=1499) is multi-threaded, use of fork() may lead to deadlocks in the child.
[2026-06-15T14:26:38.280+0000] {standard_task_runner.py:64} INFO - Started process 1502 to run task
[2026-06-15T14:26:38.465+0000] {task_command.py:426} INFO - Running <TaskInstance: 04_postgres_taxi.create_tables manual__2026-06-15T14:26:36+00:00 [running]> on host b107edefa4b1
[2026-06-15T14:26:38.764+0000] {taskinstance.py:2648} INFO - Exporting env vars: AIRFLOW_CTX_DAG_OWNER='***' AIRFLOW_CTX_DAG_ID='04_postgres_taxi' AIRFLOW_CTX_TASK_ID='create_tables' AIRFLOW_CTX_EXECUTION_DATE='2026-06-15T14:26:36+00:00' AIRFLOW_CTX_TRY_NUMBER='1' AIRFLOW_CTX_DAG_RUN_ID='manual__2026-06-15T14:26:36+00:00'
[2026-06-15T14:26:38.769+0000] {taskinstance.py:430} INFO - ::endgroup::
[2026-06-15T14:26:38.794+0000] {taskinstance.py:441} INFO - ::group::Post task execution logs
[2026-06-15T14:26:38.818+0000] {taskinstance.py:2905} ERROR - Task failed with exception
Traceback (most recent call last):
  File "/home/airflow/.local/lib/python3.12/site-packages/airflow/models/taskinstance.py", line 465, in _execute_task
    result = _execute_callable(context=context, **execute_callable_kwargs)
             ^^^^^^^^^^^^^^^^^^^^^^^^^^^^^^^^^^^^^^^^^^^^^^^^^^^^^^^^^^^^^
  File "/home/airflow/.local/lib/python3.12/site-packages/airflow/models/taskinstance.py", line 432, in _execute_callable
    return execute_callable(context=context, **execute_callable_kwargs)
           ^^^^^^^^^^^^^^^^^^^^^^^^^^^^^^^^^^^^^^^^^^^^^^^^^^^^^^^^^^^^
  File "/home/airflow/.local/lib/python3.12/site-packages/airflow/models/baseoperator.py", line 401, in wrapper
    return func(self, *args, **kwargs)
           ^^^^^^^^^^^^^^^^^^^^^^^^^^^
  File "/home/airflow/.local/lib/python3.12/site-packages/airflow/decorators/base.py", line 265, in execute
    return_value = super().execute(context)
                   ^^^^^^^^^^^^^^^^^^^^^^^^
  File "/home/airflow/.local/lib/python3.12/site-packages/airflow/models/baseoperator.py", line 401, in wrapper
    return func(self, *args, **kwargs)
           ^^^^^^^^^^^^^^^^^^^^^^^^^^^
  File "/home/airflow/.local/lib/python3.12/site-packages/airflow/operators/python.py", line 235, in execute
    return_value = self.execute_callable()
                   ^^^^^^^^^^^^^^^^^^^^^^^
  File "/home/airflow/.local/lib/python3.12/site-packages/airflow/operators/python.py", line 252, in execute_callable
    return self.python_callable(*self.op_args, **self.op_kwargs)
           ^^^^^^^^^^^^^^^^^^^^^^^^^^^^^^^^^^^^^^^^^^^^^^^^^^^^^
  File "/opt/airflow/dags/dag_04_postgres_taxi.py", line 96, in create_tables
    hook.run(f"""
  File "/home/airflow/.local/lib/python3.12/site-packages/airflow/providers/common/sql/hooks/sql.py", line 438, in run
    with self._create_autocommit_connection(autocommit) as conn:
  File "/usr/local/lib/python3.12/contextlib.py", line 137, in __enter__
    return next(self.gen)
           ^^^^^^^^^^^^^^
  File "/home/airflow/.local/lib/python3.12/site-packages/airflow/providers/common/sql/hooks/sql.py", line 560, in _create_autocommit_connection
    with closing(self.get_conn()) as conn:
                 ^^^^^^^^^^^^^^^
  File "/home/airflow/.local/lib/python3.12/site-packages/airflow/providers/postgres/hooks/postgres.py", line 145, in get_conn
    conn = deepcopy(self.connection or self.get_connection(conn_id))
                                       ^^^^^^^^^^^^^^^^^^^^^^^^^^^^
  File "/home/airflow/.local/lib/python3.12/site-packages/airflow/hooks/base.py", line 83, in get_connection
    conn = Connection.get_connection_from_secrets(conn_id)
           ^^^^^^^^^^^^^^^^^^^^^^^^^^^^^^^^^^^^^^^^^^^^^^^
  File "/home/airflow/.local/lib/python3.12/site-packages/airflow/models/connection.py", line 519, in get_connection_from_secrets
    raise AirflowNotFoundException(f"The conn_id `{conn_id}` isn't defined")
airflow.exceptions.AirflowNotFoundException: The conn_id `postgres_zoomcamp` isn't defined
[2026-06-15T14:26:38.829+0000] {taskinstance.py:1206} INFO - Marking task as FAILED. dag_id=04_postgres_taxi, task_id=create_tables, run_id=manual__2026-06-15T14:26:36+00:00, execution_date=20260615T142636, start_date=20260615T142638, end_date=20260615T142638
[2026-06-15T14:26:38.852+0000] {standard_task_runner.py:110} ERROR - Failed to execute job 16 for task create_tables (The conn_id `postgres_zoomcamp` isn't defined; 1502)
[2026-06-15T14:26:38.874+0000] {local_task_job_runner.py:243} INFO - Task exited with return code 1
[2026-06-15T14:26:38.915+0000] {taskinstance.py:3503} INFO - 0 downstream tasks scheduled from follow-on schedule check
[2026-06-15T14:26:38.918+0000] {local_task_job_runner.py:222} INFO - ::endgroup::
