[2026-06-15T14:30:39.350+0000] {local_task_job_runner.py:120} INFO - ::group::Pre task execution logs
[2026-06-15T14:30:39.429+0000] {taskinstance.py:2076} INFO - Dependencies all met for dep_context=non-requeueable deps ti=<TaskInstance: 04_postgres_taxi.create_tables manual__2026-06-15T14:30:38+00:00 [queued]>
[2026-06-15T14:30:39.445+0000] {taskinstance.py:2076} INFO - Dependencies all met for dep_context=requeueable deps ti=<TaskInstance: 04_postgres_taxi.create_tables manual__2026-06-15T14:30:38+00:00 [queued]>
[2026-06-15T14:30:39.445+0000] {taskinstance.py:2306} INFO - Starting attempt 1 of 1
[2026-06-15T14:30:39.466+0000] {taskinstance.py:2330} INFO - Executing <Task(_PythonDecoratedOperator): create_tables> on 2026-06-15 14:30:38+00:00
[2026-06-15T14:30:39.481+0000] {standard_task_runner.py:90} INFO - Running: ['***', 'tasks', 'run', '04_postgres_taxi', 'create_tables', 'manual__2026-06-15T14:30:38+00:00', '--job-id', '25', '--raw', '--subdir', 'DAGS_FOLDER/dag_04_postgres_taxi.py', '--cfg-path', '/tmp/tmprini05qf']
[2026-06-15T14:30:39.486+0000] {standard_task_runner.py:91} INFO - Job 25: Subtask create_tables
[2026-06-15T14:30:39.487+0000] {logging_mixin.py:188} WARNING - /home/***/.local/lib/python3.12/site-packages/***/task/task_runner/standard_task_runner.py:62 DeprecationWarning: This process (pid=1750) is multi-threaded, use of fork() may lead to deadlocks in the child.
[2026-06-15T14:30:39.489+0000] {standard_task_runner.py:64} INFO - Started process 1753 to run task
[2026-06-15T14:30:39.587+0000] {task_command.py:426} INFO - Running <TaskInstance: 04_postgres_taxi.create_tables manual__2026-06-15T14:30:38+00:00 [running]> on host b107edefa4b1
[2026-06-15T14:30:39.727+0000] {taskinstance.py:2648} INFO - Exporting env vars: AIRFLOW_CTX_DAG_OWNER='***' AIRFLOW_CTX_DAG_ID='04_postgres_taxi' AIRFLOW_CTX_TASK_ID='create_tables' AIRFLOW_CTX_EXECUTION_DATE='2026-06-15T14:30:38+00:00' AIRFLOW_CTX_TRY_NUMBER='1' AIRFLOW_CTX_DAG_RUN_ID='manual__2026-06-15T14:30:38+00:00'
[2026-06-15T14:30:39.729+0000] {taskinstance.py:430} INFO - ::endgroup::
[2026-06-15T14:30:39.731+0000] {crypto.py:82} WARNING - empty cryptography key - values will not be stored encrypted.
[2026-06-15T14:30:39.732+0000] {base.py:84} INFO - Using connection ID 'postgres_zoomcamp' for task execution.
[2026-06-15T14:30:39.742+0000] {sql.py:495} INFO - Running statement: 
            CREATE TABLE IF NOT EXISTS public.green_tripdata_staging (
                "unique_row_id" TEXT,
    "filename" TEXT,
                "VendorID" TEXT,
    "lpep_pickup_datetime" TEXT,
    "lpep_dropoff_datetime" TEXT,
    "store_and_fwd_flag" TEXT,
    "RatecodeID" TEXT,
    "PULocationID" TEXT,
    "DOLocationID" TEXT,
    "passenger_count" TEXT,
    "trip_distance" TEXT,
    "fare_amount" TEXT,
    "extra" TEXT,
    "mta_tax" TEXT,
    "tip_amount" TEXT,
    "tolls_amount" TEXT,
    "ehail_fee" TEXT,
    "improvement_surcharge" TEXT,
    "total_amount" TEXT,
    "payment_type" TEXT,
    "trip_type" TEXT,
    "congestion_surcharge" TEXT
            );
        , parameters: None
[2026-06-15T14:30:39.744+0000] {base.py:84} INFO - Using connection ID 'postgres_zoomcamp' for task execution.
[2026-06-15T14:30:39.758+0000] {sql.py:495} INFO - Running statement: 
            CREATE TABLE IF NOT EXISTS public.green_tripdata (
                "unique_row_id" TEXT,
    "filename" TEXT,
                "VendorID" TEXT,
    "lpep_pickup_datetime" TEXT,
    "lpep_dropoff_datetime" TEXT,
    "store_and_fwd_flag" TEXT,
    "RatecodeID" TEXT,
    "PULocationID" TEXT,
    "DOLocationID" TEXT,
    "passenger_count" TEXT,
    "trip_distance" TEXT,
    "fare_amount" TEXT,
    "extra" TEXT,
    "mta_tax" TEXT,
    "tip_amount" TEXT,
    "tolls_amount" TEXT,
    "ehail_fee" TEXT,
    "improvement_surcharge" TEXT,
    "total_amount" TEXT,
    "payment_type" TEXT,
    "trip_type" TEXT,
    "congestion_surcharge" TEXT
            );
        , parameters: None
[2026-06-15T14:30:39.760+0000] {logging_mixin.py:188} INFO - Tables ready: green_tripdata_staging, green_tripdata
[2026-06-15T14:30:39.760+0000] {python.py:237} INFO - Done. Returned value was: None
[2026-06-15T14:30:39.761+0000] {taskinstance.py:441} INFO - ::group::Post task execution logs
[2026-06-15T14:30:39.779+0000] {taskinstance.py:1206} INFO - Marking task as SUCCESS. dag_id=04_postgres_taxi, task_id=create_tables, run_id=manual__2026-06-15T14:30:38+00:00, execution_date=20260615T143038, start_date=20260615T143039, end_date=20260615T143039
[2026-06-15T14:30:39.826+0000] {local_task_job_runner.py:243} INFO - Task exited with return code 0
[2026-06-15T14:30:39.868+0000] {taskinstance.py:3503} INFO - 0 downstream tasks scheduled from follow-on schedule check
[2026-06-15T14:30:39.874+0000] {local_task_job_runner.py:222} INFO - ::endgroup::
