[2026-06-15T14:20:02.886+0000] {local_task_job_runner.py:120} INFO - ::group::Pre task execution logs
[2026-06-15T14:20:02.943+0000] {taskinstance.py:2076} INFO - Dependencies all met for dep_context=non-requeueable deps ti=<TaskInstance: 03_getting_started_data_pipeline.store_in_postgres manual__2026-06-15T14:19:59+00:00 [queued]>
[2026-06-15T14:20:02.956+0000] {taskinstance.py:2076} INFO - Dependencies all met for dep_context=requeueable deps ti=<TaskInstance: 03_getting_started_data_pipeline.store_in_postgres manual__2026-06-15T14:19:59+00:00 [queued]>
[2026-06-15T14:20:02.957+0000] {taskinstance.py:2306} INFO - Starting attempt 1 of 1
[2026-06-15T14:20:02.976+0000] {taskinstance.py:2330} INFO - Executing <Task(_PythonDecoratedOperator): store_in_postgres> on 2026-06-15 14:19:59+00:00
[2026-06-15T14:20:02.989+0000] {standard_task_runner.py:90} INFO - Running: ['***', 'tasks', 'run', '03_getting_started_data_pipeline', 'store_in_postgres', 'manual__2026-06-15T14:19:59+00:00', '--job-id', '11', '--raw', '--subdir', 'DAGS_FOLDER/dag_03_data_pipeline.py', '--cfg-path', '/tmp/tmp0dubpjrq']
[2026-06-15T14:20:02.991+0000] {standard_task_runner.py:91} INFO - Job 11: Subtask store_in_postgres
[2026-06-15T14:20:02.996+0000] {logging_mixin.py:188} WARNING - /home/***/.local/lib/python3.12/site-packages/***/task/task_runner/standard_task_runner.py:62 DeprecationWarning: This process (pid=1233) is multi-threaded, use of fork() may lead to deadlocks in the child.
[2026-06-15T14:20:02.997+0000] {standard_task_runner.py:64} INFO - Started process 1234 to run task
[2026-06-15T14:20:03.077+0000] {task_command.py:426} INFO - Running <TaskInstance: 03_getting_started_data_pipeline.store_in_postgres manual__2026-06-15T14:19:59+00:00 [running]> on host b107edefa4b1
[2026-06-15T14:20:03.348+0000] {taskinstance.py:2648} INFO - Exporting env vars: AIRFLOW_CTX_DAG_OWNER='***' AIRFLOW_CTX_DAG_ID='03_getting_started_data_pipeline' AIRFLOW_CTX_TASK_ID='store_in_postgres' AIRFLOW_CTX_EXECUTION_DATE='2026-06-15T14:19:59+00:00' AIRFLOW_CTX_TRY_NUMBER='1' AIRFLOW_CTX_DAG_RUN_ID='manual__2026-06-15T14:19:59+00:00'
[2026-06-15T14:20:03.350+0000] {taskinstance.py:430} INFO - ::endgroup::
[2026-06-15T14:20:03.385+0000] {crypto.py:82} WARNING - empty cryptography key - values will not be stored encrypted.
[2026-06-15T14:20:03.387+0000] {base.py:84} INFO - Using connection ID 'postgres_zoomcamp' for task execution.
[2026-06-15T14:20:03.403+0000] {sql.py:495} INFO - Running statement: CREATE TABLE IF NOT EXISTS products ("brand" VARCHAR(255), "price" VARCHAR(255), "category" VARCHAR(255));, parameters: None
[2026-06-15T14:20:03.407+0000] {base.py:84} INFO - Using connection ID 'postgres_zoomcamp' for task execution.
[2026-06-15T14:20:03.425+0000] {sql.py:495} INFO - Running statement: TRUNCATE TABLE products;, parameters: None
[2026-06-15T14:20:03.436+0000] {base.py:84} INFO - Using connection ID 'postgres_zoomcamp' for task execution.
[2026-06-15T14:20:03.453+0000] {base.py:84} INFO - Using connection ID 'postgres_zoomcamp' for task execution.
[2026-06-15T14:20:03.456+0000] {taskinstance.py:441} INFO - ::group::Post task execution logs
[2026-06-15T14:20:03.456+0000] {taskinstance.py:2905} ERROR - Task failed with exception
Traceback (most recent call last):
  File "/home/airflow/.local/lib/python3.12/site-packages/airflow/models/taskinstance.py", line 465, in _execute_task
    result = _execute_callable(context=context, **execute_callable_kwargs)
             ^^^^^^^^^^^^^^^^^^^^^^^^^^^^^^^^^^^^^^^^^^^^^^^^^^^^^^^^^^^^^
  File "/home/airflow/.local/lib/python3.12/site-packages/airflow/models/taskinstance.py", line 432, in _execute_callable
    return execute_callable(context=context, **execute_callable_kwargs)
           ^^^^^^^^^^^^^^^^^^^^^^^^^^^^^^^^^^^^^^^^^^^^^^^^^^^^^^^^^^^^
  File "/home/airflow/.local/lib/python3.12/site-packages/airflow/models/baseoperator.py", line 401, in wrapper
    return func(self, *args, **kwargs)
           ^^^^^^^^^^^^^^^^^^^^^^^^^^^
  File "/home/airflow/.local/lib/python3.12/site-packages/airflow/decorators/base.py", line 265, in execute
    return_value = super().execute(context)
                   ^^^^^^^^^^^^^^^^^^^^^^^^
  File "/home/airflow/.local/lib/python3.12/site-packages/airflow/models/baseoperator.py", line 401, in wrapper
    return func(self, *args, **kwargs)
           ^^^^^^^^^^^^^^^^^^^^^^^^^^^
  File "/home/airflow/.local/lib/python3.12/site-packages/airflow/operators/python.py", line 235, in execute
    return_value = self.execute_callable()
                   ^^^^^^^^^^^^^^^^^^^^^^^
  File "/home/airflow/.local/lib/python3.12/site-packages/airflow/operators/python.py", line 252, in execute_callable
    return self.python_callable(*self.op_args, **self.op_kwargs)
           ^^^^^^^^^^^^^^^^^^^^^^^^^^^^^^^^^^^^^^^^^^^^^^^^^^^^^
  File "/opt/airflow/dags/dag_03_data_pipeline.py", line 70, in store_in_postgres
    pg_hook.insert_rows(
  File "/home/airflow/.local/lib/python3.12/site-packages/airflow/providers/common/sql/hooks/sql.py", line 606, in insert_rows
    cur.executemany(sql, values)
psycopg2.errors.UndefinedColumn: column "category" of relation "products" does not exist
LINE 1: INSERT INTO products (brand, price, category) VALUES ('Essen...
                                            ^

[2026-06-15T14:20:03.486+0000] {taskinstance.py:1206} INFO - Marking task as FAILED. dag_id=03_getting_started_data_pipeline, task_id=store_in_postgres, run_id=manual__2026-06-15T14:19:59+00:00, execution_date=20260615T141959, start_date=20260615T142002, end_date=20260615T142003
[2026-06-15T14:20:03.511+0000] {standard_task_runner.py:110} ERROR - Failed to execute job 11 for task store_in_postgres (column "category" of relation "products" does not exist
LINE 1: INSERT INTO products (brand, price, category) VALUES ('Essen...
                                            ^
; 1234)
[2026-06-15T14:20:03.539+0000] {local_task_job_runner.py:243} INFO - Task exited with return code 1
[2026-06-15T14:20:03.580+0000] {taskinstance.py:3503} INFO - 0 downstream tasks scheduled from follow-on schedule check
[2026-06-15T14:20:03.583+0000] {local_task_job_runner.py:222} INFO - ::endgroup::
