[2026-06-16T12:24:32.593+0000] {local_task_job_runner.py:120} INFO - ::group::Pre task execution logs
[2026-06-16T12:24:32.650+0000] {taskinstance.py:2076} INFO - Dependencies all met for dep_context=non-requeueable deps ti=<TaskInstance: 08_gcp_taxi.extract manual__2026-06-16T12:24:31+00:00 [queued]>
[2026-06-16T12:24:32.660+0000] {taskinstance.py:2076} INFO - Dependencies all met for dep_context=requeueable deps ti=<TaskInstance: 08_gcp_taxi.extract manual__2026-06-16T12:24:31+00:00 [queued]>
[2026-06-16T12:24:32.660+0000] {taskinstance.py:2306} INFO - Starting attempt 1 of 1
[2026-06-16T12:24:32.678+0000] {taskinstance.py:2330} INFO - Executing <Task(_PythonDecoratedOperator): extract> on 2026-06-16 12:24:31+00:00
[2026-06-16T12:24:32.690+0000] {standard_task_runner.py:90} INFO - Running: ['***', 'tasks', 'run', '08_gcp_taxi', 'extract', 'manual__2026-06-16T12:24:31+00:00', '--job-id', '11', '--raw', '--subdir', 'DAGS_FOLDER/dag_08_gcp_taxi.py', '--cfg-path', '/tmp/tmpcjnaka29']
[2026-06-16T12:24:32.694+0000] {standard_task_runner.py:91} INFO - Job 11: Subtask extract
[2026-06-16T12:24:32.708+0000] {logging_mixin.py:188} WARNING - /home/***/.local/lib/python3.12/site-packages/***/task/task_runner/standard_task_runner.py:62 DeprecationWarning: This process (pid=738) is multi-threaded, use of fork() may lead to deadlocks in the child.
[2026-06-16T12:24:32.709+0000] {standard_task_runner.py:64} INFO - Started process 740 to run task
[2026-06-16T12:24:32.795+0000] {task_command.py:426} INFO - Running <TaskInstance: 08_gcp_taxi.extract manual__2026-06-16T12:24:31+00:00 [running]> on host d737cea85a57
[2026-06-16T12:24:32.947+0000] {taskinstance.py:2648} INFO - Exporting env vars: AIRFLOW_CTX_DAG_OWNER='***' AIRFLOW_CTX_DAG_ID='08_gcp_taxi' AIRFLOW_CTX_TASK_ID='extract' AIRFLOW_CTX_EXECUTION_DATE='2026-06-16T12:24:31+00:00' AIRFLOW_CTX_TRY_NUMBER='1' AIRFLOW_CTX_DAG_RUN_ID='manual__2026-06-16T12:24:31+00:00'
[2026-06-16T12:24:32.949+0000] {taskinstance.py:430} INFO - ::endgroup::
[2026-06-16T12:24:32.950+0000] {logging_mixin.py:188} INFO - Downloading https://github.com/DataTalksClub/nyc-tlc-data/releases/download/yellow/yellow_tripdata_2019-01.csv.gz → /tmp/yellow_tripdata_2019-01.csv.gz
[2026-06-16T12:24:47.815+0000] {logging_mixin.py:188} INFO - Decompressing /tmp/yellow_tripdata_2019-01.csv.gz → /tmp/yellow_tripdata_2019-01.csv
[2026-06-16T12:24:50.358+0000] {logging_mixin.py:188} INFO - Downloaded 687,088,084 bytes uncompressed
[2026-06-16T12:24:50.358+0000] {python.py:237} INFO - Done. Returned value was: /tmp/yellow_tripdata_2019-01.csv
[2026-06-16T12:24:50.359+0000] {taskinstance.py:441} INFO - ::group::Post task execution logs
[2026-06-16T12:24:50.404+0000] {taskinstance.py:1206} INFO - Marking task as SUCCESS. dag_id=08_gcp_taxi, task_id=extract, run_id=manual__2026-06-16T12:24:31+00:00, execution_date=20260616T122431, start_date=20260616T122432, end_date=20260616T122450
[2026-06-16T12:24:50.426+0000] {local_task_job_runner.py:243} INFO - Task exited with return code 0
[2026-06-16T12:24:50.461+0000] {taskinstance.py:3503} INFO - 1 downstream tasks scheduled from follow-on schedule check
[2026-06-16T12:24:50.465+0000] {local_task_job_runner.py:222} INFO - ::endgroup::
