[2026-06-16T12:26:00.206+0000] {local_task_job_runner.py:120} INFO - ::group::Pre task execution logs
[2026-06-16T12:26:00.254+0000] {taskinstance.py:2076} INFO - Dependencies all met for dep_context=non-requeueable deps ti=<TaskInstance: 08_gcp_taxi.load_gcs_to_bq manual__2026-06-16T12:24:31+00:00 [queued]>
[2026-06-16T12:26:00.264+0000] {taskinstance.py:2076} INFO - Dependencies all met for dep_context=requeueable deps ti=<TaskInstance: 08_gcp_taxi.load_gcs_to_bq manual__2026-06-16T12:24:31+00:00 [queued]>
[2026-06-16T12:26:00.265+0000] {taskinstance.py:2306} INFO - Starting attempt 1 of 1
[2026-06-16T12:26:00.280+0000] {taskinstance.py:2330} INFO - Executing <Task(_PythonDecoratedOperator): load_gcs_to_bq> on 2026-06-16 12:24:31+00:00
[2026-06-16T12:26:00.289+0000] {standard_task_runner.py:90} INFO - Running: ['***', 'tasks', 'run', '08_gcp_taxi', 'load_gcs_to_bq', 'manual__2026-06-16T12:24:31+00:00', '--job-id', '13', '--raw', '--subdir', 'DAGS_FOLDER/dag_08_gcp_taxi.py', '--cfg-path', '/tmp/tmpv_omfqy6']
[2026-06-16T12:26:00.292+0000] {standard_task_runner.py:91} INFO - Job 13: Subtask load_gcs_to_bq
[2026-06-16T12:26:00.297+0000] {logging_mixin.py:188} WARNING - /home/***/.local/lib/python3.12/site-packages/***/task/task_runner/standard_task_runner.py:62 DeprecationWarning: This process (pid=849) is multi-threaded, use of fork() may lead to deadlocks in the child.
[2026-06-16T12:26:00.298+0000] {standard_task_runner.py:64} INFO - Started process 850 to run task
[2026-06-16T12:26:00.366+0000] {task_command.py:426} INFO - Running <TaskInstance: 08_gcp_taxi.load_gcs_to_bq manual__2026-06-16T12:24:31+00:00 [running]> on host d737cea85a57
[2026-06-16T12:26:00.506+0000] {taskinstance.py:2648} INFO - Exporting env vars: AIRFLOW_CTX_DAG_OWNER='***' AIRFLOW_CTX_DAG_ID='08_gcp_taxi' AIRFLOW_CTX_TASK_ID='load_gcs_to_bq' AIRFLOW_CTX_EXECUTION_DATE='2026-06-16T12:24:31+00:00' AIRFLOW_CTX_TRY_NUMBER='1' AIRFLOW_CTX_DAG_RUN_ID='manual__2026-06-16T12:24:31+00:00'
[2026-06-16T12:26:00.507+0000] {taskinstance.py:430} INFO - ::endgroup::
[2026-06-16T12:26:01.535+0000] {crypto.py:82} WARNING - empty cryptography key - values will not be stored encrypted.
[2026-06-16T12:26:01.535+0000] {connection.py:274} WARNING - Connection schemes (type: google_cloud_platform) shall not contain '_' according to RFC3986.
[2026-06-16T12:26:01.536+0000] {base.py:84} INFO - Using connection ID 'google_cloud_default' for task execution.
[2026-06-16T12:26:21.504+0000] {logging_mixin.py:188} INFO - Loaded 7667792 rows into dtc-de-course-497317.trips_data_all.yellow_tripdata_2019_01
[2026-06-16T12:26:21.505+0000] {python.py:237} INFO - Done. Returned value was: None
[2026-06-16T12:26:21.505+0000] {taskinstance.py:441} INFO - ::group::Post task execution logs
[2026-06-16T12:26:21.521+0000] {taskinstance.py:1206} INFO - Marking task as SUCCESS. dag_id=08_gcp_taxi, task_id=load_gcs_to_bq, run_id=manual__2026-06-16T12:24:31+00:00, execution_date=20260616T122431, start_date=20260616T122600, end_date=20260616T122621
[2026-06-16T12:26:21.595+0000] {local_task_job_runner.py:243} INFO - Task exited with return code 0
[2026-06-16T12:26:21.636+0000] {taskinstance.py:3503} INFO - 1 downstream tasks scheduled from follow-on schedule check
[2026-06-16T12:26:21.639+0000] {local_task_job_runner.py:222} INFO - ::endgroup::
