[2026-06-16T11:46:40.297+0000] {local_task_job_runner.py:120} INFO - ::group::Pre task execution logs
[2026-06-16T11:46:39.808+0000] {taskinstance.py:2076} INFO - Dependencies all met for dep_context=non-requeueable deps ti=<TaskInstance: 05_postgres_taxi_scheduled.load_to_staging scheduled__2019-02-01T09:00:00+00:00 [queued]>
[2026-06-16T11:46:39.818+0000] {taskinstance.py:2076} INFO - Dependencies all met for dep_context=requeueable deps ti=<TaskInstance: 05_postgres_taxi_scheduled.load_to_staging scheduled__2019-02-01T09:00:00+00:00 [queued]>
[2026-06-16T11:46:39.818+0000] {taskinstance.py:2306} INFO - Starting attempt 1 of 1
[2026-06-16T11:46:39.833+0000] {taskinstance.py:2330} INFO - Executing <Task(_PythonDecoratedOperator): load_to_staging> on 2019-02-01 09:00:00+00:00
[2026-06-16T11:46:39.841+0000] {standard_task_runner.py:90} INFO - Running: ['***', 'tasks', 'run', '05_postgres_taxi_scheduled', 'load_to_staging', 'scheduled__2019-02-01T09:00:00+00:00', '--job-id', '11', '--raw', '--subdir', 'DAGS_FOLDER/dag_05_postgres_taxi_scheduled.py', '--cfg-path', '/tmp/tmplknqgulo']
[2026-06-16T11:46:39.844+0000] {standard_task_runner.py:91} INFO - Job 11: Subtask load_to_staging
[2026-06-16T11:46:39.845+0000] {logging_mixin.py:188} WARNING - /home/***/.local/lib/python3.12/site-packages/***/task/task_runner/standard_task_runner.py:62 DeprecationWarning: This process (pid=426) is multi-threaded, use of fork() may lead to deadlocks in the child.
[2026-06-16T11:46:39.846+0000] {standard_task_runner.py:64} INFO - Started process 427 to run task
[2026-06-16T11:46:39.910+0000] {task_command.py:426} INFO - Running <TaskInstance: 05_postgres_taxi_scheduled.load_to_staging scheduled__2019-02-01T09:00:00+00:00 [running]> on host 23870fda014b
[2026-06-16T11:46:40.076+0000] {taskinstance.py:2648} INFO - Exporting env vars: AIRFLOW_CTX_DAG_OWNER='***' AIRFLOW_CTX_DAG_ID='05_postgres_taxi_scheduled' AIRFLOW_CTX_TASK_ID='load_to_staging' AIRFLOW_CTX_EXECUTION_DATE='2019-02-01T09:00:00+00:00' AIRFLOW_CTX_TRY_NUMBER='1' AIRFLOW_CTX_DAG_RUN_ID='scheduled__2019-02-01T09:00:00+00:00'
[2026-06-16T11:46:40.078+0000] {taskinstance.py:430} INFO - ::endgroup::
[2026-06-16T11:46:40.080+0000] {crypto.py:82} WARNING - empty cryptography key - values will not be stored encrypted.
[2026-06-16T11:46:40.082+0000] {base.py:84} INFO - Using connection ID 'postgres_zoomcamp' for task execution.
[2026-06-16T11:46:54.049+0000] {logging_mixin.py:188} INFO - Loaded 7,019,375 rows into staging
[2026-06-16T11:48:05.518+0000] {python.py:237} INFO - Done. Returned value was: None
[2026-06-16T11:48:05.519+0000] {taskinstance.py:441} INFO - ::group::Post task execution logs
[2026-06-16T11:48:05.540+0000] {taskinstance.py:1206} INFO - Marking task as SUCCESS. dag_id=05_postgres_taxi_scheduled, task_id=load_to_staging, run_id=scheduled__2019-02-01T09:00:00+00:00, execution_date=20190201T090000, start_date=20260616T114639, end_date=20260616T114805
[2026-06-16T11:48:05.586+0000] {local_task_job_runner.py:243} INFO - Task exited with return code 0
[2026-06-16T11:48:05.627+0000] {taskinstance.py:3503} INFO - 1 downstream tasks scheduled from follow-on schedule check
[2026-06-16T11:48:05.634+0000] {local_task_job_runner.py:222} INFO - ::endgroup::
