[2026-06-16T12:23:33.237+0000] {local_task_job_runner.py:120} INFO - ::group::Pre task execution logs
[2026-06-16T12:23:33.295+0000] {taskinstance.py:2076} INFO - Dependencies all met for dep_context=non-requeueable deps ti=<TaskInstance: 08_gcp_taxi.upload_to_gcs manual__2026-06-16T12:22:28+00:00 [queued]>
[2026-06-16T12:23:33.309+0000] {taskinstance.py:2076} INFO - Dependencies all met for dep_context=requeueable deps ti=<TaskInstance: 08_gcp_taxi.upload_to_gcs manual__2026-06-16T12:22:28+00:00 [queued]>
[2026-06-16T12:23:33.309+0000] {taskinstance.py:2306} INFO - Starting attempt 1 of 1
[2026-06-16T12:23:33.329+0000] {taskinstance.py:2330} INFO - Executing <Task(_PythonDecoratedOperator): upload_to_gcs> on 2026-06-16 12:22:28+00:00
[2026-06-16T12:23:33.340+0000] {standard_task_runner.py:90} INFO - Running: ['***', 'tasks', 'run', '08_gcp_taxi', 'upload_to_gcs', 'manual__2026-06-16T12:22:28+00:00', '--job-id', '9', '--raw', '--subdir', 'DAGS_FOLDER/dag_08_gcp_taxi.py', '--cfg-path', '/tmp/tmp53rltgiv']
[2026-06-16T12:23:33.345+0000] {standard_task_runner.py:91} INFO - Job 9: Subtask upload_to_gcs
[2026-06-16T12:23:33.351+0000] {logging_mixin.py:188} WARNING - /home/***/.local/lib/python3.12/site-packages/***/task/task_runner/standard_task_runner.py:62 DeprecationWarning: This process (pid=693) is multi-threaded, use of fork() may lead to deadlocks in the child.
[2026-06-16T12:23:33.352+0000] {standard_task_runner.py:64} INFO - Started process 696 to run task
[2026-06-16T12:23:33.450+0000] {task_command.py:426} INFO - Running <TaskInstance: 08_gcp_taxi.upload_to_gcs manual__2026-06-16T12:22:28+00:00 [running]> on host d737cea85a57
[2026-06-16T12:23:33.700+0000] {taskinstance.py:2648} INFO - Exporting env vars: AIRFLOW_CTX_DAG_OWNER='***' AIRFLOW_CTX_DAG_ID='08_gcp_taxi' AIRFLOW_CTX_TASK_ID='upload_to_gcs' AIRFLOW_CTX_EXECUTION_DATE='2026-06-16T12:22:28+00:00' AIRFLOW_CTX_TRY_NUMBER='1' AIRFLOW_CTX_DAG_RUN_ID='manual__2026-06-16T12:22:28+00:00'
[2026-06-16T12:23:33.702+0000] {taskinstance.py:430} INFO - ::endgroup::
[2026-06-16T12:23:34.524+0000] {crypto.py:82} WARNING - empty cryptography key - values will not be stored encrypted.
[2026-06-16T12:23:34.525+0000] {connection.py:274} WARNING - Connection schemes (type: google_cloud_platform) shall not contain '_' according to RFC3986.
[2026-06-16T12:23:34.527+0000] {base.py:84} INFO - Using connection ID 'google_cloud_default' for task execution.
[2026-06-16T12:23:34.579+0000] {taskinstance.py:441} INFO - ::group::Post task execution logs
[2026-06-16T12:23:34.580+0000] {taskinstance.py:2905} ERROR - Task failed with exception
Traceback (most recent call last):
  File "/home/airflow/.local/lib/python3.12/site-packages/airflow/models/taskinstance.py", line 465, in _execute_task
    result = _execute_callable(context=context, **execute_callable_kwargs)
             ^^^^^^^^^^^^^^^^^^^^^^^^^^^^^^^^^^^^^^^^^^^^^^^^^^^^^^^^^^^^^
  File "/home/airflow/.local/lib/python3.12/site-packages/airflow/models/taskinstance.py", line 432, in _execute_callable
    return execute_callable(context=context, **execute_callable_kwargs)
           ^^^^^^^^^^^^^^^^^^^^^^^^^^^^^^^^^^^^^^^^^^^^^^^^^^^^^^^^^^^^
  File "/home/airflow/.local/lib/python3.12/site-packages/airflow/models/baseoperator.py", line 401, in wrapper
    return func(self, *args, **kwargs)
           ^^^^^^^^^^^^^^^^^^^^^^^^^^^
  File "/home/airflow/.local/lib/python3.12/site-packages/airflow/decorators/base.py", line 265, in execute
    return_value = super().execute(context)
                   ^^^^^^^^^^^^^^^^^^^^^^^^
  File "/home/airflow/.local/lib/python3.12/site-packages/airflow/models/baseoperator.py", line 401, in wrapper
    return func(self, *args, **kwargs)
           ^^^^^^^^^^^^^^^^^^^^^^^^^^^
  File "/home/airflow/.local/lib/python3.12/site-packages/airflow/operators/python.py", line 235, in execute
    return_value = self.execute_callable()
                   ^^^^^^^^^^^^^^^^^^^^^^^
  File "/home/airflow/.local/lib/python3.12/site-packages/airflow/operators/python.py", line 252, in execute_callable
    return self.python_callable(*self.op_args, **self.op_kwargs)
           ^^^^^^^^^^^^^^^^^^^^^^^^^^^^^^^^^^^^^^^^^^^^^^^^^^^^^
  File "/opt/airflow/dags/dag_08_gcp_taxi.py", line 73, in upload_to_gcs
    hook.upload(
  File "/home/airflow/.local/lib/python3.12/site-packages/airflow/providers/google/cloud/hooks/gcs.py", line 554, in upload
    _call_with_retry(
  File "/home/airflow/.local/lib/python3.12/site-packages/airflow/providers/google/cloud/hooks/gcs.py", line 512, in _call_with_retry
    f()
  File "/home/airflow/.local/lib/python3.12/site-packages/google/cloud/storage/blob.py", line 2947, in upload_from_filename
    self._handle_filename_and_upload(
  File "/home/airflow/.local/lib/python3.12/site-packages/google/cloud/storage/blob.py", line 2824, in _handle_filename_and_upload
    with open(filename, "rb") as file_obj:
         ^^^^^^^^^^^^^^^^^^^^
FileNotFoundError: [Errno 2] No such file or directory: '/tmp/yellow_tripdata_2019-01.csv'
[2026-06-16T12:23:34.607+0000] {taskinstance.py:1206} INFO - Marking task as FAILED. dag_id=08_gcp_taxi, task_id=upload_to_gcs, run_id=manual__2026-06-16T12:22:28+00:00, execution_date=20260616T122228, start_date=20260616T122333, end_date=20260616T122334
[2026-06-16T12:23:34.628+0000] {standard_task_runner.py:110} ERROR - Failed to execute job 9 for task upload_to_gcs ([Errno 2] No such file or directory: '/tmp/yellow_tripdata_2019-01.csv'; 696)
[2026-06-16T12:23:34.660+0000] {local_task_job_runner.py:243} INFO - Task exited with return code 1
[2026-06-16T12:23:34.690+0000] {taskinstance.py:3503} INFO - 0 downstream tasks scheduled from follow-on schedule check
[2026-06-16T12:23:34.693+0000] {local_task_job_runner.py:222} INFO - ::endgroup::
