[2026-06-16T11:46:11.209+0000] {local_task_job_runner.py:120} INFO - ::group::Pre task execution logs
[2026-06-16T11:46:11.273+0000] {taskinstance.py:2076} INFO - Dependencies all met for dep_context=non-requeueable deps ti=<TaskInstance: 05_postgres_taxi_scheduled.extract manual__2026-06-16T11:43:13+00:00 [queued]>
[2026-06-16T11:46:11.286+0000] {taskinstance.py:2076} INFO - Dependencies all met for dep_context=requeueable deps ti=<TaskInstance: 05_postgres_taxi_scheduled.extract manual__2026-06-16T11:43:13+00:00 [queued]>
[2026-06-16T11:46:11.287+0000] {taskinstance.py:2306} INFO - Starting attempt 1 of 1
[2026-06-16T11:46:11.308+0000] {taskinstance.py:2330} INFO - Executing <Task(_PythonDecoratedOperator): extract> on 2026-06-16 11:43:13+00:00
[2026-06-16T11:46:11.322+0000] {logging_mixin.py:188} WARNING - /home/***/.local/lib/python3.12/site-packages/***/task/task_runner/standard_task_runner.py:62 DeprecationWarning: This process (pid=394) is multi-threaded, use of fork() may lead to deadlocks in the child.
[2026-06-16T11:46:11.319+0000] {standard_task_runner.py:90} INFO - Running: ['***', 'tasks', 'run', '05_postgres_taxi_scheduled', 'extract', 'manual__2026-06-16T11:43:13+00:00', '--job-id', '8', '--raw', '--subdir', 'DAGS_FOLDER/dag_05_postgres_taxi_scheduled.py', '--cfg-path', '/tmp/tmpilu82zg_']
[2026-06-16T11:46:11.324+0000] {standard_task_runner.py:91} INFO - Job 8: Subtask extract
[2026-06-16T11:46:11.324+0000] {standard_task_runner.py:64} INFO - Started process 396 to run task
[2026-06-16T11:46:11.405+0000] {task_command.py:426} INFO - Running <TaskInstance: 05_postgres_taxi_scheduled.extract manual__2026-06-16T11:43:13+00:00 [running]> on host 23870fda014b
[2026-06-16T11:46:11.549+0000] {taskinstance.py:2648} INFO - Exporting env vars: AIRFLOW_CTX_DAG_OWNER='***' AIRFLOW_CTX_DAG_ID='05_postgres_taxi_scheduled' AIRFLOW_CTX_TASK_ID='extract' AIRFLOW_CTX_EXECUTION_DATE='2026-06-16T11:43:13+00:00' AIRFLOW_CTX_TRY_NUMBER='1' AIRFLOW_CTX_DAG_RUN_ID='manual__2026-06-16T11:43:13+00:00'
[2026-06-16T11:46:11.551+0000] {taskinstance.py:430} INFO - ::endgroup::
[2026-06-16T11:46:11.552+0000] {logging_mixin.py:188} INFO - Downloading https://github.com/DataTalksClub/nyc-tlc-data/releases/download/yellow/yellow_tripdata_2026-05.csv.gz → /tmp/yellow_tripdata_2026-05.csv.gz
[2026-06-16T11:46:11.866+0000] {taskinstance.py:441} INFO - ::group::Post task execution logs
[2026-06-16T11:46:11.867+0000] {taskinstance.py:2905} ERROR - Task failed with exception
Traceback (most recent call last):
  File "/home/airflow/.local/lib/python3.12/site-packages/airflow/models/taskinstance.py", line 465, in _execute_task
    result = _execute_callable(context=context, **execute_callable_kwargs)
             ^^^^^^^^^^^^^^^^^^^^^^^^^^^^^^^^^^^^^^^^^^^^^^^^^^^^^^^^^^^^^
  File "/home/airflow/.local/lib/python3.12/site-packages/airflow/models/taskinstance.py", line 432, in _execute_callable
    return execute_callable(context=context, **execute_callable_kwargs)
           ^^^^^^^^^^^^^^^^^^^^^^^^^^^^^^^^^^^^^^^^^^^^^^^^^^^^^^^^^^^^
  File "/home/airflow/.local/lib/python3.12/site-packages/airflow/models/baseoperator.py", line 401, in wrapper
    return func(self, *args, **kwargs)
           ^^^^^^^^^^^^^^^^^^^^^^^^^^^
  File "/home/airflow/.local/lib/python3.12/site-packages/airflow/decorators/base.py", line 265, in execute
    return_value = super().execute(context)
                   ^^^^^^^^^^^^^^^^^^^^^^^^
  File "/home/airflow/.local/lib/python3.12/site-packages/airflow/models/baseoperator.py", line 401, in wrapper
    return func(self, *args, **kwargs)
           ^^^^^^^^^^^^^^^^^^^^^^^^^^^
  File "/home/airflow/.local/lib/python3.12/site-packages/airflow/operators/python.py", line 235, in execute
    return_value = self.execute_callable()
                   ^^^^^^^^^^^^^^^^^^^^^^^
  File "/home/airflow/.local/lib/python3.12/site-packages/airflow/operators/python.py", line 252, in execute_callable
    return self.python_callable(*self.op_args, **self.op_kwargs)
           ^^^^^^^^^^^^^^^^^^^^^^^^^^^^^^^^^^^^^^^^^^^^^^^^^^^^^
  File "/opt/airflow/dags/dag_05_postgres_taxi_scheduled.py", line 81, in extract
    with urllib.request.urlopen(req) as response, open(gz_out_path, 'wb') as out_file:
         ^^^^^^^^^^^^^^^^^^^^^^^^^^^
  File "/usr/local/lib/python3.12/urllib/request.py", line 215, in urlopen
    return opener.open(url, data, timeout)
           ^^^^^^^^^^^^^^^^^^^^^^^^^^^^^^^
  File "/usr/local/lib/python3.12/urllib/request.py", line 521, in open
    response = meth(req, response)
               ^^^^^^^^^^^^^^^^^^^
  File "/usr/local/lib/python3.12/urllib/request.py", line 630, in http_response
    response = self.parent.error(
               ^^^^^^^^^^^^^^^^^^
  File "/usr/local/lib/python3.12/urllib/request.py", line 559, in error
    return self._call_chain(*args)
           ^^^^^^^^^^^^^^^^^^^^^^^
  File "/usr/local/lib/python3.12/urllib/request.py", line 492, in _call_chain
    result = func(*args)
             ^^^^^^^^^^^
  File "/usr/local/lib/python3.12/urllib/request.py", line 639, in http_error_default
    raise HTTPError(req.full_url, code, msg, hdrs, fp)
urllib.error.HTTPError: HTTP Error 404: Not Found
[2026-06-16T11:46:11.888+0000] {taskinstance.py:1206} INFO - Marking task as FAILED. dag_id=05_postgres_taxi_scheduled, task_id=extract, run_id=manual__2026-06-16T11:43:13+00:00, execution_date=20260616T114313, start_date=20260616T114611, end_date=20260616T114611
[2026-06-16T11:46:11.908+0000] {standard_task_runner.py:110} ERROR - Failed to execute job 8 for task extract (HTTP Error 404: Not Found; 396)
[2026-06-16T11:46:11.944+0000] {local_task_job_runner.py:243} INFO - Task exited with return code 1
[2026-06-16T11:46:11.977+0000] {taskinstance.py:3503} INFO - 0 downstream tasks scheduled from follow-on schedule check
[2026-06-16T11:46:11.986+0000] {local_task_job_runner.py:222} INFO - ::endgroup::
