[2026-06-16T12:37:12.295+0000] {local_task_job_runner.py:120} INFO - ::group::Pre task execution logs
[2026-06-16T12:37:12.349+0000] {taskinstance.py:2076} INFO - Dependencies all met for dep_context=non-requeueable deps ti=<TaskInstance: 09_gcp_taxi_scheduled.extract scheduled__2019-01-01T09:00:00+00:00 [queued]>
[2026-06-16T12:37:12.360+0000] {taskinstance.py:2076} INFO - Dependencies all met for dep_context=requeueable deps ti=<TaskInstance: 09_gcp_taxi_scheduled.extract scheduled__2019-01-01T09:00:00+00:00 [queued]>
[2026-06-16T12:37:12.360+0000] {taskinstance.py:2306} INFO - Starting attempt 1 of 1
[2026-06-16T12:37:12.378+0000] {taskinstance.py:2330} INFO - Executing <Task(_PythonDecoratedOperator): extract> on 2019-01-01 09:00:00+00:00
[2026-06-16T12:37:12.388+0000] {standard_task_runner.py:90} INFO - Running: ['***', 'tasks', 'run', '09_gcp_taxi_scheduled', 'extract', 'scheduled__2019-01-01T09:00:00+00:00', '--job-id', '16', '--raw', '--subdir', 'DAGS_FOLDER/dag_09_gcp_taxi_scheduled.py', '--cfg-path', '/tmp/tmp4fzn60zx']
[2026-06-16T12:37:12.391+0000] {standard_task_runner.py:91} INFO - Job 16: Subtask extract
[2026-06-16T12:37:12.403+0000] {logging_mixin.py:188} WARNING - /home/***/.local/lib/python3.12/site-packages/***/task/task_runner/standard_task_runner.py:62 DeprecationWarning: This process (pid=1629) is multi-threaded, use of fork() may lead to deadlocks in the child.
[2026-06-16T12:37:12.404+0000] {standard_task_runner.py:64} INFO - Started process 1632 to run task
[2026-06-16T12:37:12.471+0000] {task_command.py:426} INFO - Running <TaskInstance: 09_gcp_taxi_scheduled.extract scheduled__2019-01-01T09:00:00+00:00 [running]> on host d737cea85a57
[2026-06-16T12:37:12.601+0000] {taskinstance.py:2648} INFO - Exporting env vars: AIRFLOW_CTX_DAG_OWNER='***' AIRFLOW_CTX_DAG_ID='09_gcp_taxi_scheduled' AIRFLOW_CTX_TASK_ID='extract' AIRFLOW_CTX_EXECUTION_DATE='2019-01-01T09:00:00+00:00' AIRFLOW_CTX_TRY_NUMBER='1' AIRFLOW_CTX_DAG_RUN_ID='scheduled__2019-01-01T09:00:00+00:00'
[2026-06-16T12:37:12.602+0000] {taskinstance.py:430} INFO - ::endgroup::
[2026-06-16T12:37:12.603+0000] {logging_mixin.py:188} INFO - Downloading https://github.com/DataTalksClub/nyc-tlc-data/releases/download/yellow/yellow_tripdata_2019-01.csv.gz → /tmp/yellow_tripdata_2019-01.csv.gz
[2026-06-16T12:37:28.808+0000] {logging_mixin.py:188} INFO - Decompressing /tmp/yellow_tripdata_2019-01.csv.gz → /tmp/yellow_tripdata_2019-01.csv
[2026-06-16T12:37:32.075+0000] {logging_mixin.py:188} INFO - Downloaded 687,088,084 bytes uncompressed
[2026-06-16T12:37:32.076+0000] {python.py:237} INFO - Done. Returned value was: /tmp/yellow_tripdata_2019-01.csv
[2026-06-16T12:37:32.076+0000] {taskinstance.py:441} INFO - ::group::Post task execution logs
[2026-06-16T12:37:32.110+0000] {taskinstance.py:1206} INFO - Marking task as SUCCESS. dag_id=09_gcp_taxi_scheduled, task_id=extract, run_id=scheduled__2019-01-01T09:00:00+00:00, execution_date=20190101T090000, start_date=20260616T123712, end_date=20260616T123732
[2026-06-16T12:37:32.138+0000] {local_task_job_runner.py:243} INFO - Task exited with return code 0
[2026-06-16T12:37:32.173+0000] {taskinstance.py:3503} INFO - 1 downstream tasks scheduled from follow-on schedule check
[2026-06-16T12:37:32.176+0000] {local_task_job_runner.py:222} INFO - ::endgroup::
