[2026-06-16T12:17:52.419+0000] {local_task_job_runner.py:120} INFO - ::group::Pre task execution logs
[2026-06-16T12:17:52.472+0000] {taskinstance.py:2076} INFO - Dependencies all met for dep_context=non-requeueable deps ti=<TaskInstance: 07_gcp_create_infra.create_gcs_bucket manual__2026-06-16T12:17:51.264416+00:00 [queued]>
[2026-06-16T12:17:52.481+0000] {taskinstance.py:2076} INFO - Dependencies all met for dep_context=requeueable deps ti=<TaskInstance: 07_gcp_create_infra.create_gcs_bucket manual__2026-06-16T12:17:51.264416+00:00 [queued]>
[2026-06-16T12:17:52.482+0000] {taskinstance.py:2306} INFO - Starting attempt 1 of 1
[2026-06-16T12:17:52.497+0000] {taskinstance.py:2330} INFO - Executing <Task(_PythonDecoratedOperator): create_gcs_bucket> on 2026-06-16 12:17:51.264416+00:00
[2026-06-16T12:17:52.506+0000] {standard_task_runner.py:90} INFO - Running: ['***', 'tasks', 'run', '07_gcp_create_infra', 'create_gcs_bucket', 'manual__2026-06-16T12:17:51.264416+00:00', '--job-id', '2', '--raw', '--subdir', 'DAGS_FOLDER/dag_07_gcp_create_infra.py', '--cfg-path', '/tmp/tmpxhn5xisf']
[2026-06-16T12:17:52.510+0000] {standard_task_runner.py:91} INFO - Job 2: Subtask create_gcs_bucket
[2026-06-16T12:17:52.522+0000] {logging_mixin.py:188} WARNING - /home/***/.local/lib/python3.12/site-packages/***/task/task_runner/standard_task_runner.py:62 DeprecationWarning: This process (pid=253) is multi-threaded, use of fork() may lead to deadlocks in the child.
[2026-06-16T12:17:52.523+0000] {standard_task_runner.py:64} INFO - Started process 256 to run task
[2026-06-16T12:17:52.600+0000] {task_command.py:426} INFO - Running <TaskInstance: 07_gcp_create_infra.create_gcs_bucket manual__2026-06-16T12:17:51.264416+00:00 [running]> on host d737cea85a57
[2026-06-16T12:17:52.748+0000] {taskinstance.py:2648} INFO - Exporting env vars: AIRFLOW_CTX_DAG_OWNER='***' AIRFLOW_CTX_DAG_ID='07_gcp_create_infra' AIRFLOW_CTX_TASK_ID='create_gcs_bucket' AIRFLOW_CTX_EXECUTION_DATE='2026-06-16T12:17:51.264416+00:00' AIRFLOW_CTX_TRY_NUMBER='1' AIRFLOW_CTX_DAG_RUN_ID='manual__2026-06-16T12:17:51.264416+00:00'
[2026-06-16T12:17:52.749+0000] {taskinstance.py:430} INFO - ::endgroup::
[2026-06-16T12:17:54.346+0000] {crypto.py:82} WARNING - empty cryptography key - values will not be stored encrypted.
[2026-06-16T12:17:54.346+0000] {connection.py:274} WARNING - Connection schemes (type: google_cloud_platform) shall not contain '_' according to RFC3986.
[2026-06-16T12:17:54.347+0000] {base.py:84} INFO - Using connection ID 'google_cloud_default' for task execution.
[2026-06-16T12:17:54.348+0000] {taskinstance.py:441} INFO - ::group::Post task execution logs
[2026-06-16T12:17:54.348+0000] {taskinstance.py:2905} ERROR - Task failed with exception
Traceback (most recent call last):
  File "/home/airflow/.local/lib/python3.12/site-packages/airflow/models/taskinstance.py", line 465, in _execute_task
    result = _execute_callable(context=context, **execute_callable_kwargs)
             ^^^^^^^^^^^^^^^^^^^^^^^^^^^^^^^^^^^^^^^^^^^^^^^^^^^^^^^^^^^^^
  File "/home/airflow/.local/lib/python3.12/site-packages/airflow/models/taskinstance.py", line 432, in _execute_callable
    return execute_callable(context=context, **execute_callable_kwargs)
           ^^^^^^^^^^^^^^^^^^^^^^^^^^^^^^^^^^^^^^^^^^^^^^^^^^^^^^^^^^^^
  File "/home/airflow/.local/lib/python3.12/site-packages/airflow/models/baseoperator.py", line 401, in wrapper
    return func(self, *args, **kwargs)
           ^^^^^^^^^^^^^^^^^^^^^^^^^^^
  File "/home/airflow/.local/lib/python3.12/site-packages/airflow/decorators/base.py", line 265, in execute
    return_value = super().execute(context)
                   ^^^^^^^^^^^^^^^^^^^^^^^^
  File "/home/airflow/.local/lib/python3.12/site-packages/airflow/models/baseoperator.py", line 401, in wrapper
    return func(self, *args, **kwargs)
           ^^^^^^^^^^^^^^^^^^^^^^^^^^^
  File "/home/airflow/.local/lib/python3.12/site-packages/airflow/operators/python.py", line 235, in execute
    return_value = self.execute_callable()
                   ^^^^^^^^^^^^^^^^^^^^^^^
  File "/home/airflow/.local/lib/python3.12/site-packages/airflow/operators/python.py", line 252, in execute_callable
    return self.python_callable(*self.op_args, **self.op_kwargs)
           ^^^^^^^^^^^^^^^^^^^^^^^^^^^^^^^^^^^^^^^^^^^^^^^^^^^^^
  File "/opt/airflow/dags/dag_07_gcp_create_infra.py", line 26, in create_gcs_bucket
    if hook.exists(bucket_name):
       ^^^^^^^^^^^^^^^^^^^^^^^^
TypeError: GCSHook.exists() missing 1 required positional argument: 'object_name'
[2026-06-16T12:17:54.363+0000] {taskinstance.py:1206} INFO - Marking task as FAILED. dag_id=07_gcp_create_infra, task_id=create_gcs_bucket, run_id=manual__2026-06-16T12:17:51.264416+00:00, execution_date=20260616T121751, start_date=20260616T121752, end_date=20260616T121754
[2026-06-16T12:17:53.929+0000] {standard_task_runner.py:110} ERROR - Failed to execute job 2 for task create_gcs_bucket (GCSHook.exists() missing 1 required positional argument: 'object_name'; 256)
[2026-06-16T12:17:53.970+0000] {local_task_job_runner.py:243} INFO - Task exited with return code 1
[2026-06-16T12:17:53.995+0000] {taskinstance.py:3503} INFO - 0 downstream tasks scheduled from follow-on schedule check
[2026-06-16T12:17:53.998+0000] {local_task_job_runner.py:222} INFO - ::endgroup::
