[2026-06-16T12:39:05.108+0000] {local_task_job_runner.py:120} INFO - ::group::Pre task execution logs
[2026-06-16T12:39:05.154+0000] {taskinstance.py:2076} INFO - Dependencies all met for dep_context=non-requeueable deps ti=<TaskInstance: 09_gcp_taxi_scheduled.purge_file scheduled__2019-01-01T09:00:00+00:00 [queued]>
[2026-06-16T12:39:05.164+0000] {taskinstance.py:2076} INFO - Dependencies all met for dep_context=requeueable deps ti=<TaskInstance: 09_gcp_taxi_scheduled.purge_file scheduled__2019-01-01T09:00:00+00:00 [queued]>
[2026-06-16T12:39:05.164+0000] {taskinstance.py:2306} INFO - Starting attempt 1 of 1
[2026-06-16T12:39:05.180+0000] {taskinstance.py:2330} INFO - Executing <Task(_PythonDecoratedOperator): purge_file> on 2019-01-01 09:00:00+00:00
[2026-06-16T12:39:05.189+0000] {standard_task_runner.py:90} INFO - Running: ['***', 'tasks', 'run', '09_gcp_taxi_scheduled', 'purge_file', 'scheduled__2019-01-01T09:00:00+00:00', '--job-id', '19', '--raw', '--subdir', 'DAGS_FOLDER/dag_09_gcp_taxi_scheduled.py', '--cfg-path', '/tmp/tmppdm5toql']
[2026-06-16T12:39:05.192+0000] {standard_task_runner.py:91} INFO - Job 19: Subtask purge_file
[2026-06-16T12:39:05.198+0000] {logging_mixin.py:188} WARNING - /home/***/.local/lib/python3.12/site-packages/***/task/task_runner/standard_task_runner.py:62 DeprecationWarning: This process (pid=1799) is multi-threaded, use of fork() may lead to deadlocks in the child.
[2026-06-16T12:39:05.200+0000] {standard_task_runner.py:64} INFO - Started process 1800 to run task
[2026-06-16T12:39:05.270+0000] {task_command.py:426} INFO - Running <TaskInstance: 09_gcp_taxi_scheduled.purge_file scheduled__2019-01-01T09:00:00+00:00 [running]> on host d737cea85a57
[2026-06-16T12:39:05.405+0000] {taskinstance.py:2648} INFO - Exporting env vars: AIRFLOW_CTX_DAG_OWNER='***' AIRFLOW_CTX_DAG_ID='09_gcp_taxi_scheduled' AIRFLOW_CTX_TASK_ID='purge_file' AIRFLOW_CTX_EXECUTION_DATE='2019-01-01T09:00:00+00:00' AIRFLOW_CTX_TRY_NUMBER='1' AIRFLOW_CTX_DAG_RUN_ID='scheduled__2019-01-01T09:00:00+00:00'
[2026-06-16T12:39:05.406+0000] {taskinstance.py:430} INFO - ::endgroup::
[2026-06-16T12:39:05.447+0000] {logging_mixin.py:188} INFO - Cleaned up: /tmp/yellow_tripdata_2019-01.csv
[2026-06-16T12:39:05.448+0000] {python.py:237} INFO - Done. Returned value was: None
[2026-06-16T12:39:05.448+0000] {taskinstance.py:441} INFO - ::group::Post task execution logs
[2026-06-16T12:39:05.464+0000] {taskinstance.py:1206} INFO - Marking task as SUCCESS. dag_id=09_gcp_taxi_scheduled, task_id=purge_file, run_id=scheduled__2019-01-01T09:00:00+00:00, execution_date=20190101T090000, start_date=20260616T123905, end_date=20260616T123905
[2026-06-16T12:39:05.498+0000] {local_task_job_runner.py:243} INFO - Task exited with return code 0
[2026-06-16T12:39:05.528+0000] {taskinstance.py:3503} INFO - 0 downstream tasks scheduled from follow-on schedule check
[2026-06-16T12:39:05.532+0000] {local_task_job_runner.py:222} INFO - ::endgroup::
[2026-06-21T17:02:21.860+0000] {local_task_job_runner.py:120} INFO - ::group::Pre task execution logs
[2026-06-21T17:02:21.903+0000] {taskinstance.py:2076} INFO - Dependencies all met for dep_context=non-requeueable deps ti=<TaskInstance: 09_gcp_taxi_scheduled.purge_file scheduled__2019-01-01T09:00:00+00:00 [queued]>
[2026-06-21T17:02:21.913+0000] {taskinstance.py:2076} INFO - Dependencies all met for dep_context=requeueable deps ti=<TaskInstance: 09_gcp_taxi_scheduled.purge_file scheduled__2019-01-01T09:00:00+00:00 [queued]>
[2026-06-21T17:02:21.914+0000] {taskinstance.py:2306} INFO - Starting attempt 1 of 1
[2026-06-21T17:02:21.928+0000] {taskinstance.py:2330} INFO - Executing <Task(_PythonDecoratedOperator): purge_file> on 2019-01-01 09:00:00+00:00
[2026-06-21T17:02:21.937+0000] {standard_task_runner.py:90} INFO - Running: ['***', 'tasks', 'run', '09_gcp_taxi_scheduled', 'purge_file', 'scheduled__2019-01-01T09:00:00+00:00', '--job-id', '6', '--raw', '--subdir', 'DAGS_FOLDER/dag_09_gcp_taxi_scheduled.py', '--cfg-path', '/tmp/tmpw6th58to']
[2026-06-21T17:02:21.940+0000] {standard_task_runner.py:91} INFO - Job 6: Subtask purge_file
[2026-06-21T17:02:21.946+0000] {logging_mixin.py:188} WARNING - /home/***/.local/lib/python3.12/site-packages/***/task/task_runner/standard_task_runner.py:62 DeprecationWarning: This process (pid=793) is multi-threaded, use of fork() may lead to deadlocks in the child.
[2026-06-21T17:02:21.947+0000] {standard_task_runner.py:64} INFO - Started process 794 to run task
[2026-06-21T17:02:22.020+0000] {task_command.py:426} INFO - Running <TaskInstance: 09_gcp_taxi_scheduled.purge_file scheduled__2019-01-01T09:00:00+00:00 [running]> on host 70102c0d5da9
[2026-06-21T17:02:22.170+0000] {taskinstance.py:2648} INFO - Exporting env vars: AIRFLOW_CTX_DAG_OWNER='***' AIRFLOW_CTX_DAG_ID='09_gcp_taxi_scheduled' AIRFLOW_CTX_TASK_ID='purge_file' AIRFLOW_CTX_EXECUTION_DATE='2019-01-01T09:00:00+00:00' AIRFLOW_CTX_TRY_NUMBER='1' AIRFLOW_CTX_DAG_RUN_ID='scheduled__2019-01-01T09:00:00+00:00'
[2026-06-21T17:02:22.171+0000] {taskinstance.py:430} INFO - ::endgroup::
[2026-06-21T17:02:22.206+0000] {logging_mixin.py:188} INFO - Cleaned up: /tmp/yellow_tripdata_2019-01.csv
[2026-06-21T17:02:22.206+0000] {python.py:237} INFO - Done. Returned value was: None
[2026-06-21T17:02:22.207+0000] {taskinstance.py:441} INFO - ::group::Post task execution logs
[2026-06-21T17:02:22.222+0000] {taskinstance.py:1206} INFO - Marking task as SUCCESS. dag_id=09_gcp_taxi_scheduled, task_id=purge_file, run_id=scheduled__2019-01-01T09:00:00+00:00, execution_date=20190101T090000, start_date=20260621T170221, end_date=20260621T170222
[2026-06-21T17:02:22.244+0000] {local_task_job_runner.py:243} INFO - Task exited with return code 0
[2026-06-21T17:02:22.267+0000] {taskinstance.py:3503} INFO - 0 downstream tasks scheduled from follow-on schedule check
[2026-06-21T17:02:22.270+0000] {local_task_job_runner.py:222} INFO - ::endgroup::
