[2026-06-15T14:29:45.044+0000] {local_task_job_runner.py:120} INFO - ::group::Pre task execution logs
[2026-06-15T14:29:45.124+0000] {taskinstance.py:2076} INFO - Dependencies all met for dep_context=non-requeueable deps ti=<TaskInstance: 04_postgres_taxi.load_to_staging manual__2026-06-15T14:29:41+00:00 [queued]>
[2026-06-15T14:29:45.140+0000] {taskinstance.py:2076} INFO - Dependencies all met for dep_context=requeueable deps ti=<TaskInstance: 04_postgres_taxi.load_to_staging manual__2026-06-15T14:29:41+00:00 [queued]>
[2026-06-15T14:29:45.141+0000] {taskinstance.py:2306} INFO - Starting attempt 1 of 1
[2026-06-15T14:29:45.163+0000] {taskinstance.py:2330} INFO - Executing <Task(_PythonDecoratedOperator): load_to_staging> on 2026-06-15 14:29:41+00:00
[2026-06-15T14:29:45.175+0000] {standard_task_runner.py:90} INFO - Running: ['***', 'tasks', 'run', '04_postgres_taxi', 'load_to_staging', 'manual__2026-06-15T14:29:41+00:00', '--job-id', '23', '--raw', '--subdir', 'DAGS_FOLDER/dag_04_postgres_taxi.py', '--cfg-path', '/tmp/tmpuddt40al']
[2026-06-15T14:29:45.179+0000] {standard_task_runner.py:91} INFO - Job 23: Subtask load_to_staging
[2026-06-15T14:29:45.180+0000] {logging_mixin.py:188} WARNING - /home/***/.local/lib/python3.12/site-packages/***/task/task_runner/standard_task_runner.py:62 DeprecationWarning: This process (pid=1694) is multi-threaded, use of fork() may lead to deadlocks in the child.
[2026-06-15T14:29:45.181+0000] {standard_task_runner.py:64} INFO - Started process 1695 to run task
[2026-06-15T14:29:45.270+0000] {task_command.py:426} INFO - Running <TaskInstance: 04_postgres_taxi.load_to_staging manual__2026-06-15T14:29:41+00:00 [running]> on host b107edefa4b1
[2026-06-15T14:29:45.481+0000] {taskinstance.py:2648} INFO - Exporting env vars: AIRFLOW_CTX_DAG_OWNER='***' AIRFLOW_CTX_DAG_ID='04_postgres_taxi' AIRFLOW_CTX_TASK_ID='load_to_staging' AIRFLOW_CTX_EXECUTION_DATE='2026-06-15T14:29:41+00:00' AIRFLOW_CTX_TRY_NUMBER='1' AIRFLOW_CTX_DAG_RUN_ID='manual__2026-06-15T14:29:41+00:00'
[2026-06-15T14:29:45.483+0000] {taskinstance.py:430} INFO - ::endgroup::
[2026-06-15T14:29:45.486+0000] {crypto.py:82} WARNING - empty cryptography key - values will not be stored encrypted.
[2026-06-15T14:29:45.487+0000] {base.py:84} INFO - Using connection ID 'postgres_zoomcamp' for task execution.
[2026-06-15T14:29:45.597+0000] {taskinstance.py:441} INFO - ::group::Post task execution logs
[2026-06-15T14:29:45.598+0000] {taskinstance.py:2905} ERROR - Task failed with exception
Traceback (most recent call last):
  File "/home/airflow/.local/lib/python3.12/site-packages/airflow/models/taskinstance.py", line 465, in _execute_task
    result = _execute_callable(context=context, **execute_callable_kwargs)
             ^^^^^^^^^^^^^^^^^^^^^^^^^^^^^^^^^^^^^^^^^^^^^^^^^^^^^^^^^^^^^
  File "/home/airflow/.local/lib/python3.12/site-packages/airflow/models/taskinstance.py", line 432, in _execute_callable
    return execute_callable(context=context, **execute_callable_kwargs)
           ^^^^^^^^^^^^^^^^^^^^^^^^^^^^^^^^^^^^^^^^^^^^^^^^^^^^^^^^^^^^
  File "/home/airflow/.local/lib/python3.12/site-packages/airflow/models/baseoperator.py", line 401, in wrapper
    return func(self, *args, **kwargs)
           ^^^^^^^^^^^^^^^^^^^^^^^^^^^
  File "/home/airflow/.local/lib/python3.12/site-packages/airflow/decorators/base.py", line 265, in execute
    return_value = super().execute(context)
                   ^^^^^^^^^^^^^^^^^^^^^^^^
  File "/home/airflow/.local/lib/python3.12/site-packages/airflow/models/baseoperator.py", line 401, in wrapper
    return func(self, *args, **kwargs)
           ^^^^^^^^^^^^^^^^^^^^^^^^^^^
  File "/home/airflow/.local/lib/python3.12/site-packages/airflow/operators/python.py", line 235, in execute
    return_value = self.execute_callable()
                   ^^^^^^^^^^^^^^^^^^^^^^^
  File "/home/airflow/.local/lib/python3.12/site-packages/airflow/operators/python.py", line 252, in execute_callable
    return self.python_callable(*self.op_args, **self.op_kwargs)
           ^^^^^^^^^^^^^^^^^^^^^^^^^^^^^^^^^^^^^^^^^^^^^^^^^^^^^
  File "/opt/airflow/dags/dag_04_postgres_taxi.py", line 152, in load_to_staging
    cur.copy_expert(copy_sql, f)
psycopg2.errors.BadCopyFileFormat: extra data after last expected column
CONTEXT:  COPY green_tripdata_staging, line 2: "2,2021-01-01 00:15:56,2021-01-01 00:19:52,N,1,43,151,1,1.01,5.5,0.5,0.5,0,0,,0.3,6.8,2,1,0"

[2026-06-15T14:29:45.616+0000] {taskinstance.py:1206} INFO - Marking task as FAILED. dag_id=04_postgres_taxi, task_id=load_to_staging, run_id=manual__2026-06-15T14:29:41+00:00, execution_date=20260615T142941, start_date=20260615T142945, end_date=20260615T142945
[2026-06-15T14:29:45.637+0000] {standard_task_runner.py:110} ERROR - Failed to execute job 23 for task load_to_staging (extra data after last expected column
CONTEXT:  COPY green_tripdata_staging, line 2: "2,2021-01-01 00:15:56,2021-01-01 00:19:52,N,1,43,151,1,1.01,5.5,0.5,0.5,0,0,,0.3,6.8,2,1,0"
; 1695)
[2026-06-15T14:29:45.682+0000] {local_task_job_runner.py:243} INFO - Task exited with return code 1
[2026-06-15T14:29:45.723+0000] {taskinstance.py:3503} INFO - 0 downstream tasks scheduled from follow-on schedule check
[2026-06-15T14:29:45.730+0000] {local_task_job_runner.py:222} INFO - ::endgroup::
