[2026-06-15T14:26:38.105+0000] {local_task_job_runner.py:120} INFO - ::group::Pre task execution logs
[2026-06-15T14:26:38.192+0000] {taskinstance.py:2076} INFO - Dependencies all met for dep_context=non-requeueable deps ti=<TaskInstance: 04_postgres_taxi.extract manual__2026-06-15T14:26:36+00:00 [queued]>
[2026-06-15T14:26:38.216+0000] {taskinstance.py:2076} INFO - Dependencies all met for dep_context=requeueable deps ti=<TaskInstance: 04_postgres_taxi.extract manual__2026-06-15T14:26:36+00:00 [queued]>
[2026-06-15T14:26:38.217+0000] {taskinstance.py:2306} INFO - Starting attempt 1 of 1
[2026-06-15T14:26:38.245+0000] {taskinstance.py:2330} INFO - Executing <Task(_PythonDecoratedOperator): extract> on 2026-06-15 14:26:36+00:00
[2026-06-15T14:26:38.262+0000] {standard_task_runner.py:90} INFO - Running: ['***', 'tasks', 'run', '04_postgres_taxi', 'extract', 'manual__2026-06-15T14:26:36+00:00', '--job-id', '18', '--raw', '--subdir', 'DAGS_FOLDER/dag_04_postgres_taxi.py', '--cfg-path', '/tmp/tmpf_ecc_1_']
[2026-06-15T14:26:38.270+0000] {standard_task_runner.py:91} INFO - Job 18: Subtask extract
[2026-06-15T14:26:38.279+0000] {logging_mixin.py:188} WARNING - /home/***/.local/lib/python3.12/site-packages/***/task/task_runner/standard_task_runner.py:62 DeprecationWarning: This process (pid=1497) is multi-threaded, use of fork() may lead to deadlocks in the child.
[2026-06-15T14:26:38.281+0000] {standard_task_runner.py:64} INFO - Started process 1503 to run task
[2026-06-15T14:26:38.448+0000] {task_command.py:426} INFO - Running <TaskInstance: 04_postgres_taxi.extract manual__2026-06-15T14:26:36+00:00 [running]> on host b107edefa4b1
[2026-06-15T14:26:38.739+0000] {taskinstance.py:2648} INFO - Exporting env vars: AIRFLOW_CTX_DAG_OWNER='***' AIRFLOW_CTX_DAG_ID='04_postgres_taxi' AIRFLOW_CTX_TASK_ID='extract' AIRFLOW_CTX_EXECUTION_DATE='2026-06-15T14:26:36+00:00' AIRFLOW_CTX_TRY_NUMBER='1' AIRFLOW_CTX_DAG_RUN_ID='manual__2026-06-15T14:26:36+00:00'
[2026-06-15T14:26:38.741+0000] {taskinstance.py:430} INFO - ::endgroup::
[2026-06-15T14:26:38.743+0000] {logging_mixin.py:188} INFO - Downloading https://github.com/DataTalksClub/nyc-tlc-data/releases/download/yellow/yellow_tripdata_2019-01.csv.gz → /tmp/yellow_tripdata_2019-01.csv
[2026-06-15T14:26:38.763+0000] {taskinstance.py:441} INFO - ::group::Post task execution logs
[2026-06-15T14:26:38.764+0000] {taskinstance.py:2905} ERROR - Task failed with exception
Traceback (most recent call last):
  File "/home/airflow/.local/lib/python3.12/site-packages/airflow/models/taskinstance.py", line 465, in _execute_task
    result = _execute_callable(context=context, **execute_callable_kwargs)
             ^^^^^^^^^^^^^^^^^^^^^^^^^^^^^^^^^^^^^^^^^^^^^^^^^^^^^^^^^^^^^
  File "/home/airflow/.local/lib/python3.12/site-packages/airflow/models/taskinstance.py", line 432, in _execute_callable
    return execute_callable(context=context, **execute_callable_kwargs)
           ^^^^^^^^^^^^^^^^^^^^^^^^^^^^^^^^^^^^^^^^^^^^^^^^^^^^^^^^^^^^
  File "/home/airflow/.local/lib/python3.12/site-packages/airflow/models/baseoperator.py", line 401, in wrapper
    return func(self, *args, **kwargs)
           ^^^^^^^^^^^^^^^^^^^^^^^^^^^
  File "/home/airflow/.local/lib/python3.12/site-packages/airflow/decorators/base.py", line 265, in execute
    return_value = super().execute(context)
                   ^^^^^^^^^^^^^^^^^^^^^^^^
  File "/home/airflow/.local/lib/python3.12/site-packages/airflow/models/baseoperator.py", line 401, in wrapper
    return func(self, *args, **kwargs)
           ^^^^^^^^^^^^^^^^^^^^^^^^^^^
  File "/home/airflow/.local/lib/python3.12/site-packages/airflow/operators/python.py", line 235, in execute
    return_value = self.execute_callable()
                   ^^^^^^^^^^^^^^^^^^^^^^^
  File "/home/airflow/.local/lib/python3.12/site-packages/airflow/operators/python.py", line 252, in execute_callable
    return self.python_callable(*self.op_args, **self.op_kwargs)
           ^^^^^^^^^^^^^^^^^^^^^^^^^^^^^^^^^^^^^^^^^^^^^^^^^^^^^
  File "/opt/airflow/dags/dag_04_postgres_taxi.py", line 74, in extract
    result = subprocess.run(
             ^^^^^^^^^^^^^^^
  File "/usr/local/lib/python3.12/subprocess.py", line 571, in run
    raise CalledProcessError(retcode, process.args,
subprocess.CalledProcessError: Command 'wget -qO- https://github.com/DataTalksClub/nyc-tlc-data/releases/download/yellow/yellow_tripdata_2019-01.csv.gz | gunzip > /tmp/yellow_tripdata_2019-01.csv' returned non-zero exit status 1.
[2026-06-15T14:26:38.796+0000] {taskinstance.py:1206} INFO - Marking task as FAILED. dag_id=04_postgres_taxi, task_id=extract, run_id=manual__2026-06-15T14:26:36+00:00, execution_date=20260615T142636, start_date=20260615T142638, end_date=20260615T142638
[2026-06-15T14:26:38.820+0000] {standard_task_runner.py:110} ERROR - Failed to execute job 18 for task extract (Command 'wget -qO- https://github.com/DataTalksClub/nyc-tlc-data/releases/download/yellow/yellow_tripdata_2019-01.csv.gz | gunzip > /tmp/yellow_tripdata_2019-01.csv' returned non-zero exit status 1.; 1503)
[2026-06-15T14:26:38.870+0000] {local_task_job_runner.py:243} INFO - Task exited with return code 1
[2026-06-15T14:26:38.898+0000] {local_task_job_runner.py:222} INFO - ::endgroup::
