[2026-06-16T12:23:14.033+0000] {local_task_job_runner.py:120} INFO - ::group::Pre task execution logs
[2026-06-16T12:23:14.098+0000] {taskinstance.py:2076} INFO - Dependencies all met for dep_context=non-requeueable deps ti=<TaskInstance: 08_gcp_taxi.create_bq_table manual__2026-06-16T12:22:28+00:00 [queued]>
[2026-06-16T12:23:14.111+0000] {taskinstance.py:2076} INFO - Dependencies all met for dep_context=requeueable deps ti=<TaskInstance: 08_gcp_taxi.create_bq_table manual__2026-06-16T12:22:28+00:00 [queued]>
[2026-06-16T12:23:14.112+0000] {taskinstance.py:2306} INFO - Starting attempt 1 of 1
[2026-06-16T12:23:14.131+0000] {taskinstance.py:2330} INFO - Executing <Task(_PythonDecoratedOperator): create_bq_table> on 2026-06-16 12:22:28+00:00
[2026-06-16T12:23:14.142+0000] {standard_task_runner.py:90} INFO - Running: ['***', 'tasks', 'run', '08_gcp_taxi', 'create_bq_table', 'manual__2026-06-16T12:22:28+00:00', '--job-id', '6', '--raw', '--subdir', 'DAGS_FOLDER/dag_08_gcp_taxi.py', '--cfg-path', '/tmp/tmpk8srx54b']
[2026-06-16T12:23:14.146+0000] {standard_task_runner.py:91} INFO - Job 6: Subtask create_bq_table
[2026-06-16T12:23:14.158+0000] {logging_mixin.py:188} WARNING - /home/***/.local/lib/python3.12/site-packages/***/task/task_runner/standard_task_runner.py:62 DeprecationWarning: This process (pid=653) is multi-threaded, use of fork() may lead to deadlocks in the child.
[2026-06-16T12:23:14.159+0000] {standard_task_runner.py:64} INFO - Started process 655 to run task
[2026-06-16T12:23:14.251+0000] {task_command.py:426} INFO - Running <TaskInstance: 08_gcp_taxi.create_bq_table manual__2026-06-16T12:22:28+00:00 [running]> on host d737cea85a57
[2026-06-16T12:23:14.393+0000] {taskinstance.py:2648} INFO - Exporting env vars: AIRFLOW_CTX_DAG_OWNER='***' AIRFLOW_CTX_DAG_ID='08_gcp_taxi' AIRFLOW_CTX_TASK_ID='create_bq_table' AIRFLOW_CTX_EXECUTION_DATE='2026-06-16T12:22:28+00:00' AIRFLOW_CTX_TRY_NUMBER='1' AIRFLOW_CTX_DAG_RUN_ID='manual__2026-06-16T12:22:28+00:00'
[2026-06-16T12:23:14.395+0000] {taskinstance.py:430} INFO - ::endgroup::
[2026-06-16T12:23:15.898+0000] {crypto.py:82} WARNING - empty cryptography key - values will not be stored encrypted.
[2026-06-16T12:23:15.899+0000] {connection.py:274} WARNING - Connection schemes (type: google_cloud_platform) shall not contain '_' according to RFC3986.
[2026-06-16T12:23:15.900+0000] {base.py:84} INFO - Using connection ID 'google_cloud_default' for task execution.
[2026-06-16T12:23:15.954+0000] {taskinstance.py:441} INFO - ::group::Post task execution logs
[2026-06-16T12:23:15.954+0000] {taskinstance.py:2905} ERROR - Task failed with exception
Traceback (most recent call last):
  File "/home/airflow/.local/lib/python3.12/site-packages/airflow/models/taskinstance.py", line 465, in _execute_task
    result = _execute_callable(context=context, **execute_callable_kwargs)
             ^^^^^^^^^^^^^^^^^^^^^^^^^^^^^^^^^^^^^^^^^^^^^^^^^^^^^^^^^^^^^
  File "/home/airflow/.local/lib/python3.12/site-packages/airflow/models/taskinstance.py", line 432, in _execute_callable
    return execute_callable(context=context, **execute_callable_kwargs)
           ^^^^^^^^^^^^^^^^^^^^^^^^^^^^^^^^^^^^^^^^^^^^^^^^^^^^^^^^^^^^
  File "/home/airflow/.local/lib/python3.12/site-packages/airflow/models/baseoperator.py", line 401, in wrapper
    return func(self, *args, **kwargs)
           ^^^^^^^^^^^^^^^^^^^^^^^^^^^
  File "/home/airflow/.local/lib/python3.12/site-packages/airflow/decorators/base.py", line 265, in execute
    return_value = super().execute(context)
                   ^^^^^^^^^^^^^^^^^^^^^^^^
  File "/home/airflow/.local/lib/python3.12/site-packages/airflow/models/baseoperator.py", line 401, in wrapper
    return func(self, *args, **kwargs)
           ^^^^^^^^^^^^^^^^^^^^^^^^^^^
  File "/home/airflow/.local/lib/python3.12/site-packages/airflow/operators/python.py", line 235, in execute
    return_value = self.execute_callable()
                   ^^^^^^^^^^^^^^^^^^^^^^^
  File "/home/airflow/.local/lib/python3.12/site-packages/airflow/operators/python.py", line 252, in execute_callable
    return self.python_callable(*self.op_args, **self.op_kwargs)
           ^^^^^^^^^^^^^^^^^^^^^^^^^^^^^^^^^^^^^^^^^^^^^^^^^^^^^
  File "/opt/airflow/dags/dag_08_gcp_taxi.py", line 143, in create_bq_table
    hook.create_empty_table(
  File "/home/airflow/.local/lib/python3.12/site-packages/airflow/providers/google/common/hooks/base_google.py", line 558, in inner_wrapper
    return func(self, *args, **kwargs)
           ^^^^^^^^^^^^^^^^^^^^^^^^^^^
  File "/home/airflow/.local/lib/python3.12/site-packages/airflow/providers/google/cloud/hooks/bigquery.py", line 484, in create_empty_table
    return self.get_client(project_id=project_id, location=location).create_table(
           ^^^^^^^^^^^^^^^^^^^^^^^^^^^^^^^^^^^^^^^^^^^^^^^^^^^^^^^^^^^^^^^^^^^^^^^
  File "/home/airflow/.local/lib/python3.12/site-packages/google/cloud/bigquery/client.py", line 797, in create_table
    api_response = self._call_api(
                   ^^^^^^^^^^^^^^^
  File "/home/airflow/.local/lib/python3.12/site-packages/google/cloud/bigquery/client.py", line 831, in _call_api
    return call()
           ^^^^^^
  File "/home/airflow/.local/lib/python3.12/site-packages/google/api_core/retry/retry_unary.py", line 293, in retry_wrapped_func
    return retry_target(
           ^^^^^^^^^^^^^
  File "/home/airflow/.local/lib/python3.12/site-packages/google/api_core/retry/retry_unary.py", line 153, in retry_target
    _retry_error_helper(
  File "/home/airflow/.local/lib/python3.12/site-packages/google/api_core/retry/retry_base.py", line 212, in _retry_error_helper
    raise final_exc from source_exc
  File "/home/airflow/.local/lib/python3.12/site-packages/google/api_core/retry/retry_unary.py", line 144, in retry_target
    result = target()
             ^^^^^^^^
  File "/home/airflow/.local/lib/python3.12/site-packages/google/cloud/_http/__init__.py", line 479, in api_request
    data = json.dumps(data)
           ^^^^^^^^^^^^^^^^
  File "/usr/local/lib/python3.12/json/__init__.py", line 231, in dumps
    return _default_encoder.encode(obj)
           ^^^^^^^^^^^^^^^^^^^^^^^^^^^^
  File "/usr/local/lib/python3.12/json/encoder.py", line 200, in encode
    chunks = self.iterencode(o, _one_shot=True)
             ^^^^^^^^^^^^^^^^^^^^^^^^^^^^^^^^^^
  File "/usr/local/lib/python3.12/json/encoder.py", line 258, in iterencode
    return _iterencode(o, 0)
           ^^^^^^^^^^^^^^^^^
  File "/usr/local/lib/python3.12/json/encoder.py", line 180, in default
    raise TypeError(f'Object of type {o.__class__.__name__} '
TypeError: Object of type SchemaField is not JSON serializable
[2026-06-16T12:23:15.974+0000] {taskinstance.py:1206} INFO - Marking task as FAILED. dag_id=08_gcp_taxi, task_id=create_bq_table, run_id=manual__2026-06-16T12:22:28+00:00, execution_date=20260616T122228, start_date=20260616T122314, end_date=20260616T122315
[2026-06-16T12:23:15.990+0000] {standard_task_runner.py:110} ERROR - Failed to execute job 6 for task create_bq_table (Object of type SchemaField is not JSON serializable; 655)
[2026-06-16T12:23:16.022+0000] {local_task_job_runner.py:243} INFO - Task exited with return code 1
[2026-06-16T12:23:16.056+0000] {taskinstance.py:3503} INFO - 0 downstream tasks scheduled from follow-on schedule check
[2026-06-16T12:23:16.061+0000] {local_task_job_runner.py:222} INFO - ::endgroup::
