[2026-06-16T12:39:07.437+0000] {local_task_job_runner.py:120} INFO - ::group::Pre task execution logs
[2026-06-16T12:39:07.506+0000] {taskinstance.py:2076} INFO - Dependencies all met for dep_context=non-requeueable deps ti=<TaskInstance: 09_gcp_taxi_scheduled.extract scheduled__2019-02-01T09:00:00+00:00 [queued]>
[2026-06-16T12:39:07.516+0000] {taskinstance.py:2076} INFO - Dependencies all met for dep_context=requeueable deps ti=<TaskInstance: 09_gcp_taxi_scheduled.extract scheduled__2019-02-01T09:00:00+00:00 [queued]>
[2026-06-16T12:39:07.516+0000] {taskinstance.py:2306} INFO - Starting attempt 1 of 1
[2026-06-16T12:39:07.535+0000] {taskinstance.py:2330} INFO - Executing <Task(_PythonDecoratedOperator): extract> on 2019-02-01 09:00:00+00:00
[2026-06-16T12:39:07.543+0000] {standard_task_runner.py:90} INFO - Running: ['***', 'tasks', 'run', '09_gcp_taxi_scheduled', 'extract', 'scheduled__2019-02-01T09:00:00+00:00', '--job-id', '20', '--raw', '--subdir', 'DAGS_FOLDER/dag_09_gcp_taxi_scheduled.py', '--cfg-path', '/tmp/tmposbkt9xf']
[2026-06-16T12:39:07.546+0000] {standard_task_runner.py:91} INFO - Job 20: Subtask extract
[2026-06-16T12:39:07.550+0000] {logging_mixin.py:188} WARNING - /home/***/.local/lib/python3.12/site-packages/***/task/task_runner/standard_task_runner.py:62 DeprecationWarning: This process (pid=1801) is multi-threaded, use of fork() may lead to deadlocks in the child.
[2026-06-16T12:39:07.551+0000] {standard_task_runner.py:64} INFO - Started process 1804 to run task
[2026-06-16T12:39:07.639+0000] {task_command.py:426} INFO - Running <TaskInstance: 09_gcp_taxi_scheduled.extract scheduled__2019-02-01T09:00:00+00:00 [running]> on host d737cea85a57
[2026-06-16T12:39:07.807+0000] {taskinstance.py:2648} INFO - Exporting env vars: AIRFLOW_CTX_DAG_OWNER='***' AIRFLOW_CTX_DAG_ID='09_gcp_taxi_scheduled' AIRFLOW_CTX_TASK_ID='extract' AIRFLOW_CTX_EXECUTION_DATE='2019-02-01T09:00:00+00:00' AIRFLOW_CTX_TRY_NUMBER='1' AIRFLOW_CTX_DAG_RUN_ID='scheduled__2019-02-01T09:00:00+00:00'
[2026-06-16T12:39:07.808+0000] {taskinstance.py:430} INFO - ::endgroup::
[2026-06-16T12:39:07.809+0000] {logging_mixin.py:188} INFO - Downloading https://github.com/DataTalksClub/nyc-tlc-data/releases/download/yellow/yellow_tripdata_2019-02.csv.gz → /tmp/yellow_tripdata_2019-02.csv.gz
[2026-06-16T12:39:21.345+0000] {logging_mixin.py:188} INFO - Decompressing /tmp/yellow_tripdata_2019-02.csv.gz → /tmp/yellow_tripdata_2019-02.csv
[2026-06-16T12:39:24.387+0000] {logging_mixin.py:188} INFO - Downloaded 649,882,828 bytes uncompressed
[2026-06-16T12:39:24.387+0000] {python.py:237} INFO - Done. Returned value was: /tmp/yellow_tripdata_2019-02.csv
[2026-06-16T12:39:24.388+0000] {taskinstance.py:441} INFO - ::group::Post task execution logs
[2026-06-16T12:39:24.424+0000] {taskinstance.py:1206} INFO - Marking task as SUCCESS. dag_id=09_gcp_taxi_scheduled, task_id=extract, run_id=scheduled__2019-02-01T09:00:00+00:00, execution_date=20190201T090000, start_date=20260616T123907, end_date=20260616T123924
[2026-06-16T12:39:24.482+0000] {local_task_job_runner.py:243} INFO - Task exited with return code 0
[2026-06-16T12:39:24.518+0000] {taskinstance.py:3503} INFO - 1 downstream tasks scheduled from follow-on schedule check
[2026-06-16T12:39:24.522+0000] {local_task_job_runner.py:222} INFO - ::endgroup::
[2026-06-21T17:02:23.600+0000] {local_task_job_runner.py:120} INFO - ::group::Pre task execution logs
[2026-06-21T17:02:23.647+0000] {taskinstance.py:2076} INFO - Dependencies all met for dep_context=non-requeueable deps ti=<TaskInstance: 09_gcp_taxi_scheduled.extract scheduled__2019-02-01T09:00:00+00:00 [queued]>
[2026-06-21T17:02:23.660+0000] {taskinstance.py:2076} INFO - Dependencies all met for dep_context=requeueable deps ti=<TaskInstance: 09_gcp_taxi_scheduled.extract scheduled__2019-02-01T09:00:00+00:00 [queued]>
[2026-06-21T17:02:23.660+0000] {taskinstance.py:2306} INFO - Starting attempt 1 of 1
[2026-06-21T17:02:23.678+0000] {taskinstance.py:2330} INFO - Executing <Task(_PythonDecoratedOperator): extract> on 2019-02-01 09:00:00+00:00
[2026-06-21T17:02:23.688+0000] {standard_task_runner.py:90} INFO - Running: ['***', 'tasks', 'run', '09_gcp_taxi_scheduled', 'extract', 'scheduled__2019-02-01T09:00:00+00:00', '--job-id', '7', '--raw', '--subdir', 'DAGS_FOLDER/dag_09_gcp_taxi_scheduled.py', '--cfg-path', '/tmp/tmpieg66ppq']
[2026-06-21T17:02:23.691+0000] {standard_task_runner.py:91} INFO - Job 7: Subtask extract
[2026-06-21T17:02:23.698+0000] {logging_mixin.py:188} WARNING - /home/***/.local/lib/python3.12/site-packages/***/task/task_runner/standard_task_runner.py:62 DeprecationWarning: This process (pid=796) is multi-threaded, use of fork() may lead to deadlocks in the child.
[2026-06-21T17:02:23.699+0000] {standard_task_runner.py:64} INFO - Started process 797 to run task
[2026-06-21T17:02:23.804+0000] {task_command.py:426} INFO - Running <TaskInstance: 09_gcp_taxi_scheduled.extract scheduled__2019-02-01T09:00:00+00:00 [running]> on host 70102c0d5da9
[2026-06-21T17:02:23.962+0000] {taskinstance.py:2648} INFO - Exporting env vars: AIRFLOW_CTX_DAG_OWNER='***' AIRFLOW_CTX_DAG_ID='09_gcp_taxi_scheduled' AIRFLOW_CTX_TASK_ID='extract' AIRFLOW_CTX_EXECUTION_DATE='2019-02-01T09:00:00+00:00' AIRFLOW_CTX_TRY_NUMBER='1' AIRFLOW_CTX_DAG_RUN_ID='scheduled__2019-02-01T09:00:00+00:00'
[2026-06-21T17:02:23.964+0000] {taskinstance.py:430} INFO - ::endgroup::
[2026-06-21T17:02:23.965+0000] {logging_mixin.py:188} INFO - Downloading https://github.com/DataTalksClub/nyc-tlc-data/releases/download/yellow/yellow_tripdata_2019-02.csv.gz → /tmp/yellow_tripdata_2019-02.csv.gz
[2026-06-21T17:02:37.931+0000] {logging_mixin.py:188} INFO - Decompressing /tmp/yellow_tripdata_2019-02.csv.gz → /tmp/yellow_tripdata_2019-02.csv
[2026-06-21T17:02:40.905+0000] {logging_mixin.py:188} INFO - Downloaded 649,882,828 bytes uncompressed
[2026-06-21T17:02:40.906+0000] {python.py:237} INFO - Done. Returned value was: /tmp/yellow_tripdata_2019-02.csv
[2026-06-21T17:02:40.906+0000] {taskinstance.py:441} INFO - ::group::Post task execution logs
[2026-06-21T17:02:40.941+0000] {taskinstance.py:1206} INFO - Marking task as SUCCESS. dag_id=09_gcp_taxi_scheduled, task_id=extract, run_id=scheduled__2019-02-01T09:00:00+00:00, execution_date=20190201T090000, start_date=20260621T170223, end_date=20260621T170240
[2026-06-21T17:02:40.971+0000] {local_task_job_runner.py:243} INFO - Task exited with return code 0
[2026-06-21T17:02:41.005+0000] {taskinstance.py:3503} INFO - 1 downstream tasks scheduled from follow-on schedule check
[2026-06-21T17:02:41.008+0000] {local_task_job_runner.py:222} INFO - ::endgroup::
