[2026-06-16T12:40:32.723+0000] {local_task_job_runner.py:120} INFO - ::group::Pre task execution logs
[2026-06-16T12:40:32.780+0000] {taskinstance.py:2076} INFO - Dependencies all met for dep_context=non-requeueable deps ti=<TaskInstance: 09_gcp_taxi_scheduled.load_gcs_to_bq scheduled__2019-02-01T09:00:00+00:00 [queued]>
[2026-06-16T12:40:32.792+0000] {taskinstance.py:2076} INFO - Dependencies all met for dep_context=requeueable deps ti=<TaskInstance: 09_gcp_taxi_scheduled.load_gcs_to_bq scheduled__2019-02-01T09:00:00+00:00 [queued]>
[2026-06-16T12:40:32.792+0000] {taskinstance.py:2306} INFO - Starting attempt 1 of 1
[2026-06-16T12:40:32.812+0000] {taskinstance.py:2330} INFO - Executing <Task(_PythonDecoratedOperator): load_gcs_to_bq> on 2019-02-01 09:00:00+00:00
[2026-06-16T12:40:32.821+0000] {standard_task_runner.py:90} INFO - Running: ['***', 'tasks', 'run', '09_gcp_taxi_scheduled', 'load_gcs_to_bq', 'scheduled__2019-02-01T09:00:00+00:00', '--job-id', '23', '--raw', '--subdir', 'DAGS_FOLDER/dag_09_gcp_taxi_scheduled.py', '--cfg-path', '/tmp/tmpxtuz8xdd']
[2026-06-16T12:40:32.824+0000] {standard_task_runner.py:91} INFO - Job 23: Subtask load_gcs_to_bq
[2026-06-16T12:40:32.826+0000] {logging_mixin.py:188} WARNING - /home/***/.local/lib/python3.12/site-packages/***/task/task_runner/standard_task_runner.py:62 DeprecationWarning: This process (pid=1928) is multi-threaded, use of fork() may lead to deadlocks in the child.
[2026-06-16T12:40:32.827+0000] {standard_task_runner.py:64} INFO - Started process 1929 to run task
[2026-06-16T12:40:32.905+0000] {task_command.py:426} INFO - Running <TaskInstance: 09_gcp_taxi_scheduled.load_gcs_to_bq scheduled__2019-02-01T09:00:00+00:00 [running]> on host d737cea85a57
[2026-06-16T12:40:33.063+0000] {taskinstance.py:2648} INFO - Exporting env vars: AIRFLOW_CTX_DAG_OWNER='***' AIRFLOW_CTX_DAG_ID='09_gcp_taxi_scheduled' AIRFLOW_CTX_TASK_ID='load_gcs_to_bq' AIRFLOW_CTX_EXECUTION_DATE='2019-02-01T09:00:00+00:00' AIRFLOW_CTX_TRY_NUMBER='1' AIRFLOW_CTX_DAG_RUN_ID='scheduled__2019-02-01T09:00:00+00:00'
[2026-06-16T12:40:33.065+0000] {taskinstance.py:430} INFO - ::endgroup::
[2026-06-16T12:40:34.175+0000] {crypto.py:82} WARNING - empty cryptography key - values will not be stored encrypted.
[2026-06-16T12:40:34.176+0000] {connection.py:274} WARNING - Connection schemes (type: google_cloud_platform) shall not contain '_' according to RFC3986.
[2026-06-16T12:40:34.177+0000] {base.py:84} INFO - Using connection ID 'google_cloud_default' for task execution.
[2026-06-16T12:41:16.572+0000] {logging_mixin.py:188} INFO - Loaded 7019375 rows into dtc-de-course-497317.trips_data_all.yellow_tripdata_2019_02
[2026-06-16T12:41:16.573+0000] {python.py:237} INFO - Done. Returned value was: None
[2026-06-16T12:41:16.574+0000] {taskinstance.py:441} INFO - ::group::Post task execution logs
[2026-06-16T12:41:16.591+0000] {taskinstance.py:1206} INFO - Marking task as SUCCESS. dag_id=09_gcp_taxi_scheduled, task_id=load_gcs_to_bq, run_id=scheduled__2019-02-01T09:00:00+00:00, execution_date=20190201T090000, start_date=20260616T124032, end_date=20260616T124116
[2026-06-16T12:41:16.646+0000] {local_task_job_runner.py:243} INFO - Task exited with return code 0
[2026-06-16T12:41:16.677+0000] {taskinstance.py:3503} INFO - 1 downstream tasks scheduled from follow-on schedule check
[2026-06-16T12:41:16.681+0000] {local_task_job_runner.py:222} INFO - ::endgroup::
