[2026-06-16T12:19:51.564+0000] {local_task_job_runner.py:120} INFO - ::group::Pre task execution logs
[2026-06-16T12:19:51.621+0000] {taskinstance.py:2076} INFO - Dependencies all met for dep_context=non-requeueable deps ti=<TaskInstance: 07_gcp_create_infra.create_gcs_bucket manual__2026-06-16T12:19:50+00:00 [queued]>
[2026-06-16T12:19:51.635+0000] {taskinstance.py:2076} INFO - Dependencies all met for dep_context=requeueable deps ti=<TaskInstance: 07_gcp_create_infra.create_gcs_bucket manual__2026-06-16T12:19:50+00:00 [queued]>
[2026-06-16T12:19:51.635+0000] {taskinstance.py:2306} INFO - Starting attempt 1 of 1
[2026-06-16T12:19:51.653+0000] {taskinstance.py:2330} INFO - Executing <Task(_PythonDecoratedOperator): create_gcs_bucket> on 2026-06-16 12:19:50+00:00
[2026-06-16T12:19:51.665+0000] {standard_task_runner.py:90} INFO - Running: ['***', 'tasks', 'run', '07_gcp_create_infra', 'create_gcs_bucket', 'manual__2026-06-16T12:19:50+00:00', '--job-id', '4', '--raw', '--subdir', 'DAGS_FOLDER/dag_07_gcp_create_infra.py', '--cfg-path', '/tmp/tmpavu22cch']
[2026-06-16T12:19:51.670+0000] {standard_task_runner.py:91} INFO - Job 4: Subtask create_gcs_bucket
[2026-06-16T12:19:51.679+0000] {logging_mixin.py:188} WARNING - /home/***/.local/lib/python3.12/site-packages/***/task/task_runner/standard_task_runner.py:62 DeprecationWarning: This process (pid=404) is multi-threaded, use of fork() may lead to deadlocks in the child.
[2026-06-16T12:19:51.680+0000] {standard_task_runner.py:64} INFO - Started process 405 to run task
[2026-06-16T12:19:51.753+0000] {task_command.py:426} INFO - Running <TaskInstance: 07_gcp_create_infra.create_gcs_bucket manual__2026-06-16T12:19:50+00:00 [running]> on host d737cea85a57
[2026-06-16T12:19:51.865+0000] {taskinstance.py:2648} INFO - Exporting env vars: AIRFLOW_CTX_DAG_OWNER='***' AIRFLOW_CTX_DAG_ID='07_gcp_create_infra' AIRFLOW_CTX_TASK_ID='create_gcs_bucket' AIRFLOW_CTX_EXECUTION_DATE='2026-06-16T12:19:50+00:00' AIRFLOW_CTX_TRY_NUMBER='1' AIRFLOW_CTX_DAG_RUN_ID='manual__2026-06-16T12:19:50+00:00'
[2026-06-16T12:19:51.866+0000] {taskinstance.py:430} INFO - ::endgroup::
[2026-06-16T12:19:52.827+0000] {crypto.py:82} WARNING - empty cryptography key - values will not be stored encrypted.
[2026-06-16T12:19:52.828+0000] {connection.py:274} WARNING - Connection schemes (type: google_cloud_platform) shall not contain '_' according to RFC3986.
[2026-06-16T12:19:52.829+0000] {base.py:84} INFO - Using connection ID 'google_cloud_default' for task execution.
[2026-06-16T12:19:53.656+0000] {gcs.py:1080} INFO - Creating Bucket: dtc-de-course-497317-terra-bucket; Location: EU; Storage Class: MULTI_REGIONAL
[2026-06-16T12:19:55.377+0000] {logging_mixin.py:188} INFO - Bucket created: gs://dtc-de-course-497317-terra-bucket
[2026-06-16T12:19:55.377+0000] {python.py:237} INFO - Done. Returned value was: None
[2026-06-16T12:19:55.378+0000] {taskinstance.py:441} INFO - ::group::Post task execution logs
[2026-06-16T12:19:55.396+0000] {taskinstance.py:1206} INFO - Marking task as SUCCESS. dag_id=07_gcp_create_infra, task_id=create_gcs_bucket, run_id=manual__2026-06-16T12:19:50+00:00, execution_date=20260616T121950, start_date=20260616T121951, end_date=20260616T121955
[2026-06-16T12:19:55.448+0000] {local_task_job_runner.py:243} INFO - Task exited with return code 0
[2026-06-16T12:19:55.477+0000] {taskinstance.py:3503} INFO - 0 downstream tasks scheduled from follow-on schedule check
[2026-06-16T12:19:55.480+0000] {local_task_job_runner.py:222} INFO - ::endgroup::
