[2026-06-15T14:06:28.462+0000] {local_task_job_runner.py:120} INFO - ::group::Pre task execution logs
[2026-06-15T14:06:28.524+0000] {taskinstance.py:2076} INFO - Dependencies all met for dep_context=non-requeueable deps ti=<TaskInstance: 03_getting_started_data_pipeline.query manual__2026-06-15T14:05:59+00:00 [queued]>
[2026-06-15T14:06:28.538+0000] {taskinstance.py:2076} INFO - Dependencies all met for dep_context=requeueable deps ti=<TaskInstance: 03_getting_started_data_pipeline.query manual__2026-06-15T14:05:59+00:00 [queued]>
[2026-06-15T14:06:28.539+0000] {taskinstance.py:2306} INFO - Starting attempt 1 of 1
[2026-06-15T14:06:28.559+0000] {taskinstance.py:2330} INFO - Executing <Task(_PythonDecoratedOperator): query> on 2026-06-15 14:05:59+00:00
[2026-06-15T14:06:28.576+0000] {standard_task_runner.py:90} INFO - Running: ['***', 'tasks', 'run', '03_getting_started_data_pipeline', 'query', 'manual__2026-06-15T14:05:59+00:00', '--job-id', '5', '--raw', '--subdir', 'DAGS_FOLDER/dag_03_data_pipeline.py', '--cfg-path', '/tmp/tmprfhahmiy']
[2026-06-15T14:06:28.578+0000] {standard_task_runner.py:91} INFO - Job 5: Subtask query
[2026-06-15T14:06:28.589+0000] {logging_mixin.py:188} WARNING - /home/***/.local/lib/python3.12/site-packages/***/task/task_runner/standard_task_runner.py:62 DeprecationWarning: This process (pid=741) is multi-threaded, use of fork() may lead to deadlocks in the child.
[2026-06-15T14:06:28.590+0000] {standard_task_runner.py:64} INFO - Started process 742 to run task
[2026-06-15T14:06:28.705+0000] {task_command.py:426} INFO - Running <TaskInstance: 03_getting_started_data_pipeline.query manual__2026-06-15T14:05:59+00:00 [running]> on host b107edefa4b1
[2026-06-15T14:06:28.872+0000] {taskinstance.py:2648} INFO - Exporting env vars: AIRFLOW_CTX_DAG_OWNER='***' AIRFLOW_CTX_DAG_ID='03_getting_started_data_pipeline' AIRFLOW_CTX_TASK_ID='query' AIRFLOW_CTX_EXECUTION_DATE='2026-06-15T14:05:59+00:00' AIRFLOW_CTX_TRY_NUMBER='1' AIRFLOW_CTX_DAG_RUN_ID='manual__2026-06-15T14:05:59+00:00'
[2026-06-15T14:06:28.874+0000] {taskinstance.py:430} INFO - ::endgroup::
[2026-06-15T14:06:28.957+0000] {logging_mixin.py:188} INFO - DuckDB query result (first 5 rows):
[2026-06-15T14:06:28.958+0000] {logging_mixin.py:188} INFO - ('Essence', 9.99)
[2026-06-15T14:06:28.959+0000] {logging_mixin.py:188} INFO - ('Glamour Beauty', 19.99)
[2026-06-15T14:06:28.959+0000] {logging_mixin.py:188} INFO - ('Velvet Touch', 14.99)
[2026-06-15T14:06:28.960+0000] {logging_mixin.py:188} INFO - ('Chic Cosmetics', 12.99)
[2026-06-15T14:06:28.961+0000] {logging_mixin.py:188} INFO - ('Nail Couture', 8.99)
[2026-06-15T14:06:28.961+0000] {python.py:237} INFO - Done. Returned value was: None
[2026-06-15T14:06:28.961+0000] {taskinstance.py:441} INFO - ::group::Post task execution logs
[2026-06-15T14:06:28.982+0000] {taskinstance.py:1206} INFO - Marking task as SUCCESS. dag_id=03_getting_started_data_pipeline, task_id=query, run_id=manual__2026-06-15T14:05:59+00:00, execution_date=20260615T140559, start_date=20260615T140628, end_date=20260615T140628
[2026-06-15T14:06:29.011+0000] {local_task_job_runner.py:243} INFO - Task exited with return code 0
[2026-06-15T14:06:29.040+0000] {taskinstance.py:3503} INFO - 0 downstream tasks scheduled from follow-on schedule check
[2026-06-15T14:06:29.044+0000] {local_task_job_runner.py:222} INFO - ::endgroup::
