[2026-06-16T11:46:22.965+0000] {local_task_job_runner.py:120} INFO - ::group::Pre task execution logs
[2026-06-16T11:46:23.023+0000] {taskinstance.py:2076} INFO - Dependencies all met for dep_context=non-requeueable deps ti=<TaskInstance: 05_postgres_taxi_scheduled.extract scheduled__2019-02-01T09:00:00+00:00 [queued]>
[2026-06-16T11:46:23.035+0000] {taskinstance.py:2076} INFO - Dependencies all met for dep_context=requeueable deps ti=<TaskInstance: 05_postgres_taxi_scheduled.extract scheduled__2019-02-01T09:00:00+00:00 [queued]>
[2026-06-16T11:46:23.036+0000] {taskinstance.py:2306} INFO - Starting attempt 1 of 1
[2026-06-16T11:46:23.055+0000] {taskinstance.py:2330} INFO - Executing <Task(_PythonDecoratedOperator): extract> on 2019-02-01 09:00:00+00:00
[2026-06-16T11:46:23.068+0000] {standard_task_runner.py:90} INFO - Running: ['***', 'tasks', 'run', '05_postgres_taxi_scheduled', 'extract', 'scheduled__2019-02-01T09:00:00+00:00', '--job-id', '9', '--raw', '--subdir', 'DAGS_FOLDER/dag_05_postgres_taxi_scheduled.py', '--cfg-path', '/tmp/tmpslh2fzg5']
[2026-06-16T11:46:23.072+0000] {standard_task_runner.py:91} INFO - Job 9: Subtask extract
[2026-06-16T11:46:23.072+0000] {logging_mixin.py:188} WARNING - /home/***/.local/lib/python3.12/site-packages/***/task/task_runner/standard_task_runner.py:62 DeprecationWarning: This process (pid=412) is multi-threaded, use of fork() may lead to deadlocks in the child.
[2026-06-16T11:46:23.074+0000] {standard_task_runner.py:64} INFO - Started process 414 to run task
[2026-06-16T11:46:23.173+0000] {task_command.py:426} INFO - Running <TaskInstance: 05_postgres_taxi_scheduled.extract scheduled__2019-02-01T09:00:00+00:00 [running]> on host 23870fda014b
[2026-06-16T11:46:23.312+0000] {taskinstance.py:2648} INFO - Exporting env vars: AIRFLOW_CTX_DAG_OWNER='***' AIRFLOW_CTX_DAG_ID='05_postgres_taxi_scheduled' AIRFLOW_CTX_TASK_ID='extract' AIRFLOW_CTX_EXECUTION_DATE='2019-02-01T09:00:00+00:00' AIRFLOW_CTX_TRY_NUMBER='1' AIRFLOW_CTX_DAG_RUN_ID='scheduled__2019-02-01T09:00:00+00:00'
[2026-06-16T11:46:23.315+0000] {taskinstance.py:430} INFO - ::endgroup::
[2026-06-16T11:46:23.316+0000] {logging_mixin.py:188} INFO - Downloading https://github.com/DataTalksClub/nyc-tlc-data/releases/download/yellow/yellow_tripdata_2019-02.csv.gz → /tmp/yellow_tripdata_2019-02.csv.gz
[2026-06-16T11:46:36.325+0000] {logging_mixin.py:188} INFO - Decompressing /tmp/yellow_tripdata_2019-02.csv.gz → /tmp/yellow_tripdata_2019-02.csv
[2026-06-16T11:46:39.039+0000] {logging_mixin.py:188} INFO - Downloaded 649,882,828 bytes uncompressed
[2026-06-16T11:46:39.039+0000] {python.py:237} INFO - Done. Returned value was: /tmp/yellow_tripdata_2019-02.csv
[2026-06-16T11:46:39.039+0000] {taskinstance.py:441} INFO - ::group::Post task execution logs
[2026-06-16T11:46:39.079+0000] {taskinstance.py:1206} INFO - Marking task as SUCCESS. dag_id=05_postgres_taxi_scheduled, task_id=extract, run_id=scheduled__2019-02-01T09:00:00+00:00, execution_date=20190201T090000, start_date=20260616T114623, end_date=20260616T114639
[2026-06-16T11:46:39.130+0000] {local_task_job_runner.py:243} INFO - Task exited with return code 0
[2026-06-16T11:46:39.167+0000] {taskinstance.py:3503} INFO - 1 downstream tasks scheduled from follow-on schedule check
[2026-06-16T11:46:39.173+0000] {local_task_job_runner.py:222} INFO - ::endgroup::
