[2026-06-15T14:21:06.202+0000] {local_task_job_runner.py:120} INFO - ::group::Pre task execution logs
[2026-06-15T14:21:06.264+0000] {taskinstance.py:2076} INFO - Dependencies all met for dep_context=non-requeueable deps ti=<TaskInstance: 03_getting_started_data_pipeline.store_in_postgres manual__2026-06-15T14:21:02+00:00 [queued]>
[2026-06-15T14:21:06.278+0000] {taskinstance.py:2076} INFO - Dependencies all met for dep_context=requeueable deps ti=<TaskInstance: 03_getting_started_data_pipeline.store_in_postgres manual__2026-06-15T14:21:02+00:00 [queued]>
[2026-06-15T14:21:06.279+0000] {taskinstance.py:2306} INFO - Starting attempt 1 of 1
[2026-06-15T14:21:06.302+0000] {taskinstance.py:2330} INFO - Executing <Task(_PythonDecoratedOperator): store_in_postgres> on 2026-06-15 14:21:02+00:00
[2026-06-15T14:21:06.314+0000] {standard_task_runner.py:90} INFO - Running: ['***', 'tasks', 'run', '03_getting_started_data_pipeline', 'store_in_postgres', 'manual__2026-06-15T14:21:02+00:00', '--job-id', '14', '--raw', '--subdir', 'DAGS_FOLDER/dag_03_data_pipeline.py', '--cfg-path', '/tmp/tmp13ch3u32']
[2026-06-15T14:21:06.317+0000] {standard_task_runner.py:91} INFO - Job 14: Subtask store_in_postgres
[2026-06-15T14:21:06.321+0000] {logging_mixin.py:188} WARNING - /home/***/.local/lib/python3.12/site-packages/***/task/task_runner/standard_task_runner.py:62 DeprecationWarning: This process (pid=1287) is multi-threaded, use of fork() may lead to deadlocks in the child.
[2026-06-15T14:21:06.323+0000] {standard_task_runner.py:64} INFO - Started process 1288 to run task
[2026-06-15T14:21:06.408+0000] {task_command.py:426} INFO - Running <TaskInstance: 03_getting_started_data_pipeline.store_in_postgres manual__2026-06-15T14:21:02+00:00 [running]> on host b107edefa4b1
[2026-06-15T14:21:06.588+0000] {taskinstance.py:2648} INFO - Exporting env vars: AIRFLOW_CTX_DAG_OWNER='***' AIRFLOW_CTX_DAG_ID='03_getting_started_data_pipeline' AIRFLOW_CTX_TASK_ID='store_in_postgres' AIRFLOW_CTX_EXECUTION_DATE='2026-06-15T14:21:02+00:00' AIRFLOW_CTX_TRY_NUMBER='1' AIRFLOW_CTX_DAG_RUN_ID='manual__2026-06-15T14:21:02+00:00'
[2026-06-15T14:21:06.589+0000] {taskinstance.py:430} INFO - ::endgroup::
[2026-06-15T14:21:06.615+0000] {crypto.py:82} WARNING - empty cryptography key - values will not be stored encrypted.
[2026-06-15T14:21:06.616+0000] {base.py:84} INFO - Using connection ID 'postgres_zoomcamp' for task execution.
[2026-06-15T14:21:06.629+0000] {sql.py:495} INFO - Running statement: DROP TABLE IF EXISTS products;, parameters: None
[2026-06-15T14:21:06.636+0000] {base.py:84} INFO - Using connection ID 'postgres_zoomcamp' for task execution.
[2026-06-15T14:21:06.647+0000] {sql.py:495} INFO - Running statement: CREATE TABLE products ("brand" VARCHAR(255), "price" VARCHAR(255), "category" VARCHAR(255));, parameters: None
[2026-06-15T14:21:06.659+0000] {base.py:84} INFO - Using connection ID 'postgres_zoomcamp' for task execution.
[2026-06-15T14:21:06.671+0000] {base.py:84} INFO - Using connection ID 'postgres_zoomcamp' for task execution.
[2026-06-15T14:21:06.682+0000] {sql.py:608} INFO - Loaded 30 rows into products so far
[2026-06-15T14:21:06.683+0000] {sql.py:621} INFO - Done loading. Loaded a total of 30 rows into products
[2026-06-15T14:21:06.683+0000] {logging_mixin.py:188} INFO - Successfully inserted 30 rows into Postgres 'products' table!
[2026-06-15T14:21:06.684+0000] {base.py:84} INFO - Using connection ID 'postgres_zoomcamp' for task execution.
[2026-06-15T14:21:06.694+0000] {sql.py:495} INFO - Running statement: SELECT * FROM products LIMIT 5;, parameters: None
[2026-06-15T14:21:06.695+0000] {sql.py:504} INFO - Rows affected: 5
[2026-06-15T14:21:06.696+0000] {logging_mixin.py:188} INFO - Postgres query result (first 5 rows):
[2026-06-15T14:21:06.696+0000] {logging_mixin.py:188} INFO - ('Essence', '9.99', 'beauty')
[2026-06-15T14:21:06.697+0000] {logging_mixin.py:188} INFO - ('Glamour Beauty', '19.99', 'beauty')
[2026-06-15T14:21:06.697+0000] {logging_mixin.py:188} INFO - ('Velvet Touch', '14.99', 'beauty')
[2026-06-15T14:21:06.697+0000] {logging_mixin.py:188} INFO - ('Chic Cosmetics', '12.99', 'beauty')
[2026-06-15T14:21:06.698+0000] {logging_mixin.py:188} INFO - ('Nail Couture', '8.99', 'beauty')
[2026-06-15T14:21:06.698+0000] {python.py:237} INFO - Done. Returned value was: None
[2026-06-15T14:21:06.698+0000] {taskinstance.py:441} INFO - ::group::Post task execution logs
[2026-06-15T14:21:06.715+0000] {taskinstance.py:1206} INFO - Marking task as SUCCESS. dag_id=03_getting_started_data_pipeline, task_id=store_in_postgres, run_id=manual__2026-06-15T14:21:02+00:00, execution_date=20260615T142102, start_date=20260615T142106, end_date=20260615T142106
[2026-06-15T14:21:06.743+0000] {local_task_job_runner.py:243} INFO - Task exited with return code 0
[2026-06-15T14:21:06.770+0000] {taskinstance.py:3503} INFO - 0 downstream tasks scheduled from follow-on schedule check
[2026-06-15T14:21:06.773+0000] {local_task_job_runner.py:222} INFO - ::endgroup::
