[2026-06-16T12:19:51.565+0000] {local_task_job_runner.py:120} INFO - ::group::Pre task execution logs
[2026-06-16T12:19:51.627+0000] {taskinstance.py:2076} INFO - Dependencies all met for dep_context=non-requeueable deps ti=<TaskInstance: 07_gcp_create_infra.create_bq_dataset manual__2026-06-16T12:19:50+00:00 [queued]>
[2026-06-16T12:19:51.641+0000] {taskinstance.py:2076} INFO - Dependencies all met for dep_context=requeueable deps ti=<TaskInstance: 07_gcp_create_infra.create_bq_dataset manual__2026-06-16T12:19:50+00:00 [queued]>
[2026-06-16T12:19:51.641+0000] {taskinstance.py:2306} INFO - Starting attempt 1 of 1
[2026-06-16T12:19:51.664+0000] {taskinstance.py:2330} INFO - Executing <Task(_PythonDecoratedOperator): create_bq_dataset> on 2026-06-16 12:19:50+00:00
[2026-06-16T12:19:51.677+0000] {standard_task_runner.py:90} INFO - Running: ['***', 'tasks', 'run', '07_gcp_create_infra', 'create_bq_dataset', 'manual__2026-06-16T12:19:50+00:00', '--job-id', '5', '--raw', '--subdir', 'DAGS_FOLDER/dag_07_gcp_create_infra.py', '--cfg-path', '/tmp/tmpebpqwlv_']
[2026-06-16T12:19:51.682+0000] {standard_task_runner.py:91} INFO - Job 5: Subtask create_bq_dataset
[2026-06-16T12:19:51.689+0000] {logging_mixin.py:188} WARNING - /home/***/.local/lib/python3.12/site-packages/***/task/task_runner/standard_task_runner.py:62 DeprecationWarning: This process (pid=403) is multi-threaded, use of fork() may lead to deadlocks in the child.
[2026-06-16T12:19:51.690+0000] {standard_task_runner.py:64} INFO - Started process 406 to run task
[2026-06-16T12:19:51.762+0000] {task_command.py:426} INFO - Running <TaskInstance: 07_gcp_create_infra.create_bq_dataset manual__2026-06-16T12:19:50+00:00 [running]> on host d737cea85a57
[2026-06-16T12:19:51.876+0000] {taskinstance.py:2648} INFO - Exporting env vars: AIRFLOW_CTX_DAG_OWNER='***' AIRFLOW_CTX_DAG_ID='07_gcp_create_infra' AIRFLOW_CTX_TASK_ID='create_bq_dataset' AIRFLOW_CTX_EXECUTION_DATE='2026-06-16T12:19:50+00:00' AIRFLOW_CTX_TRY_NUMBER='1' AIRFLOW_CTX_DAG_RUN_ID='manual__2026-06-16T12:19:50+00:00'
[2026-06-16T12:19:51.877+0000] {taskinstance.py:430} INFO - ::endgroup::
[2026-06-16T12:19:53.388+0000] {crypto.py:82} WARNING - empty cryptography key - values will not be stored encrypted.
[2026-06-16T12:19:53.389+0000] {connection.py:274} WARNING - Connection schemes (type: google_cloud_platform) shall not contain '_' according to RFC3986.
[2026-06-16T12:19:53.390+0000] {base.py:84} INFO - Using connection ID 'google_cloud_default' for task execution.
[2026-06-16T12:19:53.390+0000] {bigquery.py:533} INFO - datasetId was not specified in `dataset_reference`. Will use default value trips_data_all.
[2026-06-16T12:19:53.391+0000] {bigquery.py:533} INFO - projectId was not specified in `dataset_reference`. Will use default value dtc-de-course-497317.
[2026-06-16T12:19:53.391+0000] {bigquery.py:544} INFO - Creating dataset: trips_data_all in project: dtc-de-course-497317 
[2026-06-16T12:19:54.021+0000] {bigquery.py:548} INFO - Dataset created successfully.
[2026-06-16T12:19:54.022+0000] {logging_mixin.py:188} INFO - BigQuery dataset verified/created: dtc-de-course-497317.trips_data_all
[2026-06-16T12:19:54.022+0000] {python.py:237} INFO - Done. Returned value was: None
[2026-06-16T12:19:54.023+0000] {taskinstance.py:441} INFO - ::group::Post task execution logs
[2026-06-16T12:19:54.045+0000] {taskinstance.py:1206} INFO - Marking task as SUCCESS. dag_id=07_gcp_create_infra, task_id=create_bq_dataset, run_id=manual__2026-06-16T12:19:50+00:00, execution_date=20260616T121950, start_date=20260616T121951, end_date=20260616T121954
[2026-06-16T12:19:54.122+0000] {local_task_job_runner.py:243} INFO - Task exited with return code 0
[2026-06-16T12:19:54.169+0000] {taskinstance.py:3503} INFO - 0 downstream tasks scheduled from follow-on schedule check
[2026-06-16T12:19:54.173+0000] {local_task_job_runner.py:222} INFO - ::endgroup::
