[2026-06-15T14:31:20.283+0000] {local_task_job_runner.py:120} INFO - ::group::Pre task execution logs
[2026-06-15T14:31:20.382+0000] {taskinstance.py:2076} INFO - Dependencies all met for dep_context=non-requeueable deps ti=<TaskInstance: 04_postgres_taxi.create_tables manual__2026-06-15T14:31:19+00:00 [queued]>
[2026-06-15T14:31:20.416+0000] {taskinstance.py:2076} INFO - Dependencies all met for dep_context=requeueable deps ti=<TaskInstance: 04_postgres_taxi.create_tables manual__2026-06-15T14:31:19+00:00 [queued]>
[2026-06-15T14:31:20.418+0000] {taskinstance.py:2306} INFO - Starting attempt 1 of 1
[2026-06-15T14:31:20.469+0000] {taskinstance.py:2330} INFO - Executing <Task(_PythonDecoratedOperator): create_tables> on 2026-06-15 14:31:19+00:00
[2026-06-15T14:31:20.485+0000] {standard_task_runner.py:90} INFO - Running: ['***', 'tasks', 'run', '04_postgres_taxi', 'create_tables', 'manual__2026-06-15T14:31:19+00:00', '--job-id', '27', '--raw', '--subdir', 'DAGS_FOLDER/dag_04_postgres_taxi.py', '--cfg-path', '/tmp/tmp2d4v6_55']
[2026-06-15T14:31:20.493+0000] {standard_task_runner.py:91} INFO - Job 27: Subtask create_tables
[2026-06-15T14:31:20.498+0000] {logging_mixin.py:188} WARNING - /home/***/.local/lib/python3.12/site-packages/***/task/task_runner/standard_task_runner.py:62 DeprecationWarning: This process (pid=1806) is multi-threaded, use of fork() may lead to deadlocks in the child.
[2026-06-15T14:31:20.500+0000] {standard_task_runner.py:64} INFO - Started process 1807 to run task
[2026-06-15T14:31:20.642+0000] {task_command.py:426} INFO - Running <TaskInstance: 04_postgres_taxi.create_tables manual__2026-06-15T14:31:19+00:00 [running]> on host b107edefa4b1
[2026-06-15T14:31:20.892+0000] {taskinstance.py:2648} INFO - Exporting env vars: AIRFLOW_CTX_DAG_OWNER='***' AIRFLOW_CTX_DAG_ID='04_postgres_taxi' AIRFLOW_CTX_TASK_ID='create_tables' AIRFLOW_CTX_EXECUTION_DATE='2026-06-15T14:31:19+00:00' AIRFLOW_CTX_TRY_NUMBER='1' AIRFLOW_CTX_DAG_RUN_ID='manual__2026-06-15T14:31:19+00:00'
[2026-06-15T14:31:20.895+0000] {taskinstance.py:430} INFO - ::endgroup::
[2026-06-15T14:31:20.899+0000] {crypto.py:82} WARNING - empty cryptography key - values will not be stored encrypted.
[2026-06-15T14:31:20.901+0000] {base.py:84} INFO - Using connection ID 'postgres_zoomcamp' for task execution.
[2026-06-15T14:31:20.915+0000] {sql.py:495} INFO - Running statement: DROP TABLE IF EXISTS public.green_tripdata_staging;, parameters: None
[2026-06-15T14:31:20.921+0000] {base.py:84} INFO - Using connection ID 'postgres_zoomcamp' for task execution.
[2026-06-15T14:31:20.937+0000] {sql.py:495} INFO - Running statement: 
            CREATE TABLE public.green_tripdata_staging (
                "unique_row_id" TEXT,
    "filename" TEXT,
                "VendorID" TEXT,
    "lpep_pickup_datetime" TEXT,
    "lpep_dropoff_datetime" TEXT,
    "store_and_fwd_flag" TEXT,
    "RatecodeID" TEXT,
    "PULocationID" TEXT,
    "DOLocationID" TEXT,
    "passenger_count" TEXT,
    "trip_distance" TEXT,
    "fare_amount" TEXT,
    "extra" TEXT,
    "mta_tax" TEXT,
    "tip_amount" TEXT,
    "tolls_amount" TEXT,
    "ehail_fee" TEXT,
    "improvement_surcharge" TEXT,
    "total_amount" TEXT,
    "payment_type" TEXT,
    "trip_type" TEXT,
    "congestion_surcharge" TEXT
            );
        , parameters: None
[2026-06-15T14:31:20.946+0000] {base.py:84} INFO - Using connection ID 'postgres_zoomcamp' for task execution.
[2026-06-15T14:31:20.967+0000] {sql.py:495} INFO - Running statement: DROP TABLE IF EXISTS public.green_tripdata;, parameters: None
[2026-06-15T14:31:20.992+0000] {base.py:84} INFO - Using connection ID 'postgres_zoomcamp' for task execution.
[2026-06-15T14:31:21.010+0000] {sql.py:495} INFO - Running statement: 
            CREATE TABLE public.green_tripdata (
                "unique_row_id" TEXT,
    "filename" TEXT,
                "VendorID" TEXT,
    "lpep_pickup_datetime" TEXT,
    "lpep_dropoff_datetime" TEXT,
    "store_and_fwd_flag" TEXT,
    "RatecodeID" TEXT,
    "PULocationID" TEXT,
    "DOLocationID" TEXT,
    "passenger_count" TEXT,
    "trip_distance" TEXT,
    "fare_amount" TEXT,
    "extra" TEXT,
    "mta_tax" TEXT,
    "tip_amount" TEXT,
    "tolls_amount" TEXT,
    "ehail_fee" TEXT,
    "improvement_surcharge" TEXT,
    "total_amount" TEXT,
    "payment_type" TEXT,
    "trip_type" TEXT,
    "congestion_surcharge" TEXT
            );
        , parameters: None
[2026-06-15T14:31:21.026+0000] {logging_mixin.py:188} INFO - Tables ready: green_tripdata_staging, green_tripdata
[2026-06-15T14:31:21.027+0000] {python.py:237} INFO - Done. Returned value was: None
[2026-06-15T14:31:21.028+0000] {taskinstance.py:441} INFO - ::group::Post task execution logs
[2026-06-15T14:31:21.062+0000] {taskinstance.py:1206} INFO - Marking task as SUCCESS. dag_id=04_postgres_taxi, task_id=create_tables, run_id=manual__2026-06-15T14:31:19+00:00, execution_date=20260615T143119, start_date=20260615T143120, end_date=20260615T143121
[2026-06-15T14:31:21.132+0000] {local_task_job_runner.py:243} INFO - Task exited with return code 0
[2026-06-15T14:31:21.194+0000] {taskinstance.py:3503} INFO - 0 downstream tasks scheduled from follow-on schedule check
[2026-06-15T14:31:21.198+0000] {local_task_job_runner.py:222} INFO - ::endgroup::
