[2026-06-16T12:37:32.943+0000] {local_task_job_runner.py:120} INFO - ::group::Pre task execution logs
[2026-06-16T12:37:32.995+0000] {taskinstance.py:2076} INFO - Dependencies all met for dep_context=non-requeueable deps ti=<TaskInstance: 09_gcp_taxi_scheduled.upload_to_gcs scheduled__2019-01-01T09:00:00+00:00 [queued]>
[2026-06-16T12:37:33.006+0000] {taskinstance.py:2076} INFO - Dependencies all met for dep_context=requeueable deps ti=<TaskInstance: 09_gcp_taxi_scheduled.upload_to_gcs scheduled__2019-01-01T09:00:00+00:00 [queued]>
[2026-06-16T12:37:33.007+0000] {taskinstance.py:2306} INFO - Starting attempt 1 of 1
[2026-06-16T12:37:33.022+0000] {taskinstance.py:2330} INFO - Executing <Task(_PythonDecoratedOperator): upload_to_gcs> on 2019-01-01 09:00:00+00:00
[2026-06-16T12:37:33.031+0000] {standard_task_runner.py:90} INFO - Running: ['***', 'tasks', 'run', '09_gcp_taxi_scheduled', 'upload_to_gcs', 'scheduled__2019-01-01T09:00:00+00:00', '--job-id', '17', '--raw', '--subdir', 'DAGS_FOLDER/dag_09_gcp_taxi_scheduled.py', '--cfg-path', '/tmp/tmpvv9gt_yg']
[2026-06-16T12:37:33.034+0000] {standard_task_runner.py:91} INFO - Job 17: Subtask upload_to_gcs
[2026-06-16T12:37:33.042+0000] {logging_mixin.py:188} WARNING - /home/***/.local/lib/python3.12/site-packages/***/task/task_runner/standard_task_runner.py:62 DeprecationWarning: This process (pid=1674) is multi-threaded, use of fork() may lead to deadlocks in the child.
[2026-06-16T12:37:33.042+0000] {standard_task_runner.py:64} INFO - Started process 1675 to run task
[2026-06-16T12:37:33.113+0000] {task_command.py:426} INFO - Running <TaskInstance: 09_gcp_taxi_scheduled.upload_to_gcs scheduled__2019-01-01T09:00:00+00:00 [running]> on host d737cea85a57
[2026-06-16T12:37:33.276+0000] {taskinstance.py:2648} INFO - Exporting env vars: AIRFLOW_CTX_DAG_OWNER='***' AIRFLOW_CTX_DAG_ID='09_gcp_taxi_scheduled' AIRFLOW_CTX_TASK_ID='upload_to_gcs' AIRFLOW_CTX_EXECUTION_DATE='2019-01-01T09:00:00+00:00' AIRFLOW_CTX_TRY_NUMBER='1' AIRFLOW_CTX_DAG_RUN_ID='scheduled__2019-01-01T09:00:00+00:00'
[2026-06-16T12:37:33.277+0000] {taskinstance.py:430} INFO - ::endgroup::
[2026-06-16T12:37:33.966+0000] {crypto.py:82} WARNING - empty cryptography key - values will not be stored encrypted.
[2026-06-16T12:37:33.967+0000] {connection.py:274} WARNING - Connection schemes (type: google_cloud_platform) shall not contain '_' according to RFC3986.
[2026-06-16T12:37:33.968+0000] {base.py:84} INFO - Using connection ID 'google_cloud_default' for task execution.
[2026-06-16T12:38:38.538+0000] {gcs.py:560} INFO - File /tmp/yellow_tripdata_2019-01.csv uploaded to yellow_tripdata_2019-01.csv in dtc-de-course-497317-terra-bucket bucket
[2026-06-16T12:38:38.538+0000] {logging_mixin.py:188} INFO - Uploaded to gs://dtc-de-course-497317-terra-bucket/yellow_tripdata_2019-01.csv
[2026-06-16T12:38:38.539+0000] {python.py:237} INFO - Done. Returned value was: gs://dtc-de-course-497317-terra-bucket/yellow_tripdata_2019-01.csv
[2026-06-16T12:38:38.539+0000] {taskinstance.py:441} INFO - ::group::Post task execution logs
[2026-06-16T12:38:38.581+0000] {taskinstance.py:1206} INFO - Marking task as SUCCESS. dag_id=09_gcp_taxi_scheduled, task_id=upload_to_gcs, run_id=scheduled__2019-01-01T09:00:00+00:00, execution_date=20190101T090000, start_date=20260616T123732, end_date=20260616T123838
[2026-06-16T12:38:38.642+0000] {local_task_job_runner.py:243} INFO - Task exited with return code 0
[2026-06-16T12:38:38.692+0000] {taskinstance.py:3503} INFO - 0 downstream tasks scheduled from follow-on schedule check
[2026-06-16T12:38:38.696+0000] {local_task_job_runner.py:222} INFO - ::endgroup::
[2026-06-21T17:00:44.385+0000] {local_task_job_runner.py:120} INFO - ::group::Pre task execution logs
[2026-06-21T17:00:44.440+0000] {taskinstance.py:2076} INFO - Dependencies all met for dep_context=non-requeueable deps ti=<TaskInstance: 09_gcp_taxi_scheduled.upload_to_gcs scheduled__2019-01-01T09:00:00+00:00 [queued]>
[2026-06-21T17:00:44.452+0000] {taskinstance.py:2076} INFO - Dependencies all met for dep_context=requeueable deps ti=<TaskInstance: 09_gcp_taxi_scheduled.upload_to_gcs scheduled__2019-01-01T09:00:00+00:00 [queued]>
[2026-06-21T17:00:44.452+0000] {taskinstance.py:2306} INFO - Starting attempt 1 of 1
[2026-06-21T17:00:44.472+0000] {taskinstance.py:2330} INFO - Executing <Task(_PythonDecoratedOperator): upload_to_gcs> on 2019-01-01 09:00:00+00:00
[2026-06-21T17:00:44.481+0000] {standard_task_runner.py:90} INFO - Running: ['***', 'tasks', 'run', '09_gcp_taxi_scheduled', 'upload_to_gcs', 'scheduled__2019-01-01T09:00:00+00:00', '--job-id', '4', '--raw', '--subdir', 'DAGS_FOLDER/dag_09_gcp_taxi_scheduled.py', '--cfg-path', '/tmp/tmp4kl8jrtx']
[2026-06-21T17:00:44.484+0000] {standard_task_runner.py:91} INFO - Job 4: Subtask upload_to_gcs
[2026-06-21T17:00:44.492+0000] {logging_mixin.py:188} WARNING - /home/***/.local/lib/python3.12/site-packages/***/task/task_runner/standard_task_runner.py:62 DeprecationWarning: This process (pid=654) is multi-threaded, use of fork() may lead to deadlocks in the child.
[2026-06-21T17:00:44.493+0000] {standard_task_runner.py:64} INFO - Started process 669 to run task
[2026-06-21T17:00:44.566+0000] {task_command.py:426} INFO - Running <TaskInstance: 09_gcp_taxi_scheduled.upload_to_gcs scheduled__2019-01-01T09:00:00+00:00 [running]> on host 70102c0d5da9
[2026-06-21T17:00:44.709+0000] {taskinstance.py:2648} INFO - Exporting env vars: AIRFLOW_CTX_DAG_OWNER='***' AIRFLOW_CTX_DAG_ID='09_gcp_taxi_scheduled' AIRFLOW_CTX_TASK_ID='upload_to_gcs' AIRFLOW_CTX_EXECUTION_DATE='2019-01-01T09:00:00+00:00' AIRFLOW_CTX_TRY_NUMBER='1' AIRFLOW_CTX_DAG_RUN_ID='scheduled__2019-01-01T09:00:00+00:00'
[2026-06-21T17:00:44.710+0000] {taskinstance.py:430} INFO - ::endgroup::
[2026-06-21T17:00:45.734+0000] {crypto.py:82} WARNING - empty cryptography key - values will not be stored encrypted.
[2026-06-21T17:00:45.735+0000] {connection.py:274} WARNING - Connection schemes (type: google_cloud_platform) shall not contain '_' according to RFC3986.
[2026-06-21T17:00:45.736+0000] {base.py:84} INFO - Using connection ID 'google_cloud_default' for task execution.
[2026-06-21T17:01:55.684+0000] {gcs.py:560} INFO - File /tmp/yellow_tripdata_2019-01.csv uploaded to yellow_tripdata_2019-01.csv in dtc-de-course-497317-terra-bucket bucket
[2026-06-21T17:01:55.685+0000] {logging_mixin.py:188} INFO - Uploaded to gs://dtc-de-course-497317-terra-bucket/yellow_tripdata_2019-01.csv
[2026-06-21T17:01:55.685+0000] {python.py:237} INFO - Done. Returned value was: gs://dtc-de-course-497317-terra-bucket/yellow_tripdata_2019-01.csv
[2026-06-21T17:01:55.685+0000] {taskinstance.py:441} INFO - ::group::Post task execution logs
[2026-06-21T17:01:55.723+0000] {taskinstance.py:1206} INFO - Marking task as SUCCESS. dag_id=09_gcp_taxi_scheduled, task_id=upload_to_gcs, run_id=scheduled__2019-01-01T09:00:00+00:00, execution_date=20190101T090000, start_date=20260621T170044, end_date=20260621T170155
[2026-06-21T17:01:55.770+0000] {local_task_job_runner.py:243} INFO - Task exited with return code 0
[2026-06-21T17:01:55.811+0000] {taskinstance.py:3503} INFO - 0 downstream tasks scheduled from follow-on schedule check
[2026-06-21T17:01:55.814+0000] {local_task_job_runner.py:222} INFO - ::endgroup::
