[2026-06-16T11:43:20.002+0000] {local_task_job_runner.py:120} INFO - ::group::Pre task execution logs
[2026-06-16T11:43:20.074+0000] {taskinstance.py:2076} INFO - Dependencies all met for dep_context=non-requeueable deps ti=<TaskInstance: 05_postgres_taxi_scheduled.create_tables scheduled__2019-01-01T09:00:00+00:00 [queued]>
[2026-06-16T11:43:20.086+0000] {taskinstance.py:2076} INFO - Dependencies all met for dep_context=requeueable deps ti=<TaskInstance: 05_postgres_taxi_scheduled.create_tables scheduled__2019-01-01T09:00:00+00:00 [queued]>
[2026-06-16T11:43:20.087+0000] {taskinstance.py:2306} INFO - Starting attempt 1 of 1
[2026-06-16T11:43:20.106+0000] {taskinstance.py:2330} INFO - Executing <Task(_PythonDecoratedOperator): create_tables> on 2019-01-01 09:00:00+00:00
[2026-06-16T11:43:20.118+0000] {standard_task_runner.py:90} INFO - Running: ['***', 'tasks', 'run', '05_postgres_taxi_scheduled', 'create_tables', 'scheduled__2019-01-01T09:00:00+00:00', '--job-id', '2', '--raw', '--subdir', 'DAGS_FOLDER/dag_05_postgres_taxi_scheduled.py', '--cfg-path', '/tmp/tmp8i5gu4kn']
[2026-06-16T11:43:20.124+0000] {standard_task_runner.py:91} INFO - Job 2: Subtask create_tables
[2026-06-16T11:43:20.127+0000] {logging_mixin.py:188} WARNING - /home/***/.local/lib/python3.12/site-packages/***/task/task_runner/standard_task_runner.py:62 DeprecationWarning: This process (pid=233) is multi-threaded, use of fork() may lead to deadlocks in the child.
[2026-06-16T11:43:20.127+0000] {standard_task_runner.py:64} INFO - Started process 239 to run task
[2026-06-16T11:43:20.224+0000] {task_command.py:426} INFO - Running <TaskInstance: 05_postgres_taxi_scheduled.create_tables scheduled__2019-01-01T09:00:00+00:00 [running]> on host 23870fda014b
[2026-06-16T11:43:20.398+0000] {taskinstance.py:2648} INFO - Exporting env vars: AIRFLOW_CTX_DAG_OWNER='***' AIRFLOW_CTX_DAG_ID='05_postgres_taxi_scheduled' AIRFLOW_CTX_TASK_ID='create_tables' AIRFLOW_CTX_EXECUTION_DATE='2019-01-01T09:00:00+00:00' AIRFLOW_CTX_TRY_NUMBER='1' AIRFLOW_CTX_DAG_RUN_ID='scheduled__2019-01-01T09:00:00+00:00'
[2026-06-16T11:43:20.400+0000] {taskinstance.py:430} INFO - ::endgroup::
[2026-06-16T11:43:20.404+0000] {crypto.py:82} WARNING - empty cryptography key - values will not be stored encrypted.
[2026-06-16T11:43:20.405+0000] {base.py:84} INFO - Using connection ID 'postgres_zoomcamp' for task execution.
[2026-06-16T11:43:20.428+0000] {sql.py:495} INFO - Running statement: DROP TABLE IF EXISTS public.yellow_tripdata_staging;, parameters: None
[2026-06-16T11:43:20.430+0000] {base.py:84} INFO - Using connection ID 'postgres_zoomcamp' for task execution.
[2026-06-16T11:43:20.445+0000] {sql.py:495} INFO - Running statement: 
            CREATE TABLE public.yellow_tripdata_staging (
                "unique_row_id" TEXT,
    "filename" TEXT,
                "VendorID" TEXT,
    "tpep_pickup_datetime" TEXT,
    "tpep_dropoff_datetime" TEXT,
    "passenger_count" TEXT,
    "trip_distance" TEXT,
    "RatecodeID" TEXT,
    "store_and_fwd_flag" TEXT,
    "PULocationID" TEXT,
    "DOLocationID" TEXT,
    "payment_type" TEXT,
    "fare_amount" TEXT,
    "extra" TEXT,
    "mta_tax" TEXT,
    "tip_amount" TEXT,
    "tolls_amount" TEXT,
    "improvement_surcharge" TEXT,
    "total_amount" TEXT,
    "congestion_surcharge" TEXT
            );
        , parameters: None
[2026-06-16T11:43:20.457+0000] {base.py:84} INFO - Using connection ID 'postgres_zoomcamp' for task execution.
[2026-06-16T11:43:20.473+0000] {sql.py:495} INFO - Running statement: DROP TABLE IF EXISTS public.yellow_tripdata;, parameters: None
[2026-06-16T11:43:20.476+0000] {base.py:84} INFO - Using connection ID 'postgres_zoomcamp' for task execution.
[2026-06-16T11:43:20.492+0000] {sql.py:495} INFO - Running statement: 
            CREATE TABLE public.yellow_tripdata (
                "unique_row_id" TEXT,
    "filename" TEXT,
                "VendorID" TEXT,
    "tpep_pickup_datetime" TEXT,
    "tpep_dropoff_datetime" TEXT,
    "passenger_count" TEXT,
    "trip_distance" TEXT,
    "RatecodeID" TEXT,
    "store_and_fwd_flag" TEXT,
    "PULocationID" TEXT,
    "DOLocationID" TEXT,
    "payment_type" TEXT,
    "fare_amount" TEXT,
    "extra" TEXT,
    "mta_tax" TEXT,
    "tip_amount" TEXT,
    "tolls_amount" TEXT,
    "improvement_surcharge" TEXT,
    "total_amount" TEXT,
    "congestion_surcharge" TEXT
            );
        , parameters: None
[2026-06-16T11:43:20.500+0000] {logging_mixin.py:188} INFO - Tables ready: yellow_tripdata_staging, yellow_tripdata
[2026-06-16T11:43:20.500+0000] {python.py:237} INFO - Done. Returned value was: None
[2026-06-16T11:43:20.502+0000] {taskinstance.py:441} INFO - ::group::Post task execution logs
[2026-06-16T11:43:20.527+0000] {taskinstance.py:1206} INFO - Marking task as SUCCESS. dag_id=05_postgres_taxi_scheduled, task_id=create_tables, run_id=scheduled__2019-01-01T09:00:00+00:00, execution_date=20190101T090000, start_date=20260616T114320, end_date=20260616T114320
[2026-06-16T11:43:20.586+0000] {local_task_job_runner.py:243} INFO - Task exited with return code 0
[2026-06-16T11:43:20.645+0000] {taskinstance.py:3503} INFO - 0 downstream tasks scheduled from follow-on schedule check
[2026-06-16T11:43:20.649+0000] {local_task_job_runner.py:222} INFO - ::endgroup::
