[2026-06-16T12:41:20.388+0000] {local_task_job_runner.py:120} INFO - ::group::Pre task execution logs
[2026-06-16T12:41:20.441+0000] {taskinstance.py:2076} INFO - Dependencies all met for dep_context=non-requeueable deps ti=<TaskInstance: 09_gcp_taxi_scheduled.create_bq_table scheduled__2019-03-01T09:00:00+00:00 [queued]>
[2026-06-16T12:41:20.452+0000] {taskinstance.py:2076} INFO - Dependencies all met for dep_context=requeueable deps ti=<TaskInstance: 09_gcp_taxi_scheduled.create_bq_table scheduled__2019-03-01T09:00:00+00:00 [queued]>
[2026-06-16T12:41:20.453+0000] {taskinstance.py:2306} INFO - Starting attempt 1 of 1
[2026-06-16T12:41:20.473+0000] {taskinstance.py:2330} INFO - Executing <Task(_PythonDecoratedOperator): create_bq_table> on 2019-03-01 09:00:00+00:00
[2026-06-16T12:41:20.483+0000] {standard_task_runner.py:90} INFO - Running: ['***', 'tasks', 'run', '09_gcp_taxi_scheduled', 'create_bq_table', 'scheduled__2019-03-01T09:00:00+00:00', '--job-id', '26', '--raw', '--subdir', 'DAGS_FOLDER/dag_09_gcp_taxi_scheduled.py', '--cfg-path', '/tmp/tmpqbbryome']
[2026-06-16T12:41:20.486+0000] {standard_task_runner.py:91} INFO - Job 26: Subtask create_bq_table
[2026-06-16T12:41:20.488+0000] {logging_mixin.py:188} WARNING - /home/***/.local/lib/python3.12/site-packages/***/task/task_runner/standard_task_runner.py:62 DeprecationWarning: This process (pid=2009) is multi-threaded, use of fork() may lead to deadlocks in the child.
[2026-06-16T12:41:20.490+0000] {standard_task_runner.py:64} INFO - Started process 2011 to run task
[2026-06-16T12:41:20.571+0000] {task_command.py:426} INFO - Running <TaskInstance: 09_gcp_taxi_scheduled.create_bq_table scheduled__2019-03-01T09:00:00+00:00 [running]> on host d737cea85a57
[2026-06-16T12:41:20.722+0000] {taskinstance.py:2648} INFO - Exporting env vars: AIRFLOW_CTX_DAG_OWNER='***' AIRFLOW_CTX_DAG_ID='09_gcp_taxi_scheduled' AIRFLOW_CTX_TASK_ID='create_bq_table' AIRFLOW_CTX_EXECUTION_DATE='2019-03-01T09:00:00+00:00' AIRFLOW_CTX_TRY_NUMBER='1' AIRFLOW_CTX_DAG_RUN_ID='scheduled__2019-03-01T09:00:00+00:00'
[2026-06-16T12:41:20.724+0000] {taskinstance.py:430} INFO - ::endgroup::
[2026-06-16T12:41:21.984+0000] {crypto.py:82} WARNING - empty cryptography key - values will not be stored encrypted.
[2026-06-16T12:41:21.985+0000] {connection.py:274} WARNING - Connection schemes (type: google_cloud_platform) shall not contain '_' according to RFC3986.
[2026-06-16T12:41:21.987+0000] {base.py:84} INFO - Using connection ID 'google_cloud_default' for task execution.
[2026-06-16T12:41:22.527+0000] {logging_mixin.py:188} INFO - BigQuery table verified/created: dtc-de-course-497317.trips_data_all.yellow_tripdata_2019_03
[2026-06-16T12:41:22.528+0000] {python.py:237} INFO - Done. Returned value was: None
[2026-06-16T12:41:22.529+0000] {taskinstance.py:441} INFO - ::group::Post task execution logs
[2026-06-16T12:41:22.550+0000] {taskinstance.py:1206} INFO - Marking task as SUCCESS. dag_id=09_gcp_taxi_scheduled, task_id=create_bq_table, run_id=scheduled__2019-03-01T09:00:00+00:00, execution_date=20190301T090000, start_date=20260616T124120, end_date=20260616T124122
[2026-06-16T12:41:22.609+0000] {local_task_job_runner.py:243} INFO - Task exited with return code 0
[2026-06-16T12:41:22.652+0000] {taskinstance.py:3503} INFO - 0 downstream tasks scheduled from follow-on schedule check
[2026-06-16T12:41:22.655+0000] {local_task_job_runner.py:222} INFO - ::endgroup::
[2026-06-21T17:04:15.788+0000] {local_task_job_runner.py:120} INFO - ::group::Pre task execution logs
[2026-06-21T17:04:15.850+0000] {taskinstance.py:2076} INFO - Dependencies all met for dep_context=non-requeueable deps ti=<TaskInstance: 09_gcp_taxi_scheduled.create_bq_table scheduled__2019-03-01T09:00:00+00:00 [queued]>
[2026-06-21T17:04:15.862+0000] {taskinstance.py:2076} INFO - Dependencies all met for dep_context=requeueable deps ti=<TaskInstance: 09_gcp_taxi_scheduled.create_bq_table scheduled__2019-03-01T09:00:00+00:00 [queued]>
[2026-06-21T17:04:15.863+0000] {taskinstance.py:2306} INFO - Starting attempt 1 of 1
[2026-06-21T17:04:15.879+0000] {taskinstance.py:2330} INFO - Executing <Task(_PythonDecoratedOperator): create_bq_table> on 2019-03-01 09:00:00+00:00
[2026-06-21T17:04:15.889+0000] {standard_task_runner.py:90} INFO - Running: ['***', 'tasks', 'run', '09_gcp_taxi_scheduled', 'create_bq_table', 'scheduled__2019-03-01T09:00:00+00:00', '--job-id', '13', '--raw', '--subdir', 'DAGS_FOLDER/dag_09_gcp_taxi_scheduled.py', '--cfg-path', '/tmp/tmp7h171dow']
[2026-06-21T17:04:15.892+0000] {standard_task_runner.py:91} INFO - Job 13: Subtask create_bq_table
[2026-06-21T17:04:15.898+0000] {logging_mixin.py:188} WARNING - /home/***/.local/lib/python3.12/site-packages/***/task/task_runner/standard_task_runner.py:62 DeprecationWarning: This process (pid=937) is multi-threaded, use of fork() may lead to deadlocks in the child.
[2026-06-21T17:04:15.899+0000] {standard_task_runner.py:64} INFO - Started process 940 to run task
[2026-06-21T17:04:15.989+0000] {task_command.py:426} INFO - Running <TaskInstance: 09_gcp_taxi_scheduled.create_bq_table scheduled__2019-03-01T09:00:00+00:00 [running]> on host 70102c0d5da9
[2026-06-21T17:04:16.218+0000] {taskinstance.py:2648} INFO - Exporting env vars: AIRFLOW_CTX_DAG_OWNER='***' AIRFLOW_CTX_DAG_ID='09_gcp_taxi_scheduled' AIRFLOW_CTX_TASK_ID='create_bq_table' AIRFLOW_CTX_EXECUTION_DATE='2019-03-01T09:00:00+00:00' AIRFLOW_CTX_TRY_NUMBER='1' AIRFLOW_CTX_DAG_RUN_ID='scheduled__2019-03-01T09:00:00+00:00'
[2026-06-21T17:04:16.220+0000] {taskinstance.py:430} INFO - ::endgroup::
[2026-06-21T17:04:17.546+0000] {crypto.py:82} WARNING - empty cryptography key - values will not be stored encrypted.
[2026-06-21T17:04:17.546+0000] {connection.py:274} WARNING - Connection schemes (type: google_cloud_platform) shall not contain '_' according to RFC3986.
[2026-06-21T17:04:17.548+0000] {base.py:84} INFO - Using connection ID 'google_cloud_default' for task execution.
[2026-06-21T17:04:18.174+0000] {logging_mixin.py:188} INFO - BigQuery table verified/created: dtc-de-course-497317.trips_data_all.yellow_tripdata_2019_03
[2026-06-21T17:04:18.175+0000] {python.py:237} INFO - Done. Returned value was: None
[2026-06-21T17:04:18.176+0000] {taskinstance.py:441} INFO - ::group::Post task execution logs
[2026-06-21T17:04:18.205+0000] {taskinstance.py:1206} INFO - Marking task as SUCCESS. dag_id=09_gcp_taxi_scheduled, task_id=create_bq_table, run_id=scheduled__2019-03-01T09:00:00+00:00, execution_date=20190301T090000, start_date=20260621T170415, end_date=20260621T170418
[2026-06-21T17:04:18.290+0000] {local_task_job_runner.py:243} INFO - Task exited with return code 0
[2026-06-21T17:04:18.326+0000] {taskinstance.py:3503} INFO - 0 downstream tasks scheduled from follow-on schedule check
[2026-06-21T17:04:18.329+0000] {local_task_job_runner.py:222} INFO - ::endgroup::
