[2026-06-16T12:41:20.389+0000] {local_task_job_runner.py:120} INFO - ::group::Pre task execution logs
[2026-06-16T12:41:20.441+0000] {taskinstance.py:2076} INFO - Dependencies all met for dep_context=non-requeueable deps ti=<TaskInstance: 09_gcp_taxi_scheduled.extract scheduled__2019-03-01T09:00:00+00:00 [queued]>
[2026-06-16T12:41:20.452+0000] {taskinstance.py:2076} INFO - Dependencies all met for dep_context=requeueable deps ti=<TaskInstance: 09_gcp_taxi_scheduled.extract scheduled__2019-03-01T09:00:00+00:00 [queued]>
[2026-06-16T12:41:20.453+0000] {taskinstance.py:2306} INFO - Starting attempt 1 of 1
[2026-06-16T12:41:20.471+0000] {taskinstance.py:2330} INFO - Executing <Task(_PythonDecoratedOperator): extract> on 2019-03-01 09:00:00+00:00
[2026-06-16T12:41:20.481+0000] {standard_task_runner.py:90} INFO - Running: ['***', 'tasks', 'run', '09_gcp_taxi_scheduled', 'extract', 'scheduled__2019-03-01T09:00:00+00:00', '--job-id', '25', '--raw', '--subdir', 'DAGS_FOLDER/dag_09_gcp_taxi_scheduled.py', '--cfg-path', '/tmp/tmp3xdz5qtn']
[2026-06-16T12:41:20.485+0000] {standard_task_runner.py:91} INFO - Job 25: Subtask extract
[2026-06-16T12:41:20.487+0000] {logging_mixin.py:188} WARNING - /home/***/.local/lib/python3.12/site-packages/***/task/task_runner/standard_task_runner.py:62 DeprecationWarning: This process (pid=2008) is multi-threaded, use of fork() may lead to deadlocks in the child.
[2026-06-16T12:41:20.488+0000] {standard_task_runner.py:64} INFO - Started process 2010 to run task
[2026-06-16T12:41:20.571+0000] {task_command.py:426} INFO - Running <TaskInstance: 09_gcp_taxi_scheduled.extract scheduled__2019-03-01T09:00:00+00:00 [running]> on host d737cea85a57
[2026-06-16T12:41:20.729+0000] {taskinstance.py:2648} INFO - Exporting env vars: AIRFLOW_CTX_DAG_OWNER='***' AIRFLOW_CTX_DAG_ID='09_gcp_taxi_scheduled' AIRFLOW_CTX_TASK_ID='extract' AIRFLOW_CTX_EXECUTION_DATE='2019-03-01T09:00:00+00:00' AIRFLOW_CTX_TRY_NUMBER='1' AIRFLOW_CTX_DAG_RUN_ID='scheduled__2019-03-01T09:00:00+00:00'
[2026-06-16T12:41:20.730+0000] {taskinstance.py:430} INFO - ::endgroup::
[2026-06-16T12:41:20.732+0000] {logging_mixin.py:188} INFO - Downloading https://github.com/DataTalksClub/nyc-tlc-data/releases/download/yellow/yellow_tripdata_2019-03.csv.gz → /tmp/yellow_tripdata_2019-03.csv.gz
[2026-06-16T12:41:40.996+0000] {logging_mixin.py:188} INFO - Decompressing /tmp/yellow_tripdata_2019-03.csv.gz → /tmp/yellow_tripdata_2019-03.csv
[2026-06-16T12:41:45.472+0000] {logging_mixin.py:188} INFO - Downloaded 726,201,566 bytes uncompressed
[2026-06-16T12:41:45.473+0000] {python.py:237} INFO - Done. Returned value was: /tmp/yellow_tripdata_2019-03.csv
[2026-06-16T12:41:45.474+0000] {taskinstance.py:441} INFO - ::group::Post task execution logs
[2026-06-16T12:41:45.531+0000] {taskinstance.py:1206} INFO - Marking task as SUCCESS. dag_id=09_gcp_taxi_scheduled, task_id=extract, run_id=scheduled__2019-03-01T09:00:00+00:00, execution_date=20190301T090000, start_date=20260616T124120, end_date=20260616T124145
[2026-06-16T12:41:45.591+0000] {local_task_job_runner.py:243} INFO - Task exited with return code 0
[2026-06-16T12:41:45.639+0000] {taskinstance.py:3503} INFO - 1 downstream tasks scheduled from follow-on schedule check
[2026-06-16T12:41:45.642+0000] {local_task_job_runner.py:222} INFO - ::endgroup::
[2026-06-21T17:04:15.754+0000] {local_task_job_runner.py:120} INFO - ::group::Pre task execution logs
[2026-06-21T17:04:15.821+0000] {taskinstance.py:2076} INFO - Dependencies all met for dep_context=non-requeueable deps ti=<TaskInstance: 09_gcp_taxi_scheduled.extract scheduled__2019-03-01T09:00:00+00:00 [queued]>
[2026-06-21T17:04:15.836+0000] {taskinstance.py:2076} INFO - Dependencies all met for dep_context=requeueable deps ti=<TaskInstance: 09_gcp_taxi_scheduled.extract scheduled__2019-03-01T09:00:00+00:00 [queued]>
[2026-06-21T17:04:15.837+0000] {taskinstance.py:2306} INFO - Starting attempt 1 of 1
[2026-06-21T17:04:15.855+0000] {taskinstance.py:2330} INFO - Executing <Task(_PythonDecoratedOperator): extract> on 2019-03-01 09:00:00+00:00
[2026-06-21T17:04:15.866+0000] {standard_task_runner.py:90} INFO - Running: ['***', 'tasks', 'run', '09_gcp_taxi_scheduled', 'extract', 'scheduled__2019-03-01T09:00:00+00:00', '--job-id', '12', '--raw', '--subdir', 'DAGS_FOLDER/dag_09_gcp_taxi_scheduled.py', '--cfg-path', '/tmp/tmpgmm03osr']
[2026-06-21T17:04:15.868+0000] {standard_task_runner.py:91} INFO - Job 12: Subtask extract
[2026-06-21T17:04:15.875+0000] {logging_mixin.py:188} WARNING - /home/***/.local/lib/python3.12/site-packages/***/task/task_runner/standard_task_runner.py:62 DeprecationWarning: This process (pid=938) is multi-threaded, use of fork() may lead to deadlocks in the child.
[2026-06-21T17:04:15.875+0000] {standard_task_runner.py:64} INFO - Started process 939 to run task
[2026-06-21T17:04:15.964+0000] {task_command.py:426} INFO - Running <TaskInstance: 09_gcp_taxi_scheduled.extract scheduled__2019-03-01T09:00:00+00:00 [running]> on host 70102c0d5da9
[2026-06-21T17:04:16.177+0000] {taskinstance.py:2648} INFO - Exporting env vars: AIRFLOW_CTX_DAG_OWNER='***' AIRFLOW_CTX_DAG_ID='09_gcp_taxi_scheduled' AIRFLOW_CTX_TASK_ID='extract' AIRFLOW_CTX_EXECUTION_DATE='2019-03-01T09:00:00+00:00' AIRFLOW_CTX_TRY_NUMBER='1' AIRFLOW_CTX_DAG_RUN_ID='scheduled__2019-03-01T09:00:00+00:00'
[2026-06-21T17:04:16.178+0000] {taskinstance.py:430} INFO - ::endgroup::
[2026-06-21T17:04:16.180+0000] {logging_mixin.py:188} INFO - Downloading https://github.com/DataTalksClub/nyc-tlc-data/releases/download/yellow/yellow_tripdata_2019-03.csv.gz → /tmp/yellow_tripdata_2019-03.csv.gz
[2026-06-21T17:04:31.451+0000] {logging_mixin.py:188} INFO - Decompressing /tmp/yellow_tripdata_2019-03.csv.gz → /tmp/yellow_tripdata_2019-03.csv
[2026-06-21T17:04:34.833+0000] {logging_mixin.py:188} INFO - Downloaded 726,201,566 bytes uncompressed
[2026-06-21T17:04:34.833+0000] {python.py:237} INFO - Done. Returned value was: /tmp/yellow_tripdata_2019-03.csv
[2026-06-21T17:04:34.834+0000] {taskinstance.py:441} INFO - ::group::Post task execution logs
[2026-06-21T17:04:34.871+0000] {taskinstance.py:1206} INFO - Marking task as SUCCESS. dag_id=09_gcp_taxi_scheduled, task_id=extract, run_id=scheduled__2019-03-01T09:00:00+00:00, execution_date=20190301T090000, start_date=20260621T170415, end_date=20260621T170434
[2026-06-21T17:04:34.898+0000] {local_task_job_runner.py:243} INFO - Task exited with return code 0
[2026-06-21T17:04:34.934+0000] {taskinstance.py:3503} INFO - 1 downstream tasks scheduled from follow-on schedule check
[2026-06-21T17:04:34.937+0000] {local_task_job_runner.py:222} INFO - ::endgroup::
