[2026-06-15T14:31:22.210+0000] {local_task_job_runner.py:120} INFO - ::group::Pre task execution logs
[2026-06-15T14:31:22.283+0000] {taskinstance.py:2076} INFO - Dependencies all met for dep_context=non-requeueable deps ti=<TaskInstance: 04_postgres_taxi.load_to_staging manual__2026-06-15T14:31:19+00:00 [queued]>
[2026-06-15T14:31:22.297+0000] {taskinstance.py:2076} INFO - Dependencies all met for dep_context=requeueable deps ti=<TaskInstance: 04_postgres_taxi.load_to_staging manual__2026-06-15T14:31:19+00:00 [queued]>
[2026-06-15T14:31:22.297+0000] {taskinstance.py:2306} INFO - Starting attempt 1 of 1
[2026-06-15T14:31:22.321+0000] {taskinstance.py:2330} INFO - Executing <Task(_PythonDecoratedOperator): load_to_staging> on 2026-06-15 14:31:19+00:00
[2026-06-15T14:31:22.332+0000] {standard_task_runner.py:90} INFO - Running: ['***', 'tasks', 'run', '04_postgres_taxi', 'load_to_staging', 'manual__2026-06-15T14:31:19+00:00', '--job-id', '29', '--raw', '--subdir', 'DAGS_FOLDER/dag_04_postgres_taxi.py', '--cfg-path', '/tmp/tmpinvm5btl']
[2026-06-15T14:31:22.336+0000] {standard_task_runner.py:91} INFO - Job 29: Subtask load_to_staging
[2026-06-15T14:31:22.337+0000] {logging_mixin.py:188} WARNING - /home/***/.local/lib/python3.12/site-packages/***/task/task_runner/standard_task_runner.py:62 DeprecationWarning: This process (pid=1809) is multi-threaded, use of fork() may lead to deadlocks in the child.
[2026-06-15T14:31:22.338+0000] {standard_task_runner.py:64} INFO - Started process 1810 to run task
[2026-06-15T14:31:22.421+0000] {task_command.py:426} INFO - Running <TaskInstance: 04_postgres_taxi.load_to_staging manual__2026-06-15T14:31:19+00:00 [running]> on host b107edefa4b1
[2026-06-15T14:31:22.603+0000] {taskinstance.py:2648} INFO - Exporting env vars: AIRFLOW_CTX_DAG_OWNER='***' AIRFLOW_CTX_DAG_ID='04_postgres_taxi' AIRFLOW_CTX_TASK_ID='load_to_staging' AIRFLOW_CTX_EXECUTION_DATE='2026-06-15T14:31:19+00:00' AIRFLOW_CTX_TRY_NUMBER='1' AIRFLOW_CTX_DAG_RUN_ID='manual__2026-06-15T14:31:19+00:00'
[2026-06-15T14:31:22.604+0000] {taskinstance.py:430} INFO - ::endgroup::
[2026-06-15T14:31:22.607+0000] {crypto.py:82} WARNING - empty cryptography key - values will not be stored encrypted.
[2026-06-15T14:31:22.608+0000] {base.py:84} INFO - Using connection ID 'postgres_zoomcamp' for task execution.
[2026-06-15T14:31:22.861+0000] {logging_mixin.py:188} INFO - Loaded 76,518 rows into staging
[2026-06-15T14:31:23.957+0000] {python.py:237} INFO - Done. Returned value was: None
[2026-06-15T14:31:23.958+0000] {taskinstance.py:441} INFO - ::group::Post task execution logs
[2026-06-15T14:31:23.978+0000] {taskinstance.py:1206} INFO - Marking task as SUCCESS. dag_id=04_postgres_taxi, task_id=load_to_staging, run_id=manual__2026-06-15T14:31:19+00:00, execution_date=20260615T143119, start_date=20260615T143122, end_date=20260615T143123
[2026-06-15T14:31:24.014+0000] {local_task_job_runner.py:243} INFO - Task exited with return code 0
[2026-06-15T14:31:24.075+0000] {taskinstance.py:3503} INFO - 1 downstream tasks scheduled from follow-on schedule check
[2026-06-15T14:31:24.081+0000] {local_task_job_runner.py:222} INFO - ::endgroup::
