[2026-06-16T12:38:38.934+0000] {local_task_job_runner.py:120} INFO - ::group::Pre task execution logs
[2026-06-16T12:38:38.991+0000] {taskinstance.py:2076} INFO - Dependencies all met for dep_context=non-requeueable deps ti=<TaskInstance: 09_gcp_taxi_scheduled.load_gcs_to_bq scheduled__2019-01-01T09:00:00+00:00 [queued]>
[2026-06-16T12:38:39.002+0000] {taskinstance.py:2076} INFO - Dependencies all met for dep_context=requeueable deps ti=<TaskInstance: 09_gcp_taxi_scheduled.load_gcs_to_bq scheduled__2019-01-01T09:00:00+00:00 [queued]>
[2026-06-16T12:38:39.003+0000] {taskinstance.py:2306} INFO - Starting attempt 1 of 1
[2026-06-16T12:38:39.019+0000] {taskinstance.py:2330} INFO - Executing <Task(_PythonDecoratedOperator): load_gcs_to_bq> on 2019-01-01 09:00:00+00:00
[2026-06-16T12:38:39.029+0000] {standard_task_runner.py:90} INFO - Running: ['***', 'tasks', 'run', '09_gcp_taxi_scheduled', 'load_gcs_to_bq', 'scheduled__2019-01-01T09:00:00+00:00', '--job-id', '18', '--raw', '--subdir', 'DAGS_FOLDER/dag_09_gcp_taxi_scheduled.py', '--cfg-path', '/tmp/tmp9d5cnv3a']
[2026-06-16T12:38:39.032+0000] {standard_task_runner.py:91} INFO - Job 18: Subtask load_gcs_to_bq
[2026-06-16T12:38:39.040+0000] {logging_mixin.py:188} WARNING - /home/***/.local/lib/python3.12/site-packages/***/task/task_runner/standard_task_runner.py:62 DeprecationWarning: This process (pid=1756) is multi-threaded, use of fork() may lead to deadlocks in the child.
[2026-06-16T12:38:39.041+0000] {standard_task_runner.py:64} INFO - Started process 1757 to run task
[2026-06-16T12:38:39.111+0000] {task_command.py:426} INFO - Running <TaskInstance: 09_gcp_taxi_scheduled.load_gcs_to_bq scheduled__2019-01-01T09:00:00+00:00 [running]> on host d737cea85a57
[2026-06-16T12:38:39.263+0000] {taskinstance.py:2648} INFO - Exporting env vars: AIRFLOW_CTX_DAG_OWNER='***' AIRFLOW_CTX_DAG_ID='09_gcp_taxi_scheduled' AIRFLOW_CTX_TASK_ID='load_gcs_to_bq' AIRFLOW_CTX_EXECUTION_DATE='2019-01-01T09:00:00+00:00' AIRFLOW_CTX_TRY_NUMBER='1' AIRFLOW_CTX_DAG_RUN_ID='scheduled__2019-01-01T09:00:00+00:00'
[2026-06-16T12:38:39.264+0000] {taskinstance.py:430} INFO - ::endgroup::
[2026-06-16T12:38:40.312+0000] {crypto.py:82} WARNING - empty cryptography key - values will not be stored encrypted.
[2026-06-16T12:38:40.312+0000] {connection.py:274} WARNING - Connection schemes (type: google_cloud_platform) shall not contain '_' according to RFC3986.
[2026-06-16T12:38:40.313+0000] {base.py:84} INFO - Using connection ID 'google_cloud_default' for task execution.
[2026-06-16T12:39:04.210+0000] {logging_mixin.py:188} INFO - Loaded 7667792 rows into dtc-de-course-497317.trips_data_all.yellow_tripdata_2019_01
[2026-06-16T12:39:04.211+0000] {python.py:237} INFO - Done. Returned value was: None
[2026-06-16T12:39:04.211+0000] {taskinstance.py:441} INFO - ::group::Post task execution logs
[2026-06-16T12:39:04.225+0000] {taskinstance.py:1206} INFO - Marking task as SUCCESS. dag_id=09_gcp_taxi_scheduled, task_id=load_gcs_to_bq, run_id=scheduled__2019-01-01T09:00:00+00:00, execution_date=20190101T090000, start_date=20260616T123838, end_date=20260616T123904
[2026-06-16T12:39:04.277+0000] {local_task_job_runner.py:243} INFO - Task exited with return code 0
[2026-06-16T12:39:04.306+0000] {taskinstance.py:3503} INFO - 1 downstream tasks scheduled from follow-on schedule check
[2026-06-16T12:39:04.309+0000] {local_task_job_runner.py:222} INFO - ::endgroup::
[2026-06-21T17:01:56.045+0000] {local_task_job_runner.py:120} INFO - ::group::Pre task execution logs
[2026-06-21T17:01:56.095+0000] {taskinstance.py:2076} INFO - Dependencies all met for dep_context=non-requeueable deps ti=<TaskInstance: 09_gcp_taxi_scheduled.load_gcs_to_bq scheduled__2019-01-01T09:00:00+00:00 [queued]>
[2026-06-21T17:01:56.108+0000] {taskinstance.py:2076} INFO - Dependencies all met for dep_context=requeueable deps ti=<TaskInstance: 09_gcp_taxi_scheduled.load_gcs_to_bq scheduled__2019-01-01T09:00:00+00:00 [queued]>
[2026-06-21T17:01:56.108+0000] {taskinstance.py:2306} INFO - Starting attempt 1 of 1
[2026-06-21T17:01:56.123+0000] {taskinstance.py:2330} INFO - Executing <Task(_PythonDecoratedOperator): load_gcs_to_bq> on 2019-01-01 09:00:00+00:00
[2026-06-21T17:01:56.134+0000] {standard_task_runner.py:90} INFO - Running: ['***', 'tasks', 'run', '09_gcp_taxi_scheduled', 'load_gcs_to_bq', 'scheduled__2019-01-01T09:00:00+00:00', '--job-id', '5', '--raw', '--subdir', 'DAGS_FOLDER/dag_09_gcp_taxi_scheduled.py', '--cfg-path', '/tmp/tmp3fbd8xhc']
[2026-06-21T17:01:56.137+0000] {standard_task_runner.py:91} INFO - Job 5: Subtask load_gcs_to_bq
[2026-06-21T17:01:56.143+0000] {logging_mixin.py:188} WARNING - /home/***/.local/lib/python3.12/site-packages/***/task/task_runner/standard_task_runner.py:62 DeprecationWarning: This process (pid=750) is multi-threaded, use of fork() may lead to deadlocks in the child.
[2026-06-21T17:01:56.144+0000] {standard_task_runner.py:64} INFO - Started process 751 to run task
[2026-06-21T17:01:56.223+0000] {task_command.py:426} INFO - Running <TaskInstance: 09_gcp_taxi_scheduled.load_gcs_to_bq scheduled__2019-01-01T09:00:00+00:00 [running]> on host 70102c0d5da9
[2026-06-21T17:01:56.390+0000] {taskinstance.py:2648} INFO - Exporting env vars: AIRFLOW_CTX_DAG_OWNER='***' AIRFLOW_CTX_DAG_ID='09_gcp_taxi_scheduled' AIRFLOW_CTX_TASK_ID='load_gcs_to_bq' AIRFLOW_CTX_EXECUTION_DATE='2019-01-01T09:00:00+00:00' AIRFLOW_CTX_TRY_NUMBER='1' AIRFLOW_CTX_DAG_RUN_ID='scheduled__2019-01-01T09:00:00+00:00'
[2026-06-21T17:01:56.391+0000] {taskinstance.py:430} INFO - ::endgroup::
[2026-06-21T17:01:57.487+0000] {crypto.py:82} WARNING - empty cryptography key - values will not be stored encrypted.
[2026-06-21T17:01:57.487+0000] {connection.py:274} WARNING - Connection schemes (type: google_cloud_platform) shall not contain '_' according to RFC3986.
[2026-06-21T17:01:57.488+0000] {base.py:84} INFO - Using connection ID 'google_cloud_default' for task execution.
[2026-06-21T17:02:20.751+0000] {logging_mixin.py:188} INFO - Loaded 7667792 rows into dtc-de-course-497317.trips_data_all.yellow_tripdata_2019_01
[2026-06-21T17:02:20.751+0000] {python.py:237} INFO - Done. Returned value was: None
[2026-06-21T17:02:20.752+0000] {taskinstance.py:441} INFO - ::group::Post task execution logs
[2026-06-21T17:02:20.767+0000] {taskinstance.py:1206} INFO - Marking task as SUCCESS. dag_id=09_gcp_taxi_scheduled, task_id=load_gcs_to_bq, run_id=scheduled__2019-01-01T09:00:00+00:00, execution_date=20190101T090000, start_date=20260621T170156, end_date=20260621T170220
[2026-06-21T17:02:20.824+0000] {local_task_job_runner.py:243} INFO - Task exited with return code 0
[2026-06-21T17:02:20.852+0000] {taskinstance.py:3503} INFO - 1 downstream tasks scheduled from follow-on schedule check
[2026-06-21T17:02:20.855+0000] {local_task_job_runner.py:222} INFO - ::endgroup::
