[2026-06-15T14:30:39.334+0000] {local_task_job_runner.py:120} INFO - ::group::Pre task execution logs
[2026-06-15T14:30:39.408+0000] {taskinstance.py:2076} INFO - Dependencies all met for dep_context=non-requeueable deps ti=<TaskInstance: 04_postgres_taxi.extract manual__2026-06-15T14:30:38+00:00 [queued]>
[2026-06-15T14:30:39.428+0000] {taskinstance.py:2076} INFO - Dependencies all met for dep_context=requeueable deps ti=<TaskInstance: 04_postgres_taxi.extract manual__2026-06-15T14:30:38+00:00 [queued]>
[2026-06-15T14:30:39.429+0000] {taskinstance.py:2306} INFO - Starting attempt 1 of 1
[2026-06-15T14:30:39.450+0000] {taskinstance.py:2330} INFO - Executing <Task(_PythonDecoratedOperator): extract> on 2026-06-15 14:30:38+00:00
[2026-06-15T14:30:39.464+0000] {standard_task_runner.py:90} INFO - Running: ['***', 'tasks', 'run', '04_postgres_taxi', 'extract', 'manual__2026-06-15T14:30:38+00:00', '--job-id', '24', '--raw', '--subdir', 'DAGS_FOLDER/dag_04_postgres_taxi.py', '--cfg-path', '/tmp/tmpbrutvvh3']
[2026-06-15T14:30:39.470+0000] {standard_task_runner.py:91} INFO - Job 24: Subtask extract
[2026-06-15T14:30:39.474+0000] {logging_mixin.py:188} WARNING - /home/***/.local/lib/python3.12/site-packages/***/task/task_runner/standard_task_runner.py:62 DeprecationWarning: This process (pid=1751) is multi-threaded, use of fork() may lead to deadlocks in the child.
[2026-06-15T14:30:39.475+0000] {standard_task_runner.py:64} INFO - Started process 1752 to run task
[2026-06-15T14:30:39.576+0000] {task_command.py:426} INFO - Running <TaskInstance: 04_postgres_taxi.extract manual__2026-06-15T14:30:38+00:00 [running]> on host b107edefa4b1
[2026-06-15T14:30:39.719+0000] {taskinstance.py:2648} INFO - Exporting env vars: AIRFLOW_CTX_DAG_OWNER='***' AIRFLOW_CTX_DAG_ID='04_postgres_taxi' AIRFLOW_CTX_TASK_ID='extract' AIRFLOW_CTX_EXECUTION_DATE='2026-06-15T14:30:38+00:00' AIRFLOW_CTX_TRY_NUMBER='1' AIRFLOW_CTX_DAG_RUN_ID='manual__2026-06-15T14:30:38+00:00'
[2026-06-15T14:30:39.721+0000] {taskinstance.py:430} INFO - ::endgroup::
[2026-06-15T14:30:39.722+0000] {logging_mixin.py:188} INFO - Downloading https://github.com/DataTalksClub/nyc-tlc-data/releases/download/green/green_tripdata_2021-01.csv.gz → /tmp/green_tripdata_2021-01.csv.gz
[2026-06-15T14:30:40.087+0000] {logging_mixin.py:188} INFO - Decompressing /tmp/green_tripdata_2021-01.csv.gz → /tmp/green_tripdata_2021-01.csv
[2026-06-15T14:30:40.120+0000] {logging_mixin.py:188} INFO - Downloaded 6,912,251 bytes uncompressed
[2026-06-15T14:30:40.121+0000] {python.py:237} INFO - Done. Returned value was: /tmp/green_tripdata_2021-01.csv
[2026-06-15T14:30:40.121+0000] {taskinstance.py:441} INFO - ::group::Post task execution logs
[2026-06-15T14:30:40.165+0000] {taskinstance.py:1206} INFO - Marking task as SUCCESS. dag_id=04_postgres_taxi, task_id=extract, run_id=manual__2026-06-15T14:30:38+00:00, execution_date=20260615T143038, start_date=20260615T143039, end_date=20260615T143040
[2026-06-15T14:30:40.220+0000] {local_task_job_runner.py:243} INFO - Task exited with return code 0
[2026-06-15T14:30:40.272+0000] {taskinstance.py:3503} INFO - 1 downstream tasks scheduled from follow-on schedule check
[2026-06-15T14:30:40.276+0000] {local_task_job_runner.py:222} INFO - ::endgroup::
