[2026-06-16T12:23:14.040+0000] {local_task_job_runner.py:120} INFO - ::group::Pre task execution logs
[2026-06-16T12:23:14.101+0000] {taskinstance.py:2076} INFO - Dependencies all met for dep_context=non-requeueable deps ti=<TaskInstance: 08_gcp_taxi.extract manual__2026-06-16T12:22:28+00:00 [queued]>
[2026-06-16T12:23:14.111+0000] {taskinstance.py:2076} INFO - Dependencies all met for dep_context=requeueable deps ti=<TaskInstance: 08_gcp_taxi.extract manual__2026-06-16T12:22:28+00:00 [queued]>
[2026-06-16T12:23:14.112+0000] {taskinstance.py:2306} INFO - Starting attempt 1 of 1
[2026-06-16T12:23:14.133+0000] {taskinstance.py:2330} INFO - Executing <Task(_PythonDecoratedOperator): extract> on 2026-06-16 12:22:28+00:00
[2026-06-16T12:23:14.143+0000] {standard_task_runner.py:90} INFO - Running: ['***', 'tasks', 'run', '08_gcp_taxi', 'extract', 'manual__2026-06-16T12:22:28+00:00', '--job-id', '7', '--raw', '--subdir', 'DAGS_FOLDER/dag_08_gcp_taxi.py', '--cfg-path', '/tmp/tmp6k8w_99m']
[2026-06-16T12:23:14.147+0000] {standard_task_runner.py:91} INFO - Job 7: Subtask extract
[2026-06-16T12:23:14.156+0000] {logging_mixin.py:188} WARNING - /home/***/.local/lib/python3.12/site-packages/***/task/task_runner/standard_task_runner.py:62 DeprecationWarning: This process (pid=654) is multi-threaded, use of fork() may lead to deadlocks in the child.
[2026-06-16T12:23:14.157+0000] {standard_task_runner.py:64} INFO - Started process 656 to run task
[2026-06-16T12:23:14.248+0000] {task_command.py:426} INFO - Running <TaskInstance: 08_gcp_taxi.extract manual__2026-06-16T12:22:28+00:00 [running]> on host d737cea85a57
[2026-06-16T12:23:14.394+0000] {taskinstance.py:2648} INFO - Exporting env vars: AIRFLOW_CTX_DAG_OWNER='***' AIRFLOW_CTX_DAG_ID='08_gcp_taxi' AIRFLOW_CTX_TASK_ID='extract' AIRFLOW_CTX_EXECUTION_DATE='2026-06-16T12:22:28+00:00' AIRFLOW_CTX_TRY_NUMBER='1' AIRFLOW_CTX_DAG_RUN_ID='manual__2026-06-16T12:22:28+00:00'
[2026-06-16T12:23:14.396+0000] {taskinstance.py:430} INFO - ::endgroup::
[2026-06-16T12:23:14.398+0000] {logging_mixin.py:188} INFO - Downloading https://github.com/DataTalksClub/nyc-tlc-data/releases/download/yellow/yellow_tripdata_2019-01.csv.gz → /tmp/yellow_tripdata_2019-01.csv.gz
[2026-06-16T12:23:29.101+0000] {logging_mixin.py:188} INFO - Decompressing /tmp/yellow_tripdata_2019-01.csv.gz → /tmp/yellow_tripdata_2019-01.csv
[2026-06-16T12:23:32.566+0000] {logging_mixin.py:188} INFO - Downloaded 687,088,084 bytes uncompressed
[2026-06-16T12:23:32.566+0000] {python.py:237} INFO - Done. Returned value was: /tmp/yellow_tripdata_2019-01.csv
[2026-06-16T12:23:32.567+0000] {taskinstance.py:441} INFO - ::group::Post task execution logs
[2026-06-16T12:23:32.608+0000] {taskinstance.py:1206} INFO - Marking task as SUCCESS. dag_id=08_gcp_taxi, task_id=extract, run_id=manual__2026-06-16T12:22:28+00:00, execution_date=20260616T122228, start_date=20260616T122314, end_date=20260616T122332
[2026-06-16T12:23:32.635+0000] {local_task_job_runner.py:243} INFO - Task exited with return code 0
[2026-06-16T12:23:32.665+0000] {taskinstance.py:3503} INFO - 2 downstream tasks scheduled from follow-on schedule check
[2026-06-16T12:23:32.671+0000] {local_task_job_runner.py:222} INFO - ::endgroup::
