[2026-06-16T11:46:11.183+0000] {local_task_job_runner.py:120} INFO - ::group::Pre task execution logs
[2026-06-16T11:46:11.258+0000] {taskinstance.py:2076} INFO - Dependencies all met for dep_context=non-requeueable deps ti=<TaskInstance: 05_postgres_taxi_scheduled.create_tables manual__2026-06-16T11:43:13+00:00 [queued]>
[2026-06-16T11:46:11.270+0000] {taskinstance.py:2076} INFO - Dependencies all met for dep_context=requeueable deps ti=<TaskInstance: 05_postgres_taxi_scheduled.create_tables manual__2026-06-16T11:43:13+00:00 [queued]>
[2026-06-16T11:46:11.270+0000] {taskinstance.py:2306} INFO - Starting attempt 1 of 1
[2026-06-16T11:46:11.293+0000] {taskinstance.py:2330} INFO - Executing <Task(_PythonDecoratedOperator): create_tables> on 2026-06-16 11:43:13+00:00
[2026-06-16T11:46:11.303+0000] {standard_task_runner.py:90} INFO - Running: ['***', 'tasks', 'run', '05_postgres_taxi_scheduled', 'create_tables', 'manual__2026-06-16T11:43:13+00:00', '--job-id', '7', '--raw', '--subdir', 'DAGS_FOLDER/dag_05_postgres_taxi_scheduled.py', '--cfg-path', '/tmp/tmp_hazlnr4']
[2026-06-16T11:46:11.305+0000] {standard_task_runner.py:91} INFO - Job 7: Subtask create_tables
[2026-06-16T11:46:11.307+0000] {logging_mixin.py:188} WARNING - /home/***/.local/lib/python3.12/site-packages/***/task/task_runner/standard_task_runner.py:62 DeprecationWarning: This process (pid=393) is multi-threaded, use of fork() may lead to deadlocks in the child.
[2026-06-16T11:46:11.308+0000] {standard_task_runner.py:64} INFO - Started process 395 to run task
[2026-06-16T11:46:11.397+0000] {task_command.py:426} INFO - Running <TaskInstance: 05_postgres_taxi_scheduled.create_tables manual__2026-06-16T11:43:13+00:00 [running]> on host 23870fda014b
[2026-06-16T11:46:11.540+0000] {taskinstance.py:2648} INFO - Exporting env vars: AIRFLOW_CTX_DAG_OWNER='***' AIRFLOW_CTX_DAG_ID='05_postgres_taxi_scheduled' AIRFLOW_CTX_TASK_ID='create_tables' AIRFLOW_CTX_EXECUTION_DATE='2026-06-16T11:43:13+00:00' AIRFLOW_CTX_TRY_NUMBER='1' AIRFLOW_CTX_DAG_RUN_ID='manual__2026-06-16T11:43:13+00:00'
[2026-06-16T11:46:11.541+0000] {taskinstance.py:430} INFO - ::endgroup::
[2026-06-16T11:46:11.544+0000] {crypto.py:82} WARNING - empty cryptography key - values will not be stored encrypted.
[2026-06-16T11:46:11.544+0000] {base.py:84} INFO - Using connection ID 'postgres_zoomcamp' for task execution.
[2026-06-16T11:46:11.555+0000] {sql.py:495} INFO - Running statement: DROP TABLE IF EXISTS public.yellow_tripdata_staging;, parameters: None
[2026-06-16T11:46:12.939+0000] {base.py:84} INFO - Using connection ID 'postgres_zoomcamp' for task execution.
[2026-06-16T11:46:12.949+0000] {sql.py:495} INFO - Running statement: 
            CREATE TABLE public.yellow_tripdata_staging (
                "unique_row_id" TEXT,
    "filename" TEXT,
                "VendorID" TEXT,
    "tpep_pickup_datetime" TEXT,
    "tpep_dropoff_datetime" TEXT,
    "passenger_count" TEXT,
    "trip_distance" TEXT,
    "RatecodeID" TEXT,
    "store_and_fwd_flag" TEXT,
    "PULocationID" TEXT,
    "DOLocationID" TEXT,
    "payment_type" TEXT,
    "fare_amount" TEXT,
    "extra" TEXT,
    "mta_tax" TEXT,
    "tip_amount" TEXT,
    "tolls_amount" TEXT,
    "improvement_surcharge" TEXT,
    "total_amount" TEXT,
    "congestion_surcharge" TEXT
            );
        , parameters: None
[2026-06-16T11:46:12.965+0000] {base.py:84} INFO - Using connection ID 'postgres_zoomcamp' for task execution.
[2026-06-16T11:46:12.976+0000] {sql.py:495} INFO - Running statement: DROP TABLE IF EXISTS public.yellow_tripdata;, parameters: None
[2026-06-16T11:46:13.128+0000] {base.py:84} INFO - Using connection ID 'postgres_zoomcamp' for task execution.
[2026-06-16T11:46:13.138+0000] {sql.py:495} INFO - Running statement: 
            CREATE TABLE public.yellow_tripdata (
                "unique_row_id" TEXT,
    "filename" TEXT,
                "VendorID" TEXT,
    "tpep_pickup_datetime" TEXT,
    "tpep_dropoff_datetime" TEXT,
    "passenger_count" TEXT,
    "trip_distance" TEXT,
    "RatecodeID" TEXT,
    "store_and_fwd_flag" TEXT,
    "PULocationID" TEXT,
    "DOLocationID" TEXT,
    "payment_type" TEXT,
    "fare_amount" TEXT,
    "extra" TEXT,
    "mta_tax" TEXT,
    "tip_amount" TEXT,
    "tolls_amount" TEXT,
    "improvement_surcharge" TEXT,
    "total_amount" TEXT,
    "congestion_surcharge" TEXT
            );
        , parameters: None
[2026-06-16T11:46:13.147+0000] {logging_mixin.py:188} INFO - Tables ready: yellow_tripdata_staging, yellow_tripdata
[2026-06-16T11:46:13.147+0000] {python.py:237} INFO - Done. Returned value was: None
[2026-06-16T11:46:13.148+0000] {taskinstance.py:441} INFO - ::group::Post task execution logs
[2026-06-16T11:46:13.163+0000] {taskinstance.py:1206} INFO - Marking task as SUCCESS. dag_id=05_postgres_taxi_scheduled, task_id=create_tables, run_id=manual__2026-06-16T11:43:13+00:00, execution_date=20260616T114313, start_date=20260616T114611, end_date=20260616T114613
[2026-06-16T11:46:13.219+0000] {local_task_job_runner.py:243} INFO - Task exited with return code 0
[2026-06-16T11:46:13.248+0000] {taskinstance.py:3503} INFO - 0 downstream tasks scheduled from follow-on schedule check
[2026-06-16T11:46:13.254+0000] {local_task_job_runner.py:222} INFO - ::endgroup::
