[2026-06-16T12:24:32.593+0000] {local_task_job_runner.py:120} INFO - ::group::Pre task execution logs
[2026-06-16T12:24:32.648+0000] {taskinstance.py:2076} INFO - Dependencies all met for dep_context=non-requeueable deps ti=<TaskInstance: 08_gcp_taxi.create_bq_table manual__2026-06-16T12:24:31+00:00 [queued]>
[2026-06-16T12:24:32.659+0000] {taskinstance.py:2076} INFO - Dependencies all met for dep_context=requeueable deps ti=<TaskInstance: 08_gcp_taxi.create_bq_table manual__2026-06-16T12:24:31+00:00 [queued]>
[2026-06-16T12:24:32.659+0000] {taskinstance.py:2306} INFO - Starting attempt 1 of 1
[2026-06-16T12:24:32.676+0000] {taskinstance.py:2330} INFO - Executing <Task(_PythonDecoratedOperator): create_bq_table> on 2026-06-16 12:24:31+00:00
[2026-06-16T12:24:32.691+0000] {standard_task_runner.py:90} INFO - Running: ['***', 'tasks', 'run', '08_gcp_taxi', 'create_bq_table', 'manual__2026-06-16T12:24:31+00:00', '--job-id', '10', '--raw', '--subdir', 'DAGS_FOLDER/dag_08_gcp_taxi.py', '--cfg-path', '/tmp/tmp7n06791i']
[2026-06-16T12:24:32.696+0000] {standard_task_runner.py:91} INFO - Job 10: Subtask create_bq_table
[2026-06-16T12:24:32.705+0000] {logging_mixin.py:188} WARNING - /home/***/.local/lib/python3.12/site-packages/***/task/task_runner/standard_task_runner.py:62 DeprecationWarning: This process (pid=737) is multi-threaded, use of fork() may lead to deadlocks in the child.
[2026-06-16T12:24:32.706+0000] {standard_task_runner.py:64} INFO - Started process 739 to run task
[2026-06-16T12:24:32.794+0000] {task_command.py:426} INFO - Running <TaskInstance: 08_gcp_taxi.create_bq_table manual__2026-06-16T12:24:31+00:00 [running]> on host d737cea85a57
[2026-06-16T12:24:32.958+0000] {taskinstance.py:2648} INFO - Exporting env vars: AIRFLOW_CTX_DAG_OWNER='***' AIRFLOW_CTX_DAG_ID='08_gcp_taxi' AIRFLOW_CTX_TASK_ID='create_bq_table' AIRFLOW_CTX_EXECUTION_DATE='2026-06-16T12:24:31+00:00' AIRFLOW_CTX_TRY_NUMBER='1' AIRFLOW_CTX_DAG_RUN_ID='manual__2026-06-16T12:24:31+00:00'
[2026-06-16T12:24:32.959+0000] {taskinstance.py:430} INFO - ::endgroup::
[2026-06-16T12:24:34.759+0000] {crypto.py:82} WARNING - empty cryptography key - values will not be stored encrypted.
[2026-06-16T12:24:34.760+0000] {connection.py:274} WARNING - Connection schemes (type: google_cloud_platform) shall not contain '_' according to RFC3986.
[2026-06-16T12:24:34.761+0000] {base.py:84} INFO - Using connection ID 'google_cloud_default' for task execution.
[2026-06-16T12:24:35.328+0000] {logging_mixin.py:188} INFO - BigQuery table verified/created: dtc-de-course-497317.trips_data_all.yellow_tripdata_2019_01
[2026-06-16T12:24:35.328+0000] {python.py:237} INFO - Done. Returned value was: None
[2026-06-16T12:24:35.329+0000] {taskinstance.py:441} INFO - ::group::Post task execution logs
[2026-06-16T12:24:35.344+0000] {taskinstance.py:1206} INFO - Marking task as SUCCESS. dag_id=08_gcp_taxi, task_id=create_bq_table, run_id=manual__2026-06-16T12:24:31+00:00, execution_date=20260616T122431, start_date=20260616T122432, end_date=20260616T122435
[2026-06-16T12:24:35.425+0000] {local_task_job_runner.py:243} INFO - Task exited with return code 0
[2026-06-16T12:24:35.463+0000] {taskinstance.py:3503} INFO - 0 downstream tasks scheduled from follow-on schedule check
[2026-06-16T12:24:35.467+0000] {local_task_job_runner.py:222} INFO - ::endgroup::
