[2026-06-16T12:39:25.397+0000] {local_task_job_runner.py:120} INFO - ::group::Pre task execution logs
[2026-06-16T12:39:25.440+0000] {taskinstance.py:2076} INFO - Dependencies all met for dep_context=non-requeueable deps ti=<TaskInstance: 09_gcp_taxi_scheduled.upload_to_gcs scheduled__2019-02-01T09:00:00+00:00 [queued]>
[2026-06-16T12:39:25.450+0000] {taskinstance.py:2076} INFO - Dependencies all met for dep_context=requeueable deps ti=<TaskInstance: 09_gcp_taxi_scheduled.upload_to_gcs scheduled__2019-02-01T09:00:00+00:00 [queued]>
[2026-06-16T12:39:25.450+0000] {taskinstance.py:2306} INFO - Starting attempt 1 of 1
[2026-06-16T12:39:25.468+0000] {taskinstance.py:2330} INFO - Executing <Task(_PythonDecoratedOperator): upload_to_gcs> on 2019-02-01 09:00:00+00:00
[2026-06-16T12:39:25.476+0000] {standard_task_runner.py:90} INFO - Running: ['***', 'tasks', 'run', '09_gcp_taxi_scheduled', 'upload_to_gcs', 'scheduled__2019-02-01T09:00:00+00:00', '--job-id', '22', '--raw', '--subdir', 'DAGS_FOLDER/dag_09_gcp_taxi_scheduled.py', '--cfg-path', '/tmp/tmp8m0qw0jf']
[2026-06-16T12:39:25.480+0000] {standard_task_runner.py:91} INFO - Job 22: Subtask upload_to_gcs
[2026-06-16T12:39:25.480+0000] {logging_mixin.py:188} WARNING - /home/***/.local/lib/python3.12/site-packages/***/task/task_runner/standard_task_runner.py:62 DeprecationWarning: This process (pid=1841) is multi-threaded, use of fork() may lead to deadlocks in the child.
[2026-06-16T12:39:25.481+0000] {standard_task_runner.py:64} INFO - Started process 1842 to run task
[2026-06-16T12:39:25.555+0000] {task_command.py:426} INFO - Running <TaskInstance: 09_gcp_taxi_scheduled.upload_to_gcs scheduled__2019-02-01T09:00:00+00:00 [running]> on host d737cea85a57
[2026-06-16T12:39:25.705+0000] {taskinstance.py:2648} INFO - Exporting env vars: AIRFLOW_CTX_DAG_OWNER='***' AIRFLOW_CTX_DAG_ID='09_gcp_taxi_scheduled' AIRFLOW_CTX_TASK_ID='upload_to_gcs' AIRFLOW_CTX_EXECUTION_DATE='2019-02-01T09:00:00+00:00' AIRFLOW_CTX_TRY_NUMBER='1' AIRFLOW_CTX_DAG_RUN_ID='scheduled__2019-02-01T09:00:00+00:00'
[2026-06-16T12:39:25.706+0000] {taskinstance.py:430} INFO - ::endgroup::
[2026-06-16T12:39:26.416+0000] {crypto.py:82} WARNING - empty cryptography key - values will not be stored encrypted.
[2026-06-16T12:39:26.416+0000] {connection.py:274} WARNING - Connection schemes (type: google_cloud_platform) shall not contain '_' according to RFC3986.
[2026-06-16T12:39:26.418+0000] {base.py:84} INFO - Using connection ID 'google_cloud_default' for task execution.
[2026-06-16T12:40:31.320+0000] {gcs.py:560} INFO - File /tmp/yellow_tripdata_2019-02.csv uploaded to yellow_tripdata_2019-02.csv in dtc-de-course-497317-terra-bucket bucket
[2026-06-16T12:40:31.321+0000] {logging_mixin.py:188} INFO - Uploaded to gs://dtc-de-course-497317-terra-bucket/yellow_tripdata_2019-02.csv
[2026-06-16T12:40:31.321+0000] {python.py:237} INFO - Done. Returned value was: gs://dtc-de-course-497317-terra-bucket/yellow_tripdata_2019-02.csv
[2026-06-16T12:40:31.323+0000] {taskinstance.py:441} INFO - ::group::Post task execution logs
[2026-06-16T12:40:31.364+0000] {taskinstance.py:1206} INFO - Marking task as SUCCESS. dag_id=09_gcp_taxi_scheduled, task_id=upload_to_gcs, run_id=scheduled__2019-02-01T09:00:00+00:00, execution_date=20190201T090000, start_date=20260616T123925, end_date=20260616T124031
[2026-06-16T12:40:31.430+0000] {local_task_job_runner.py:243} INFO - Task exited with return code 0
[2026-06-16T12:40:31.471+0000] {taskinstance.py:3503} INFO - 1 downstream tasks scheduled from follow-on schedule check
[2026-06-16T12:40:31.475+0000] {local_task_job_runner.py:222} INFO - ::endgroup::
